 kfighter

 Timestamp is 59749996 (Sun Jul 23 13:41:58 2017)

 Preferred load address is 10000000

 Start         Length     Name                   Class
 0001:00000000 00077560H .text$mn                CODE
 0001:00077560 000000dbH .text$x                 CODE
 0002:00000000 00000158H .idata$5                DATA
 0002:00000158 00000004H .00cfg                  DATA
 0002:0000015c 00000004H .CRT$XCA                DATA
 0002:00000160 00000004H .CRT$XCZ                DATA
 0002:00000164 00000004H .CRT$XIA                DATA
 0002:00000168 0000000cH .CRT$XIC                DATA
 0002:00000174 00000004H .CRT$XIZ                DATA
 0002:00000178 00000004H .CRT$XPA                DATA
 0002:0000017c 00000008H .CRT$XPX                DATA
 0002:00000184 00000004H .CRT$XPXA               DATA
 0002:00000188 00000004H .CRT$XPZ                DATA
 0002:0000018c 00000004H .CRT$XTA                DATA
 0002:00000190 00000010H .CRT$XTZ                DATA
 0002:00000194 00000000H .gfids$y                DATA
 0002:000001a0 0001ae10H .rdata                  DATA
 0002:0001afb0 000002a0H .rdata$r                DATA
 0002:0001b250 00000028H .rdata$sxdata           DATA
 0002:0001b278 000002e0H .rdata$zzzdbg           DATA
 0002:0001b558 00000004H .rtc$IAA                DATA
 0002:0001b55c 00000004H .rtc$IZZ                DATA
 0002:0001b560 00000004H .rtc$TAA                DATA
 0002:0001b564 00000004H .rtc$TZZ                DATA
 0002:0001b568 00000b78H .xdata$x                DATA
 0002:0001c0e0 00000054H .edata                  DATA
 0002:0001c134 00000014H .idata$2                DATA
 0002:0001c148 00000014H .idata$3                DATA
 0002:0001c15c 00000158H .idata$4                DATA
 0002:0001c2b4 0000065cH .idata$6                DATA
 0003:00000000 00000800H .data                   DATA
 0003:00000800 00000110H .data$r                 DATA
 0003:00000910 00001328H .bss                    DATA

  Address         Publics by Value              Rva+Base       Lib:Object

 0000:00000000       ___guard_iat_count         00000000     <absolute>
 0000:00000000       ___guard_iat_table         00000000     <absolute>
 0000:00000000       ___dynamic_value_reloc_table 00000000     <absolute>
 0000:00000000       ___guard_longjmp_count     00000000     <absolute>
 0000:00000000       __except_list              00000000     <absolute>
 0000:00000000       ___guard_fids_count        00000000     <absolute>
 0000:00000000       ___guard_fids_table        00000000     <absolute>
 0000:00000000       ___guard_longjmp_table     00000000     <absolute>
 0000:0000000a       ___safe_se_handler_count   0000000a     <absolute>
 0000:00000100       ___guard_flags             00000100     <absolute>
 0000:00000000       ___ImageBase               10000000     <linker-defined>
 0001:00000000       ?gameUpdateAndRenderStub@@YAXMPAUGameMemory@@PAUGameInput@@PAUGameOffscreenBuffer@@@Z 10001000 f   kfighter.obj
 0001:00000010       ?gameUpdateAndRender@@YAXMPAUGameMemory@@PAUGameInput@@PAUGameOffscreenBuffer@@@Z 10001010 f   kfighter.obj
 0001:00007040       ??8@YA_NUv2@@0@Z           10008040 f i kfighter.obj
 0001:000070a0       ??D@YA?AUv2@@MU0@@Z        100080a0 f i kfighter.obj
 0001:000070d0       ??D@YA?AUv2@@U0@M@Z        100080d0 f i kfighter.obj
 0001:00007110       ??G@YA?AUv2@@U0@0@Z        10008110 f i kfighter.obj
 0001:00007160       ??G@YA?AUv2@@U0@@Z         10008160 f i kfighter.obj
 0001:000071a0       ??H@YA?AUv2@@U0@0@Z        100081a0 f i kfighter.obj
 0001:000071d0       ??H@YA?AUv2@@U0@@Z         100081d0 f i kfighter.obj
 0001:000071e0       ??K@YA?AUv2@@U0@M@Z        100081e0 f i kfighter.obj
 0001:00007240       ??X@YAAAUv2@@AAU0@M@Z      10008240 f i kfighter.obj
 0001:00007280       ??Y@YAAAUv2@@AAU0@U0@@Z    10008280 f i kfighter.obj
 0001:000072c0       ??Z@YAAAUv2@@AAU0@U0@@Z    100082c0 f i kfighter.obj
 0001:00007300       ?V2@@YA?AUv2@@MM@Z         10008300 f i kfighter.obj
 0001:00007330       ?cross@@YAMUv2@@0@Z        10008330 f i kfighter.obj
 0001:00007360       ?dot@@YAMUv2@@0@Z          10008360 f i kfighter.obj
 0001:000073a0       ?mag@@YAMUv2@@@Z           100083a0 f i kfighter.obj
 0001:000073c0       ?norm@@YA?AUv2@@U1@@Z      100083c0 f i kfighter.obj
 0001:00007450       ?perp@@YA?AUv2@@U1@@Z      10008450 f i kfighter.obj
 0001:00007490       ?rotate@@YA?AUv2@@U1@M@Z   10008490 f i kfighter.obj
 0001:00007550       ?sqr@@YAMM@Z               10008550 f i kfighter.obj
 0001:00007570       ?sqrmag@@YAMUv2@@@Z        10008570 f i kfighter.obj
 0001:000075d0       _cosf                      100085d0 f i kfighter.obj
 0001:000075f0       _fabsf                     100085f0 f i kfighter.obj
 0001:00007610       _sinf                      10008610 f i kfighter.obj
 0001:00007630       _sqrtf                     10008630 f i kfighter.obj
 0001:00007650       @__security_check_cookie@4 10008650 f   LIBCMTD:_secchk_.obj
 0001:00007b10       __CRT_INIT@12              10008b10 f   LIBCMTD:dll_dllmain.obj
 0001:00007b30       __DllMainCRTStartup@12     10008b30 f   LIBCMTD:dll_dllmain.obj
 0001:00007b60       ___raise_securityfailure   10008b60 f   LIBCMTD:gs_report.obj
 0001:00007b90       ___report_gsfailure        10008b90 f   LIBCMTD:gs_report.obj
 0001:00007ca0       ___report_rangecheckfailure 10008ca0 f   LIBCMTD:gs_report.obj
 0001:00007cb0       ___report_securityfailure  10008cb0 f   LIBCMTD:gs_report.obj
 0001:00007d90       ___report_securityfailureEx 10008d90 f   LIBCMTD:gs_report.obj
 0001:00007ec0       ___security_init_cookie    10008ec0 f   LIBCMTD:gs_support.obj
 0001:00007fa0       _DllMain@12                10008fa0 f   LIBCMTD:dll_dllmain_stub.obj
 0001:00007fb0       ?__scrt_initialize_type_info@@YAXXZ 10008fb0 f   LIBCMTD:tncleanup.obj
 0001:00007fc0       ?__scrt_uninitialize_type_info@@YAXXZ 10008fc0 f   LIBCMTD:tncleanup.obj
 0001:00007fe0       ___local_stdio_printf_options 10008fe0 f i LIBCMTD:default_local_stdio_options.obj
 0001:00007ff0       ___local_stdio_scanf_options 10008ff0 f i LIBCMTD:default_local_stdio_options.obj
 0001:00008000       ___scrt_initialize_default_local_stdio_options 10009000 f   LIBCMTD:default_local_stdio_options.obj
 0001:00008040       ??$__crt_fast_decode_pointer@PAP6AXXZ@@YAPAP6AXXZQAP6AXXZ@Z 10009040 f i LIBCMTD:utility.obj
 0001:00008070       ??$__crt_fast_encode_pointer@PAP6AXXZ@@YAPAP6AXXZQAP6AXXZ@Z 10009070 f i LIBCMTD:utility.obj
 0001:000080a0       ?__crt_rotate_pointer_value@@YAIIH@Z 100090a0 f i LIBCMTD:utility.obj
 0001:000080b0       ?configure_argv@__scrt_narrow_argv_policy@@SAHXZ 100090b0 f i LIBCMTD:utility.obj
 0001:000081d0       _NtCurrentTeb              100091d0 f i LIBCMTD:utility.obj
 0001:000081e0       ___scrt_acquire_startup_lock 100091e0 f   LIBCMTD:utility.obj
 0001:00008230       ___scrt_dllmain_after_initialize_c 10009230 f   LIBCMTD:utility.obj
 0001:00008260       ___scrt_dllmain_before_initialize_c 10009260 f   LIBCMTD:utility.obj
 0001:00008280       ___scrt_dllmain_crt_thread_attach 10009280 f   LIBCMTD:utility.obj
 0001:000082b0       ___scrt_dllmain_crt_thread_detach 100092b0 f   LIBCMTD:utility.obj
 0001:000082d0       ___scrt_dllmain_exception_filter 100092d0 f   LIBCMTD:utility.obj
 0001:00008320       ___scrt_dllmain_uninitialize_c 10009320 f   LIBCMTD:utility.obj
 0001:00008350       ___scrt_dllmain_uninitialize_critical 10009350 f   LIBCMTD:utility.obj
 0001:00008370       ___scrt_initialize_crt     10009370 f   LIBCMTD:utility.obj
 0001:000083c0       ___scrt_initialize_onexit_tables 100093c0 f   LIBCMTD:utility.obj
 0001:000084a0       ___scrt_is_nonwritable_in_current_image 100094a0 f   LIBCMTD:utility.obj
 0001:000085d0       ___scrt_release_startup_lock 100095d0 f   LIBCMTD:utility.obj
 0001:00008600       ___scrt_uninitialize_crt   10009600 f   LIBCMTD:utility.obj
 0001:00008640       __onexit                   10009640 f   LIBCMTD:utility.obj
 0001:000086b0       _at_quick_exit             100096b0 f   LIBCMTD:utility.obj
 0001:00008700       _atexit                    10009700 f   LIBCMTD:utility.obj
 0001:00008730       ___scrt_get_dyn_tls_init_callback 10009730 f   LIBCMTD:dyn_tls_init.obj
 0001:00008740       ___scrt_fastfail           10009740 f   LIBCMTD:utility_desktop.obj
 0001:00008880       ___scrt_get_show_window_mode 10009880 f   LIBCMTD:utility_desktop.obj
 0001:000088c0       ___scrt_initialize_winrt   100098c0 f   LIBCMTD:utility_desktop.obj
 0001:000088d0       ___scrt_is_managed_app     100098d0 f   LIBCMTD:utility_desktop.obj
 0001:00008960       ___scrt_set_unhandled_exception_filter 10009960 f   LIBCMTD:utility_desktop.obj
 0001:00008970       ___scrt_unhandled_exception_filter@4 10009970 f   LIBCMTD:utility_desktop.obj
 0001:000089d0       __crt_debugger_hook        100099d0 f   LIBCMTD:utility_desktop.obj
 0001:000089e0       __RTC_Initialize           100099e0 f   LIBCMTD:_initsect_.obj
 0001:00008a10       __RTC_Terminate            10009a10 f   LIBCMTD:_initsect_.obj
 0001:00008a40       @_guard_check_icall@4      10009a40 f i LIBCMTD:checkcfg.obj
 0001:00008a60       ___isa_available_init      10009a60 f   LIBCMTD:_cpu_disp_.obj
 0001:00008d40       __get_startup_argv_mode    10009d40 f   LIBCMTD:argv_mode.obj
 0001:00008d50       ___scrt_is_ucrt_dll_in_use 10009d50 f   LIBCMTD:ucrt_detection.obj
 0001:00008d80       @_guard_check_icall_nop@4  10009d80 f i LIBCMTD:guard_support.obj
 0001:00008d90       __guard_icall_checks_enforced 10009d90 f i LIBCMTD:guard_support.obj
 0001:00008db8       _UnhandledExceptionFilter@4 10009db8 f   kernel32:KERNEL32.dll
 0001:00008dbe       _SetUnhandledExceptionFilter@4 10009dbe f   kernel32:KERNEL32.dll
 0001:00008dc4       _GetCurrentProcess@0       10009dc4 f   kernel32:KERNEL32.dll
 0001:00008dca       _TerminateProcess@8        10009dca f   kernel32:KERNEL32.dll
 0001:00008dd0       _IsProcessorFeaturePresent@4 10009dd0 f   kernel32:KERNEL32.dll
 0001:00008dd6       _QueryPerformanceCounter@4 10009dd6 f   kernel32:KERNEL32.dll
 0001:00008ddc       _GetCurrentProcessId@0     10009ddc f   kernel32:KERNEL32.dll
 0001:00008de2       _GetCurrentThreadId@0      10009de2 f   kernel32:KERNEL32.dll
 0001:00008de8       _GetSystemTimeAsFileTime@4 10009de8 f   kernel32:KERNEL32.dll
 0001:00008dee       _InitializeSListHead@4     10009dee f   kernel32:KERNEL32.dll
 0001:00008df4       _IsDebuggerPresent@0       10009df4 f   kernel32:KERNEL32.dll
 0001:00008dfa       _GetStartupInfoW@4         10009dfa f   kernel32:KERNEL32.dll
 0001:00008e00       _GetModuleHandleW@4        10009e00 f   kernel32:KERNEL32.dll
 0001:00008e70       __except_handler4          10009e70 f   libvcruntimed:_chandler4_.obj
 0001:00009060       ??$?RD@__crt_internal_free_policy@@QBEXQBD@Z 1000a060 f i libvcruntimed:std_type_info.obj
 0001:00009080       ??$?RX@__crt_internal_free_policy@@QBEXQBX@Z 1000a080 f i libvcruntimed:std_type_info.obj
 0001:000090a0       ??$__crt_interlocked_compare_exchange_pointer@$$CBDPAD$$T@@YAPBDPDSBDQAD$$T@Z 1000a0a0 f i libvcruntimed:std_type_info.obj
 0001:000090c0       ??$__crt_interlocked_read_pointer@$$CBD@@YAPBDPDSBD@Z 1000a0c0 f i libvcruntimed:std_type_info.obj
 0001:000090e0       ??0?$__crt_unique_heap_ptr@DU__crt_internal_free_policy@@@@QAE@QAD@Z 1000a0e0 f i libvcruntimed:std_type_info.obj
 0001:00009100       ??0?$__crt_unique_heap_ptr@XU__crt_internal_free_policy@@@@QAE@QAX@Z 1000a100 f i libvcruntimed:std_type_info.obj
 0001:00009120       ??1?$__crt_unique_heap_ptr@DU__crt_internal_free_policy@@@@QAE@XZ 1000a120 f i libvcruntimed:std_type_info.obj
 0001:00009140       ??1?$__crt_unique_heap_ptr@XU__crt_internal_free_policy@@@@QAE@XZ 1000a140 f i libvcruntimed:std_type_info.obj
 0001:00009180       ??B?$__crt_unique_heap_ptr@DU__crt_internal_free_policy@@@@QBE_NXZ 1000a180 f i libvcruntimed:std_type_info.obj
 0001:000091a0       ??B?$__crt_unique_heap_ptr@XU__crt_internal_free_policy@@@@QBE_NXZ 1000a1a0 f i libvcruntimed:std_type_info.obj
 0001:00009210       ?__crt_interlocked_read_32@@YAHPDH@Z 1000a210 f i libvcruntimed:std_type_info.obj
 0001:00009230       ?detach@?$__crt_unique_heap_ptr@XU__crt_internal_free_policy@@@@QAEPAXXZ 1000a230 f i libvcruntimed:std_type_info.obj
 0001:00009260       ?get@?$__crt_unique_heap_ptr@DU__crt_internal_free_policy@@@@QBEPADXZ 1000a260 f i libvcruntimed:std_type_info.obj
 0001:00009270       ?get@?$__crt_unique_heap_ptr@XU__crt_internal_free_policy@@@@QBEPAXXZ 1000a270 f i libvcruntimed:std_type_info.obj
 0001:00009280       ?is_valid@?$__crt_unique_heap_ptr@DU__crt_internal_free_policy@@@@QBE_NXZ 1000a280 f i libvcruntimed:std_type_info.obj
 0001:000092b0       ?is_valid@?$__crt_unique_heap_ptr@XU__crt_internal_free_policy@@@@QBE_NXZ 1000a2b0 f i libvcruntimed:std_type_info.obj
 0001:000092e0       ?release@?$__crt_unique_heap_ptr@DU__crt_internal_free_policy@@@@QAEXXZ 1000a2e0 f i libvcruntimed:std_type_info.obj
 0001:00009310       ?release@?$__crt_unique_heap_ptr@XU__crt_internal_free_policy@@@@QAEXXZ 1000a310 f i libvcruntimed:std_type_info.obj
 0001:00009340       ___std_type_info_compare   1000a340 f   libvcruntimed:std_type_info.obj
 0001:00009370       ___std_type_info_destroy_list 1000a370 f   libvcruntimed:std_type_info.obj
 0001:000093b0       ___std_type_info_hash      1000a3b0 f   libvcruntimed:std_type_info.obj
 0001:00009410       ___std_type_info_name      1000a410 f   libvcruntimed:std_type_info.obj
 0001:000095f0       ___vcrt_initialize         1000a5f0 f   libvcruntimed:initialization.obj
 0001:00009630       ___vcrt_thread_attach      1000a630 f   libvcruntimed:initialization.obj
 0001:00009650       ___vcrt_thread_detach      1000a650 f   libvcruntimed:initialization.obj
 0001:00009670       ___vcrt_uninitialize       1000a670 f   libvcruntimed:initialization.obj
 0001:00009690       ___vcrt_uninitialize_critical 1000a690 f   libvcruntimed:initialization.obj
 0001:000096b0       _memset                    1000a6b0 f   libvcruntimed:memset.obj
 0001:00009810       __local_unwind4            1000a810 f   libvcruntimed:_exsup4_.obj
 0001:000098e6       __seh_longjmp_unwind4@4    1000a8e6 f   libvcruntimed:_exsup4_.obj
 0001:0000990e       @_EH4_CallFilterFunc@8     1000a90e f   libvcruntimed:_exsup4_.obj
 0001:00009925       @_EH4_TransferToHandler@8  1000a925 f   libvcruntimed:_exsup4_.obj
 0001:0000993e       @_EH4_GlobalUnwind2@8      1000a93e f   libvcruntimed:_exsup4_.obj
 0001:00009957       @_EH4_LocalUnwind@16       1000a957 f   libvcruntimed:_exsup4_.obj
 0001:00009970       _ReadNoFence               1000a970 f i libvcruntimed:jbcxrval.obj
 0001:00009990       _ReadPointerNoFence        1000a990 f i libvcruntimed:jbcxrval.obj
 0001:000099b0       ___except_validate_context_record 1000a9b0 f   libvcruntimed:jbcxrval.obj
 0001:00009a00       ___except_validate_jump_buffer 1000aa00 f   libvcruntimed:jbcxrval.obj
 0001:00009a50       ??$__vcrt_va_start_verify_argument_type@QBD@@YAXXZ 1000aa50 f i libvcruntimed:undname.obj
 0001:00009a60       ??0Block@_HeapManager@@QAE@XZ 1000aa60 f i libvcruntimed:undname.obj
 0001:00009a80       ??0DName@@QAE@AAPBDD@Z     1000aa80 f   libvcruntimed:undname.obj
 0001:00009cb0       ??0DName@@QAE@ABV0@@Z      1000acb0 f i libvcruntimed:undname.obj
 0001:00009ce0       ??0DName@@QAE@D@Z          1000ace0 f   libvcruntimed:undname.obj
 0001:00009d20       ??0DName@@QAE@PAV0@@Z      1000ad20 f   libvcruntimed:undname.obj
 0001:00009dd0       ??0DName@@QAE@PBD@Z        1000add0 f   libvcruntimed:undname.obj
 0001:00009e20       ??0DName@@QAE@W4DNameStatus@@@Z 1000ae20 f   libvcruntimed:undname.obj
 0001:00009ec0       ??0DName@@QAE@XZ           1000aec0 f i libvcruntimed:undname.obj
 0001:00009ef0       ??0DName@@QAE@_J@Z         1000aef0 f   libvcruntimed:undname.obj
 0001:00009fe0       ??0DName@@QAE@_K@Z         1000afe0 f   libvcruntimed:undname.obj
 0001:0000a090       ??0DNameNode@@IAE@XZ       1000b090 f   libvcruntimed:undname.obj
 0001:0000a0b0       ??0DNameStatusNode@@AAE@W4DNameStatus@@@Z 1000b0b0 f   libvcruntimed:undname.obj
 0001:0000a100       ??0Replicator@@QAE@XZ      1000b100 f i libvcruntimed:undname.obj
 0001:0000a120       ??0UnDecorator@@QAE@PADPBDHP6APADJ@ZK@Z 1000b120 f i libvcruntimed:undname.obj
 0001:0000a1c0       ??0charNode@@QAE@D@Z       1000b1c0 f   libvcruntimed:undname.obj
 0001:0000a1f0       ??0pDNameNode@@QAE@PAVDName@@@Z 1000b1f0 f   libvcruntimed:undname.obj
 0001:0000a250       ??0pairNode@@QAE@PAVDNameNode@@0@Z 1000b250 f   libvcruntimed:undname.obj
 0001:0000a290       ??0pcharNode@@QAE@PBDH@Z   1000b290 f   libvcruntimed:undname.obj
 0001:0000a330       ??2@YAPAXIAAV_HeapManager@@H@Z 1000b330 f i libvcruntimed:undname.obj
 0001:0000a350       ??4DName@@QAEAAV0@ABV0@@Z  1000b350 f   libvcruntimed:undname.obj
 0001:0000a380       ??4DName@@QAEAAV0@D@Z      1000b380 f i libvcruntimed:undname.obj
 0001:0000a3c0       ??4DName@@QAEAAV0@PAV0@@Z  1000b3c0 f   libvcruntimed:undname.obj
 0001:0000a460       ??4DName@@QAEAAV0@PBD@Z    1000b460 f   libvcruntimed:undname.obj
 0001:0000a4a0       ??4DName@@QAEAAV0@W4DNameStatus@@@Z 1000b4a0 f   libvcruntimed:undname.obj
 0001:0000a520       ??AReplicator@@QBE?AVDName@@H@Z 1000b520 f   libvcruntimed:undname.obj
 0001:0000a590       ??BUnDecorator@@QAEPADXZ   1000b590 f i libvcruntimed:undname.obj
 0001:0000a840       ??H@YA?AVDName@@DABV0@@Z   1000b840 f i libvcruntimed:undname.obj
 0001:0000a870       ??H@YA?AVDName@@PBDABV0@@Z 1000b870 f i libvcruntimed:undname.obj
 0001:0000a8a0       ??H@YA?AVDName@@W4DNameStatus@@ABV0@@Z 1000b8a0 f i libvcruntimed:undname.obj
 0001:0000a8d0       ??HDName@@QBE?AV0@ABV0@@Z  1000b8d0 f   libvcruntimed:undname.obj
 0001:0000a910       ??HDName@@QBE?AV0@D@Z      1000b910 f   libvcruntimed:undname.obj
 0001:0000a950       ??HDName@@QBE?AV0@PAV0@@Z  1000b950 f   libvcruntimed:undname.obj
 0001:0000a990       ??HDName@@QBE?AV0@PBD@Z    1000b990 f   libvcruntimed:undname.obj
 0001:0000a9d0       ??HDName@@QBE?AV0@W4DNameStatus@@@Z 1000b9d0 f   libvcruntimed:undname.obj
 0001:0000aa10       ??YDName@@QAEAAV0@ABV0@@Z  1000ba10 f   libvcruntimed:undname.obj
 0001:0000aa80       ??YDName@@QAEAAV0@D@Z      1000ba80 f   libvcruntimed:undname.obj
 0001:0000ab00       ??YDName@@QAEAAV0@PAV0@@Z  1000bb00 f   libvcruntimed:undname.obj
 0001:0000abb0       ??YDName@@QAEAAV0@PBD@Z    1000bbb0 f   libvcruntimed:undname.obj
 0001:0000ac50       ??YDName@@QAEAAV0@W4DNameStatus@@@Z 1000bc50 f   libvcruntimed:undname.obj
 0001:0000acb0       ??YReplicator@@QAEAAV0@ABVDName@@@Z 1000bcb0 f   libvcruntimed:undname.obj
 0001:0000ad40       ??_5DName@@QAEAAV0@ABV0@@Z 1000bd40 f   libvcruntimed:undname.obj
 0001:0000ada0       ?Constructor@_HeapManager@@QAEXP6APAXI@ZP6AXPAX@Z@Z 1000bda0 f i libvcruntimed:undname.obj
 0001:0000ade0       ?Destructor@_HeapManager@@QAEXXZ 1000bde0 f i libvcruntimed:undname.obj
 0001:0000ae40       ?UScore@UnDecorator@@SAPBDW4Tokens@@@Z 1000be40 f   libvcruntimed:undname.obj
 0001:0000ae70       ?append@DName@@AAEXPAVDNameNode@@@Z 1000be70 f   libvcruntimed:undname.obj
 0001:0000af00       ?composeDeclaration@UnDecorator@@CA?AVDName@@ABV2@@Z 1000bf00 f i libvcruntimed:undname.obj
 0001:0000cb90       ?dbGetString@DName@@QBEPADXZ 1000db90 f   libvcruntimed:undname.obj
 0001:0000cbb0       ?doAccessSpecifiers@UnDecorator@@SAHXZ 1000dbb0 f i libvcruntimed:undname.obj
 0001:0000cbe0       ?doAllocationLanguage@UnDecorator@@SAHXZ 1000dbe0 f i libvcruntimed:undname.obj
 0001:0000cc10       ?doAllocationModel@UnDecorator@@SAHXZ 1000dc10 f i libvcruntimed:undname.obj
 0001:0000cc40       ?doEcsu@UnDecorator@@SAHXZ 1000dc40 f i libvcruntimed:undname.obj
 0001:0000cc70       ?doEllipsis@UnDecorator@@SAHXZ 1000dc70 f i libvcruntimed:undname.obj
 0001:0000cca0       ?doFunctionReturns@UnDecorator@@SAHXZ 1000dca0 f i libvcruntimed:undname.obj
 0001:0000ccd0       ?doMSKeywords@UnDecorator@@SAHXZ 1000dcd0 f i libvcruntimed:undname.obj
 0001:0000cd00       ?doMemberTypes@UnDecorator@@SAHXZ 1000dd00 f i libvcruntimed:undname.obj
 0001:0000cd30       ?doNameOnly@UnDecorator@@SAHXZ 1000dd30 f i libvcruntimed:undname.obj
 0001:0000cd40       ?doNoIdentCharCheck@UnDecorator@@SAHXZ 1000dd40 f i libvcruntimed:undname.obj
 0001:0000cd50       ?doPchar@DName@@AAEXPBDH@Z 1000dd50 f   libvcruntimed:undname.obj
 0001:0000ce90       ?doPtr64@UnDecorator@@SAHXZ 1000de90 f i libvcruntimed:undname.obj
 0001:0000cec0       ?doRestrictionSpec@UnDecorator@@SAHXZ 1000dec0 f i libvcruntimed:undname.obj
 0001:0000cef0       ?doThisTypes@UnDecorator@@SAHXZ 1000def0 f i libvcruntimed:undname.obj
 0001:0000cf20       ?doThrowTypes@UnDecorator@@SAHXZ 1000df20 f i libvcruntimed:undname.obj
 0001:0000cf50       ?doTypeOnly@UnDecorator@@SAHXZ 1000df50 f i libvcruntimed:undname.obj
 0001:0000cf60       ?doUnderScore@UnDecorator@@SAHXZ 1000df60 f i libvcruntimed:undname.obj
 0001:0000cf90       ?getArgumentList@UnDecorator@@CA?AVDName@@XZ 1000df90 f   libvcruntimed:undname.obj
 0001:0000d0e0       ?getArgumentTypes@UnDecorator@@CA?AVDName@@XZ 1000e0e0 f   libvcruntimed:undname.obj
 0001:0000d240       ?getArrayType@UnDecorator@@CA?AVDName@@ABV2@@Z 1000e240 f i libvcruntimed:undname.obj
 0001:0000d480       ?getBasedType@UnDecorator@@CA?AVDName@@XZ 1000e480 f   libvcruntimed:undname.obj
 0001:0000d540       ?getBasicDataType@UnDecorator@@CA?AVDName@@ABV2@@Z 1000e540 f   libvcruntimed:undname.obj
 0001:0000db30       ?getCallIndex@UnDecorator@@CA?AVDName@@XZ 1000eb30 f i libvcruntimed:undname.obj
 0001:0000db50       ?getCallingConvention@UnDecorator@@CA?AVDName@@XZ 1000eb50 f   libvcruntimed:undname.obj
 0001:0000dce0       ?getDataIndirectType@UnDecorator@@CA?AVDName@@ABV2@PBD0H@Z 1000ece0 f   libvcruntimed:undname.obj
 0001:0000e4a0       ?getDataIndirectType@UnDecorator@@CA?AVDName@@XZ 1000f4a0 f i libvcruntimed:undname.obj
 0001:0000e4e0       ?getDataType@UnDecorator@@CA?AVDName@@PAV2@@Z 1000f4e0 f   libvcruntimed:undname.obj
 0001:0000e600       ?getDecoratedName@UnDecorator@@CA?AVDName@@XZ 1000f600 f   libvcruntimed:undname.obj
 0001:0000e920       ?getDimension@UnDecorator@@CA?AVDName@@_N@Z 1000f920 f   libvcruntimed:undname.obj
 0001:0000ebd0       ?getDispatchTarget@UnDecorator@@CA?AVDName@@XZ 1000fbd0 f   libvcruntimed:undname.obj
 0001:0000ec70       ?getDisplacement@UnDecorator@@CA?AVDName@@XZ 1000fc70 f i libvcruntimed:undname.obj
 0001:0000ec90       ?getECSUDataType@UnDecorator@@CA?AVDName@@XZ 1000fc90 f   libvcruntimed:undname.obj
 0001:0000ee60       ?getECSUName@UnDecorator@@CA?AVDName@@XZ 1000fe60 f i libvcruntimed:undname.obj
 0001:0000ee80       ?getEnumType@UnDecorator@@CA?AVDName@@XZ 1000fe80 f i libvcruntimed:undname.obj
 0001:0000efd0       ?getExtendedDataIndirectType@UnDecorator@@CA?AVDName@@AAPBDAA_NH@Z 1000ffd0 f   libvcruntimed:undname.obj
 0001:0000f220       ?getExternalDataType@UnDecorator@@CA?AVDName@@ABV2@@Z 10010220 f i libvcruntimed:undname.obj
 0001:0000f2b0       ?getFunctionIndirectType@UnDecorator@@CA?AVDName@@ABV2@@Z 100102b0 f   libvcruntimed:undname.obj
 0001:0000f740       ?getGuardNumber@UnDecorator@@CA?AVDName@@XZ 10010740 f i libvcruntimed:undname.obj
 0001:0000f760       ?getLastChar@DName@@QBEDXZ 10010760 f i libvcruntimed:undname.obj
 0001:0000f7a0       ?getLastChar@DNameStatusNode@@UBEDXZ 100107a0 f i libvcruntimed:undname.obj
 0001:0000f7d0       ?getLastChar@charNode@@UBEDXZ 100107d0 f i libvcruntimed:undname.obj
 0001:0000f7f0       ?getLastChar@pDNameNode@@UBEDXZ 100107f0 f i libvcruntimed:undname.obj
 0001:0000f820       ?getLastChar@pairNode@@UBEDXZ 10010820 f i libvcruntimed:undname.obj
 0001:0000f890       ?getLastChar@pcharNode@@UBEDXZ 10010890 f i libvcruntimed:undname.obj
 0001:0000f8d0       ?getLexicalFrame@UnDecorator@@CA?AVDName@@XZ 100108d0 f i libvcruntimed:undname.obj
 0001:0000f910       ?getMemory@_HeapManager@@QAEPAXIH@Z 10010910 f   libvcruntimed:undname.obj
 0001:0000fa30       ?getNumberOfDimensions@UnDecorator@@CAHXZ 10010a30 f   libvcruntimed:undname.obj
 0001:0000fb30       ?getOperatorName@UnDecorator@@CA?AVDName@@_NPA_N@Z 10010b30 f i libvcruntimed:undname.obj
 0001:00010560       ?getPointerType@UnDecorator@@CA?AVDName@@ABV2@0@Z 10011560 f i libvcruntimed:undname.obj
 0001:00010590       ?getPointerTypeArray@UnDecorator@@CA?AVDName@@ABV2@0@Z 10011590 f i libvcruntimed:undname.obj
 0001:000105c0       ?getPrimaryDataType@UnDecorator@@CA?AVDName@@ABV2@@Z 100115c0 f   libvcruntimed:undname.obj
 0001:000109c0       ?getPtrRefDataType@UnDecorator@@CA?AVDName@@ABV2@H@Z 100119c0 f   libvcruntimed:undname.obj
 0001:00010bf0       ?getPtrRefType@UnDecorator@@CA?AVDName@@ABV2@0PBD@Z 10011bf0 f   libvcruntimed:undname.obj
 0001:00010d60       ?getReferenceType@UnDecorator@@CA?AVDName@@ABV2@0PBD@Z 10011d60 f i libvcruntimed:undname.obj
 0001:00010d80       ?getRestrictionSpec@UnDecorator@@CA?AVDName@@XZ 10011d80 f   libvcruntimed:undname.obj
 0001:00010ed0       ?getReturnType@UnDecorator@@CA?AVDName@@PAV2@@Z 10011ed0 f   libvcruntimed:undname.obj
 0001:00010f30       ?getScope@UnDecorator@@CA?AVDName@@XZ 10011f30 f   libvcruntimed:undname.obj
 0001:00011420       ?getScopedName@UnDecorator@@CA?AVDName@@XZ 10012420 f   libvcruntimed:undname.obj
 0001:00011540       ?getSignedDimension@UnDecorator@@CA?AVDName@@XZ 10012540 f   libvcruntimed:undname.obj
 0001:000115c0       ?getStorageConvention@UnDecorator@@CA?AVDName@@XZ 100125c0 f i libvcruntimed:undname.obj
 0001:000115e0       ?getString@DName@@QBEPADPAD0@Z 100125e0 f i libvcruntimed:undname.obj
 0001:00011630       ?getString@DName@@QBEPADPADH@Z 10012630 f i libvcruntimed:undname.obj
 0001:000116c0       ?getString@DNameStatusNode@@UBEPADPAD0@Z 100126c0 f i libvcruntimed:undname.obj
 0001:00011700       ?getString@charNode@@UBEPADPAD0@Z 10012700 f i libvcruntimed:undname.obj
 0001:00011730       ?getString@pDNameNode@@UBEPADPAD0@Z 10012730 f i libvcruntimed:undname.obj
 0001:00011770       ?getString@pairNode@@UBEPADPAD0@Z 10012770 f i libvcruntimed:undname.obj
 0001:000117f0       ?getString@pcharNode@@UBEPADPAD0@Z 100127f0 f i libvcruntimed:undname.obj
 0001:00011820       ?getStringEncoding@UnDecorator@@CA?AVDName@@PBDH@Z 10012820 f   libvcruntimed:undname.obj
 0001:00011930       ?getStringHelper@@YAPADPADPBD1H@Z 10012930 f i libvcruntimed:undname.obj
 0001:00011970       ?getSymbolName@UnDecorator@@CA?AVDName@@XZ 10012970 f i libvcruntimed:undname.obj
 0001:00011a00       ?getTemplateArgumentList@UnDecorator@@CA?AVDName@@XZ 10012a00 f   libvcruntimed:undname.obj
 0001:00011df0       ?getTemplateConstant@UnDecorator@@CA?AVDName@@XZ 10012df0 f   libvcruntimed:undname.obj
 0001:000123a0       ?getTemplateName@UnDecorator@@CA?AVDName@@_N@Z 100133a0 f   libvcruntimed:undname.obj
 0001:00012570       ?getThisType@UnDecorator@@CA?AVDName@@XZ 10013570 f i libvcruntimed:undname.obj
 0001:000125b0       ?getThrowTypes@UnDecorator@@CA?AVDName@@XZ 100135b0 f   libvcruntimed:undname.obj
 0001:00012660       ?getTypeEncoding@UnDecorator@@CAHXZ 10013660 f i libvcruntimed:undname.obj
 0001:000130a0       ?getVCallThunkType@UnDecorator@@CA?AVDName@@XZ 100140a0 f i libvcruntimed:undname.obj
 0001:00013100       ?getVbTableType@UnDecorator@@CA?AVDName@@ABV2@@Z 10014100 f i libvcruntimed:undname.obj
 0001:00013120       ?getVdispMapType@UnDecorator@@CA?AVDName@@ABV2@@Z 10014120 f i libvcruntimed:undname.obj
 0001:00013190       ?getVfTableType@UnDecorator@@CA?AVDName@@ABV2@@Z 10014190 f i libvcruntimed:undname.obj
 0001:00013350       ?getZName@UnDecorator@@CA?AVDName@@_N0@Z 10014350 f   libvcruntimed:undname.obj
 0001:00013620       ?haveTemplateParameters@UnDecorator@@SAHXZ 10014620 f i libvcruntimed:undname.obj
 0001:00013630       ?isArray@DName@@QBEHXZ     10014630 f i libvcruntimed:undname.obj
 0001:00013650       ?isComArray@DName@@QBEHXZ  10014650 f i libvcruntimed:undname.obj
 0001:00013670       ?isEmpty@DName@@QBEHXZ     10014670 f i libvcruntimed:undname.obj
 0001:000136a0       ?isFull@Replicator@@QBEHXZ 100146a0 f i libvcruntimed:undname.obj
 0001:000136d0       ?isNoTE@DName@@QBEHXZ      100146d0 f i libvcruntimed:undname.obj
 0001:000136f0       ?isPinPtr@DName@@QBEHXZ    100146f0 f i libvcruntimed:undname.obj
 0001:00013710       ?isPtrRef@DName@@QBEHXZ    10014710 f i libvcruntimed:undname.obj
 0001:00013730       ?isUDC@DName@@QBEHXZ       10014730 f i libvcruntimed:undname.obj
 0001:00013770       ?isUDTThunk@DName@@QBEHXZ  10014770 f i libvcruntimed:undname.obj
 0001:000137b0       ?isVCallThunk@DName@@QBEHXZ 100147b0 f i libvcruntimed:undname.obj
 0001:000137d0       ?isValid@DName@@QBEHXZ     100147d0 f i libvcruntimed:undname.obj
 0001:00013810       ?length@DName@@QBEHXZ      10014810 f i libvcruntimed:undname.obj
 0001:00013850       ?length@DNameStatusNode@@UBEHXZ 10014850 f i libvcruntimed:undname.obj
 0001:00013870       ?length@charNode@@UBEHXZ   10014870 f i libvcruntimed:undname.obj
 0001:00013880       ?length@pDNameNode@@UBEHXZ 10014880 f i libvcruntimed:undname.obj
 0001:000138b0       ?length@pairNode@@UBEHXZ   100148b0 f i libvcruntimed:undname.obj
 0001:00013920       ?length@pcharNode@@UBEHXZ  10014920 f i libvcruntimed:undname.obj
 0001:00013940       ?make@DNameStatusNode@@SAPAV1@W4DNameStatus@@@Z 10014940 f i libvcruntimed:undname.obj
 0001:000139c0       ?setIsArray@DName@@QAEXXZ  100149c0 f i libvcruntimed:undname.obj
 0001:000139e0       ?setIsComArray@DName@@QAEXXZ 100149e0 f i libvcruntimed:undname.obj
 0001:00013a00       ?setIsNoTE@DName@@QAEXXZ   10014a00 f i libvcruntimed:undname.obj
 0001:00013a20       ?setIsPinPtr@DName@@QAEXXZ 10014a20 f i libvcruntimed:undname.obj
 0001:00013a40       ?setIsUDC@DName@@QAEXXZ    10014a40 f i libvcruntimed:undname.obj
 0001:00013a70       ?setIsVCallThunk@DName@@QAEXXZ 10014a70 f i libvcruntimed:undname.obj
 0001:00013a90       ?setPtrRef@DName@@QAEAAV1@XZ 10014a90 f i libvcruntimed:undname.obj
 0001:00013ab0       ?status@DName@@QBE?AW4DNameStatus@@XZ 10014ab0 f i libvcruntimed:undname.obj
 0001:00013bb0       ___unDName                 10014bb0 f   libvcruntimed:undname.obj
 0001:00013c80       ___unDNameEx               10014c80 f   libvcruntimed:undname.obj
 0001:00013d50       __vsprintf_s_l             10014d50 f i libvcruntimed:undname.obj
 0001:00013da0       _sprintf_s                 10014da0 f i libvcruntimed:undname.obj
 0001:00013de0       ??$?RU__vcrt_ptd@@@__crt_internal_free_policy@@QBEXQBU__vcrt_ptd@@@Z 10014de0 f i libvcruntimed:per_thread_data.obj
 0001:00013e00       ??0?$__crt_unique_heap_ptr@U__vcrt_ptd@@U__crt_internal_free_policy@@@@QAE@QAU__vcrt_ptd@@@Z 10014e00 f i libvcruntimed:per_thread_data.obj
 0001:00013e40       ??1?$__crt_unique_heap_ptr@U__vcrt_ptd@@U__crt_internal_free_policy@@@@QAE@XZ 10014e40 f i libvcruntimed:per_thread_data.obj
 0001:00013e80       ??B?$__crt_unique_heap_ptr@U__vcrt_ptd@@U__crt_internal_free_policy@@@@QBE_NXZ 10014e80 f i libvcruntimed:per_thread_data.obj
 0001:00013ea0       ?detach@?$__crt_unique_heap_ptr@U__vcrt_ptd@@U__crt_internal_free_policy@@@@QAEPAU__vcrt_ptd@@XZ 10014ea0 f i libvcruntimed:per_thread_data.obj
 0001:00013ed0       ?get@?$__crt_unique_heap_ptr@U__vcrt_ptd@@U__crt_internal_free_policy@@@@QBEPAU__vcrt_ptd@@XZ 10014ed0 f i libvcruntimed:per_thread_data.obj
 0001:00013ee0       ?is_valid@?$__crt_unique_heap_ptr@U__vcrt_ptd@@U__crt_internal_free_policy@@@@QBE_NXZ 10014ee0 f i libvcruntimed:per_thread_data.obj
 0001:00013f10       ?release@?$__crt_unique_heap_ptr@U__vcrt_ptd@@U__crt_internal_free_policy@@@@QAEXXZ 10014f10 f i libvcruntimed:per_thread_data.obj
 0001:00013f70       ___vcrt_freefls@4          10014f70 f   libvcruntimed:per_thread_data.obj
 0001:00013fa0       ___vcrt_freeptd            10014fa0 f   libvcruntimed:per_thread_data.obj
 0001:00014000       ___vcrt_getptd             10015000 f   libvcruntimed:per_thread_data.obj
 0001:00014020       ___vcrt_getptd_noexit      10015020 f   libvcruntimed:per_thread_data.obj
 0001:00014180       ___vcrt_getptd_noinit      10015180 f   libvcruntimed:per_thread_data.obj
 0001:000141e0       ___vcrt_initialize_ptd     100151e0 f   libvcruntimed:per_thread_data.obj
 0001:00014230       ___vcrt_uninitialize_ptd   10015230 f   libvcruntimed:per_thread_data.obj
 0001:00014260       ___vcrt_initialize_locks   10015260 f   libvcruntimed:locks.obj
 0001:000142c0       ___vcrt_lock               100152c0 f   libvcruntimed:locks.obj
 0001:000142e0       ___vcrt_uninitialize_locks 100152e0 f   libvcruntimed:locks.obj
 0001:00014330       ___vcrt_unlock             10015330 f   libvcruntimed:locks.obj
 0001:00014350       ??$?BX@__crt_fast_encoded_nullptr_t@@QBEPAXXZ 10015350 f i libvcruntimed:winapi_downlevel.obj
 0001:00014370       ??$__crt_fast_decode_pointer@PAX@@YAPAXQAX@Z 10015370 f i libvcruntimed:winapi_downlevel.obj
 0001:000143a0       ??$__crt_fast_encode_pointer@PAX@@YAPAXQAX@Z 100153a0 f i libvcruntimed:winapi_downlevel.obj
 0001:000143d0       ??$__crt_interlocked_exchange_pointer@UHINSTANCE__@@PAU1@@@YAPAUHINSTANCE__@@PDSAU0@QAU0@@Z 100153d0 f i libvcruntimed:winapi_downlevel.obj
 0001:000143e0       ??$__crt_interlocked_exchange_pointer@UHINSTANCE__@@PAX@@YAPAUHINSTANCE__@@PDSAU0@QAX@Z 100153e0 f i libvcruntimed:winapi_downlevel.obj
 0001:000143f0       ??$__crt_interlocked_exchange_pointer@XPAX@@YAPAXPDSAXQAX@Z 100153f0 f i libvcruntimed:winapi_downlevel.obj
 0001:00014400       ??$__crt_interlocked_read_pointer@UHINSTANCE__@@@@YAPAUHINSTANCE__@@PDSAU0@@Z 10015400 f i libvcruntimed:winapi_downlevel.obj
 0001:00014420       ??$__crt_interlocked_read_pointer@X@@YAPAXPDSAX@Z 10015420 f i libvcruntimed:winapi_downlevel.obj
 0001:00014440       ?__crt_fast_encode_pointer@@YA?AU__crt_fast_encoded_nullptr_t@@$$T@Z 10015440 f i libvcruntimed:winapi_downlevel.obj
 0001:00014840       ___vcrt_FlsAlloc           10015840 f   libvcruntimed:winapi_downlevel.obj
 0001:00014880       ___vcrt_FlsFree            10015880 f   libvcruntimed:winapi_downlevel.obj
 0001:000148c0       ___vcrt_FlsGetValue        100158c0 f   libvcruntimed:winapi_downlevel.obj
 0001:00014900       ___vcrt_FlsSetValue        10015900 f   libvcruntimed:winapi_downlevel.obj
 0001:00014950       ___vcrt_InitializeCriticalSectionEx 10015950 f   libvcruntimed:winapi_downlevel.obj
 0001:000149a0       ___vcrt_initialize_winapi_thunks 100159a0 f   libvcruntimed:winapi_downlevel.obj
 0001:00014a00       ___vcrt_uninitialize_winapi_thunks 10015a00 f   libvcruntimed:winapi_downlevel.obj
 0001:00014a70       ??$?B$$A6AXXZ@__crt_fast_encoded_nullptr_t@@QBEP6AXXZXZ 10015a70 f i libvcruntimed:purevirt_data.obj
 0001:00014a90       ??$__crt_fast_encode_pointer@P6AXXZ@@YAP6AXXZQ6AXXZ@Z 10015a90 f i libvcruntimed:purevirt_data.obj
 0001:00014ac0       ___vcrt_initialize_pure_virtual_call_handler 10015ac0 f   libvcruntimed:purevirt_data.obj
 0001:00014af0       __global_unwind2           10015af0 f   libvcruntimed:_exsup_.obj
 0001:00014b55       __local_unwind2            10015b55 f   libvcruntimed:_exsup_.obj
 0001:00014bd9       __abnormal_termination     10015bd9 f   libvcruntimed:_exsup_.obj
 0001:00014bfc       __NLG_Notify1              10015bfc f   libvcruntimed:_exsup_.obj
 0001:00014c05       __NLG_Notify               10015c05 f   libvcruntimed:_exsup_.obj
 0001:00014c1c       __NLG_Dispatch             10015c1c     libvcruntimed:_exsup_.obj
 0001:00014c1c       __NLG_Dispatch2            10015c1c     libvcruntimed:_exsup_.obj
 0001:00014c24       __NLG_Call                 10015c24 f   libvcruntimed:_exsup_.obj
 0001:00014c26       __NLG_Return2              10015c26     libvcruntimed:_exsup_.obj
 0001:00014c30       ??$__crt_fast_decode_pointer@P6AXXZ@@YAP6AXXZQ6AXXZ@Z 10015c30 f i libvcruntimed:purevirt.obj
 0001:00014c60       ??$__crt_interlocked_exchange_pointer@$$A6AXXZP6AXXZ@@YAP6AXXZPDS6AXXZQ6AXXZ@Z 10015c60 f i libvcruntimed:purevirt.obj
 0001:00014c70       ??$__crt_interlocked_read_pointer@$$A6AXXZ@@YAP6AXXZPDS6AXXZ@Z 10015c70 f i libvcruntimed:purevirt.obj
 0001:00014c90       __get_purecall_handler     10015c90 f   libvcruntimed:purevirt.obj
 0001:00014cb0       __purecall                 10015cb0 f   libvcruntimed:purevirt.obj
 0001:00014ce0       __set_purecall_handler     10015ce0 f   libvcruntimed:purevirt.obj
 0001:00014d10       __libm_sse2_cos_precise    10015d10 f   libucrtd:cos_sse2_precise.obj
 0001:00014ed0       __libm_sse2_sin_precise    10015ed0 f   libucrtd:sin_sse2_precise.obj
 0001:000150a0       __libm_sse2_sqrt_precise   100160a0 f   libucrtd:sqrt_sse2_precise.obj
 0001:000151a0       __initterm                 100161a0 f   libucrtd:initterm.obj
 0001:00015200       __initterm_e               10016200 f   libucrtd:initterm.obj
 0001:000152c0       __seh_filter_dll           100162c0 f   libucrtd:exception_filter.obj
 0001:000152f0       __seh_filter_exe           100162f0 f   libucrtd:exception_filter.obj
 0001:00015510       ??$?B$$A6GXPAXK0@Z@__crt_fast_encoded_nullptr_t@@QBEP6GXPAXK0@ZXZ 10016510 f i libucrtd:exit.obj
 0001:000155f0       ??$__crt_fast_decode_pointer@P6GXPAXK0@Z@@YAP6GXPAXK0@ZQ6GX0K0@Z@Z 100165f0 f i libucrtd:exit.obj
 0001:00015620       ??$__crt_fast_encode_pointer@P6GXPAXK0@Z@@YAP6GXPAXK0@ZQ6GX0K0@Z@Z 10016620 f i libucrtd:exit.obj
 0001:00015650       ??$__crt_get_proc_address@P6GXI@Z@@YAP6GXI@ZQAUHINSTANCE__@@QBD@Z 10016650 f i libucrtd:exit.obj
 0001:00015670       ??$__crt_interlocked_read@J@@YAJPDJ@Z 10016670 f i libucrtd:exit.obj
 0001:00015700       ??0?$__crt_unique_handle_t@U__crt_hmodule_traits@@@@QAE@QAUHINSTANCE__@@@Z 10016700 f i libucrtd:exit.obj
 0001:00015720       ??1?$__crt_unique_handle_t@U__crt_hmodule_traits@@@@QAE@XZ 10016720 f i libucrtd:exit.obj
 0001:000158f0       ?__acrt_select_exit_lock@@YA?AW4__acrt_lock_id@@XZ 100168f0 f i libucrtd:exit.obj
 0001:00015920       ?close@?$__crt_unique_handle_t@U__crt_hmodule_traits@@@@QAEXXZ 10016920 f i libucrtd:exit.obj
 0001:00015960       ?close@__crt_hmodule_traits@@SA_NPAUHINSTANCE__@@@Z 10016960 f i libucrtd:exit.obj
 0001:00015a50       ?get@?$__crt_unique_handle_t@U__crt_hmodule_traits@@@@QBEPAUHINSTANCE__@@XZ 10016a50 f i libucrtd:exit.obj
 0001:00015a70       ?get_address_of@?$__crt_unique_handle_t@U__crt_hmodule_traits@@@@QAEPAPAUHINSTANCE__@@XZ 10016a70 f i libucrtd:exit.obj
 0001:00015a80       ?get_invalid_value@__crt_hmodule_traits@@SAPAUHINSTANCE__@@XZ 10016a80 f i libucrtd:exit.obj
 0001:00015c10       __Exit                     10016c10 f   libucrtd:exit.obj
 0001:00015c30       ___acrt_initialize_thread_local_exit_callback 10016c30 f   libucrtd:exit.obj
 0001:00015c40       __c_exit                   10016c40 f   libucrtd:exit.obj
 0001:00015c60       __cexit                    10016c60 f   libucrtd:exit.obj
 0001:00015c80       __exit                     10016c80 f   libucrtd:exit.obj
 0001:00015ca0       __is_c_termination_complete 10016ca0 f   libucrtd:exit.obj
 0001:00015cc0       __register_thread_local_exe_atexit_callback 10016cc0 f   libucrtd:exit.obj
 0001:00015d00       _exit                      10016d00 f   libucrtd:exit.obj
 0001:00015d20       _quick_exit                10016d20 f   libucrtd:exit.obj
 0001:00015d40       ??$?RE@__crt_internal_free_policy@@QBEXQBE@Z 10016d40 f i libucrtd:argv_parsing.obj
 0001:00015d60       ??$?RPAD@__crt_internal_free_policy@@QBEXQBQAD@Z 10016d60 f i libucrtd:argv_parsing.obj
 0001:00015d80       ??$?RPA_W@__crt_internal_free_policy@@QBEXQBQA_W@Z 10016d80 f i libucrtd:argv_parsing.obj
 0001:000162e0       ??$get_module_file_name@$$TAAY0BAF@DH@?$__crt_char_traits@D@@SAK$$QA$$TAAY0BAF@D$$QAH@Z 100172e0 f i libucrtd:argv_parsing.obj
 0001:00016300       ??$get_module_file_name@$$TAAY0BAF@_WH@?$__crt_char_traits@_W@@SAK$$QA$$TAAY0BAF@_W$$QAH@Z 10017300 f i libucrtd:argv_parsing.obj
 0001:00016a20       ??$set_program_name@PAD@?$__crt_char_traits@D@@SAX$$QAPAD@Z 10017a20 f i libucrtd:argv_parsing.obj
 0001:00016a40       ??$set_program_name@PA_W@?$__crt_char_traits@_W@@SAX$$QAPA_W@Z 10017a40 f i libucrtd:argv_parsing.obj
 0001:00016aa0       ??0?$__crt_unique_heap_ptr@EU__crt_internal_free_policy@@@@QAE@QAE@Z 10017aa0 f i libucrtd:argv_parsing.obj
 0001:00016ac0       ??0?$__crt_unique_heap_ptr@PADU__crt_internal_free_policy@@@@QAE@QAPAD@Z 10017ac0 f i libucrtd:argv_parsing.obj
 0001:00016ae0       ??0?$__crt_unique_heap_ptr@PA_WU__crt_internal_free_policy@@@@QAE@QAPA_W@Z 10017ae0 f i libucrtd:argv_parsing.obj
 0001:00016b00       ??1?$__crt_unique_heap_ptr@EU__crt_internal_free_policy@@@@QAE@XZ 10017b00 f i libucrtd:argv_parsing.obj
 0001:00016b20       ??1?$__crt_unique_heap_ptr@PADU__crt_internal_free_policy@@@@QAE@XZ 10017b20 f i libucrtd:argv_parsing.obj
 0001:00016b40       ??1?$__crt_unique_heap_ptr@PA_WU__crt_internal_free_policy@@@@QAE@XZ 10017b40 f i libucrtd:argv_parsing.obj
 0001:00016b60       ??B?$__crt_unique_heap_ptr@EU__crt_internal_free_policy@@@@QBE_NXZ 10017b60 f i libucrtd:argv_parsing.obj
 0001:00016c20       ?detach@?$__crt_unique_heap_ptr@EU__crt_internal_free_policy@@@@QAEPAEXZ 10017c20 f i libucrtd:argv_parsing.obj
 0001:00016c50       ?detach@?$__crt_unique_heap_ptr@PADU__crt_internal_free_policy@@@@QAEPAPADXZ 10017c50 f i libucrtd:argv_parsing.obj
 0001:00016c80       ?detach@?$__crt_unique_heap_ptr@PA_WU__crt_internal_free_policy@@@@QAEPAPA_WXZ 10017c80 f i libucrtd:argv_parsing.obj
 0001:00016d10       ?get@?$__crt_unique_heap_ptr@EU__crt_internal_free_policy@@@@QBEPAEXZ 10017d10 f i libucrtd:argv_parsing.obj
 0001:00016d30       ?get@?$__crt_unique_heap_ptr@PADU__crt_internal_free_policy@@@@QBEPAPADXZ 10017d30 f i libucrtd:argv_parsing.obj
 0001:00016d50       ?get@?$__crt_unique_heap_ptr@PA_WU__crt_internal_free_policy@@@@QBEPAPA_WXZ 10017d50 f i libucrtd:argv_parsing.obj
 0001:00016d70       ?get_address_of@?$__crt_unique_heap_ptr@PADU__crt_internal_free_policy@@@@QAEPAPAPADXZ 10017d70 f i libucrtd:argv_parsing.obj
 0001:00016d80       ?get_address_of@?$__crt_unique_heap_ptr@PA_WU__crt_internal_free_policy@@@@QAEPAPAPA_WXZ 10017d80 f i libucrtd:argv_parsing.obj
 0001:00016dd0       ?is_valid@?$__crt_unique_heap_ptr@EU__crt_internal_free_policy@@@@QBE_NXZ 10017dd0 f i libucrtd:argv_parsing.obj
 0001:00016e00       ?release@?$__crt_unique_heap_ptr@EU__crt_internal_free_policy@@@@QAEXXZ 10017e00 f i libucrtd:argv_parsing.obj
 0001:00016e30       ?release@?$__crt_unique_heap_ptr@PADU__crt_internal_free_policy@@@@QAEXXZ 10017e30 f i libucrtd:argv_parsing.obj
 0001:00016e60       ?release@?$__crt_unique_heap_ptr@PA_WU__crt_internal_free_policy@@@@QAEXXZ 10017e60 f i libucrtd:argv_parsing.obj
 0001:00016ed0       ___acrt_allocate_buffer_for_argv 10017ed0 f   libucrtd:argv_parsing.obj
 0001:00016f90       __configure_narrow_argv    10017f90 f   libucrtd:argv_parsing.obj
 0001:00016fb0       __configure_wide_argv      10017fb0 f   libucrtd:argv_parsing.obj
 0001:00016fd0       __set_pgmptr               10017fd0 f i libucrtd:argv_parsing.obj
 0001:00016fe0       __set_wpgmptr              10017fe0 f i libucrtd:argv_parsing.obj
 0001:00016fef       ??$?R_W@__crt_internal_free_policy@@QBEXQB_W@Z 10017fef f i libucrtd:environment_initialization.obj
 0001:00017450       ??$get_environment_from_os@$$V@?$__crt_char_traits@D@@SAPADXZ 10018450 f i libucrtd:environment_initialization.obj
 0001:00017455       ??$get_environment_from_os@$$V@?$__crt_char_traits@_W@@SAPA_WXZ 10018455 f i libucrtd:environment_initialization.obj
 0001:00017576       ??$set_variable_in_environment_nolock@PADH@?$__crt_char_traits@D@@SAH$$QAPAD$$QAH@Z 10018576 f i libucrtd:environment_initialization.obj
 0001:0001758e       ??$set_variable_in_environment_nolock@PA_WH@?$__crt_char_traits@_W@@SAH$$QAPA_W$$QAH@Z 1001858e f i libucrtd:environment_initialization.obj
 0001:000175a6       ??$tcscpy_s@PADABIAAPAD@?$__crt_char_traits@D@@SAH$$QAPADABIAAPAD@Z 100185a6 f i libucrtd:environment_initialization.obj
 0001:000175c4       ??$tcscpy_s@PA_WABIAAPA_W@?$__crt_char_traits@_W@@SAH$$QAPA_WABIAAPA_W@Z 100185c4 f i libucrtd:environment_initialization.obj
 0001:000175e2       ??$tcslen@AAPAD@?$__crt_char_traits@D@@SAIAAPAD@Z 100185e2 f i libucrtd:environment_initialization.obj
 0001:000175fa       ??$tcslen@AAPA_W@?$__crt_char_traits@_W@@SAIAAPA_W@Z 100185fa f i libucrtd:environment_initialization.obj
 0001:00017618       ??$uninitialize@A6AXAAPAPAD@Z@?$dual_state_global@PAPAD@__crt_state_management@@QAEXA6AXAAPAPAD@Z@Z 10018618 f i libucrtd:environment_initialization.obj
 0001:00017658       ??$uninitialize@A6AXAAPAPA_W@Z@?$dual_state_global@PAPA_W@__crt_state_management@@QAEXA6AXAAPAPA_W@Z@Z 10018658 f i libucrtd:environment_initialization.obj
 0001:000176ce       ??0?$__crt_unique_heap_ptr@_WU__crt_internal_free_policy@@@@QAE@QA_W@Z 100186ce f i libucrtd:environment_initialization.obj
 0001:000176de       ??1?$__crt_unique_heap_ptr@_WU__crt_internal_free_policy@@@@QAE@XZ 100186de f i libucrtd:environment_initialization.obj
 0001:000176f3       ??B?$__crt_unique_heap_ptr@PADU__crt_internal_free_policy@@@@QBE_NXZ 100186f3 f i libucrtd:environment_initialization.obj
 0001:000176fa       ??B?$__crt_unique_heap_ptr@PA_WU__crt_internal_free_policy@@@@QBE_NXZ 100186fa f i libucrtd:environment_initialization.obj
 0001:00017701       ??B?$__crt_unique_heap_ptr@_WU__crt_internal_free_policy@@@@QBE_NXZ 10018701 f i libucrtd:environment_initialization.obj
 0001:00017708       ?__crt_compute_required_transform_buffer_count@@YAIIQBD@Z 10018708 f i libucrtd:environment_initialization.obj
 0001:00017722       ?__crt_compute_required_transform_buffer_count@@YAIIQB_W@Z 10018722 f i libucrtd:environment_initialization.obj
 0001:0001773e       ?__crt_transform_string@@YAIIQBDQA_WI@Z 1001873e f i libucrtd:environment_initialization.obj
 0001:0001775b       ?__crt_transform_string@@YAIIQB_WQADI@Z 1001875b f i libucrtd:environment_initialization.obj
 0001:0001777b       ?detach@?$__crt_unique_heap_ptr@DU__crt_internal_free_policy@@@@QAEPADXZ 1001877b f i libucrtd:environment_initialization.obj
 0001:00017781       ?detach@?$__crt_unique_heap_ptr@_WU__crt_internal_free_policy@@@@QAEPA_WXZ 10018781 f i libucrtd:environment_initialization.obj
 0001:00017787       ?get@?$__crt_unique_heap_ptr@_WU__crt_internal_free_policy@@@@QBEPA_WXZ 10018787 f i libucrtd:environment_initialization.obj
 0001:0001778a       ?get_current_state_index@__crt_state_management@@YAIXZ 1001878a f i libucrtd:environment_initialization.obj
 0001:000177b1       ?initialize@?$dual_state_global@PAPAD@__crt_state_management@@QAEXQAPAD@Z 100187b1 f i libucrtd:environment_initialization.obj
 0001:000177e2       ?initialize@?$dual_state_global@PAPA_W@__crt_state_management@@QAEXQAPA_W@Z 100187e2 f i libucrtd:environment_initialization.obj
 0001:00017813       ?is_valid@?$__crt_unique_heap_ptr@PADU__crt_internal_free_policy@@@@QBE_NXZ 10018813 f i libucrtd:environment_initialization.obj
 0001:0001781a       ?is_valid@?$__crt_unique_heap_ptr@PA_WU__crt_internal_free_policy@@@@QBE_NXZ 1001881a f i libucrtd:environment_initialization.obj
 0001:00017821       ?is_valid@?$__crt_unique_heap_ptr@_WU__crt_internal_free_policy@@@@QBE_NXZ 10018821 f i libucrtd:environment_initialization.obj
 0001:0001782e       ?release@?$__crt_unique_heap_ptr@_WU__crt_internal_free_policy@@@@QAEXXZ 1001882e f i libucrtd:environment_initialization.obj
 0001:00017843       ?value@?$dual_state_global@PAPAD@__crt_state_management@@QAEAAPAPADXZ 10018843 f i libucrtd:environment_initialization.obj
 0001:00017846       ?value@?$dual_state_global@PAPA_W@__crt_state_management@@QAEAAPAPA_WXZ 10018846 f i libucrtd:environment_initialization.obj
 0001:00017849       ___dcrt_get_or_create_narrow_environment_nolock 10018849 f   libucrtd:environment_initialization.obj
 0001:0001784e       ___dcrt_get_or_create_wide_environment_nolock 1001884e f   libucrtd:environment_initialization.obj
 0001:00017853       ___dcrt_uninitialize_environments_nolock 10018853 f   libucrtd:environment_initialization.obj
 0001:0001788a       ___p__environ              1001888a f   libucrtd:environment_initialization.obj
 0001:00017890       ___p__wenviron             10018890 f   libucrtd:environment_initialization.obj
 0001:00017896       __get_initial_narrow_environment 10018896 f   libucrtd:environment_initialization.obj
 0001:000178aa       __get_initial_wide_environment 100188aa f   libucrtd:environment_initialization.obj
 0001:000178be       __initialize_narrow_environment 100188be f   libucrtd:environment_initialization.obj
 0001:000178c3       __initialize_wide_environment 100188c3 f   libucrtd:environment_initialization.obj
 0001:000178c8       __invoke_watson_if_error   100188c8 f i libucrtd:environment_initialization.obj
 0001:000178f0       ??$?BP6AXXZ@__crt_fast_encoded_nullptr_t@@QBEPAP6AXXZXZ 100188f0 f i libucrtd:onexit.obj
 0001:00017910       ??$?RP6AXXZ@__crt_internal_free_policy@@QBEXQBQ6AXXZ@Z 10018910 f i libucrtd:onexit.obj
 0001:00017ad0       ??$__crt_fast_encode_pointer@P6AHXZ@@YAP6AHXZQ6AHXZ@Z 10018ad0 f i libucrtd:onexit.obj
 0001:00017bd0       ??0?$__crt_unique_heap_ptr@P6AXXZU__crt_internal_free_policy@@@@QAE@QAP6AXXZ@Z 10018bd0 f i libucrtd:onexit.obj
 0001:00017bf0       ??1?$__crt_unique_heap_ptr@P6AXXZU__crt_internal_free_policy@@@@QAE@XZ 10018bf0 f i libucrtd:onexit.obj
 0001:00017c10       ??1scoped_global_state_reset@__crt_state_management@@QAE@XZ 10018c10 f i libucrtd:onexit.obj
 0001:00018090       ?detach@?$__crt_unique_heap_ptr@P6AXXZU__crt_internal_free_policy@@@@QAEPAP6AXXZXZ 10019090 f i libucrtd:onexit.obj
 0001:000180c0       ?release@?$__crt_unique_heap_ptr@P6AXXZU__crt_internal_free_policy@@@@QAEXXZ 100190c0 f i libucrtd:onexit.obj
 0001:000180f0       __crt_at_quick_exit        100190f0 f   libucrtd:onexit.obj
 0001:00018110       __crt_atexit               10019110 f   libucrtd:onexit.obj
 0001:00018130       __execute_onexit_table     10019130 f   libucrtd:onexit.obj
 0001:00018160       __initialize_onexit_table  10019160 f   libucrtd:onexit.obj
 0001:000181c0       __register_onexit_function 100191c0 f   libucrtd:onexit.obj
 0001:00018480       ?initialize@?$dual_state_global@PAU__crt_locale_data@@@__crt_state_management@@QAEXQAU__crt_locale_data@@@Z 10019480 f i libucrtd:initialization.obj
 0001:000184c0       ___acrt_initialize         100194c0 f   libucrtd:initialization.obj
 0001:000184e0       ___acrt_thread_attach      100194e0 f   libucrtd:initialization.obj
 0001:00018500       ___acrt_thread_detach      10019500 f   libucrtd:initialization.obj
 0001:00018510       ___acrt_uninitialize       10019510 f   libucrtd:initialization.obj
 0001:00018530       ___acrt_uninitialize_critical 10019530 f   libucrtd:initialization.obj
 0001:00018580       __get_terminate            10019580 f   libucrtd:terminate.obj
 0001:000185a0       _set_terminate             100195a0 f   libucrtd:terminate.obj
 0001:000185d0       _terminate                 100195d0 f   libucrtd:terminate.obj
 0001:00018670       ??0_LocaleUpdate@@QAE@QAU__crt_locale_pointers@@@Z 10019670 f i libucrtd:debug_heap.obj
 0001:00018750       ??1_LocaleUpdate@@QAE@XZ   10019750 f i libucrtd:debug_heap.obj
 0001:00018790       ?GetLocaleT@_LocaleUpdate@@QAEPAU__crt_locale_pointers@@XZ 10019790 f i libucrtd:debug_heap.obj
 0001:0001a040       __CrtCheckMemory           1001b040 f   libucrtd:debug_heap.obj
 0001:0001a1d0       __CrtDoForAllClientObjects 1001b1d0 f   libucrtd:debug_heap.obj
 0001:0001a330       __CrtDumpMemoryLeaks       1001b330 f   libucrtd:debug_heap.obj
 0001:0001a3d0       __CrtGetAllocHook          1001b3d0 f   libucrtd:debug_heap.obj
 0001:0001a3e0       __CrtGetDumpClient         1001b3e0 f   libucrtd:debug_heap.obj
 0001:0001a3f0       __CrtIsMemoryBlock         1001b3f0 f   libucrtd:debug_heap.obj
 0001:0001a540       __CrtIsValidHeapPointer    1001b540 f   libucrtd:debug_heap.obj
 0001:0001a570       __CrtIsValidPointer        1001b570 f   libucrtd:debug_heap.obj
 0001:0001a5a0       __CrtMemCheckpoint         1001b5a0 f   libucrtd:debug_heap.obj
 0001:0001a7d0       __CrtMemDifference         1001b7d0 f   libucrtd:debug_heap.obj
 0001:0001aa40       __CrtMemDumpAllObjectsSince 1001ba40 f   libucrtd:debug_heap.obj
 0001:0001aae0       __CrtMemDumpStatistics     1001bae0 f   libucrtd:debug_heap.obj
 0001:0001ac10       __CrtReportBlockType       1001bc10 f   libucrtd:debug_heap.obj
 0001:0001ac40       __CrtSetAllocHook          1001bc40 f   libucrtd:debug_heap.obj
 0001:0001ac60       __CrtSetBreakAlloc         1001bc60 f   libucrtd:debug_heap.obj
 0001:0001ac80       __CrtSetDbgBlockType       1001bc80 f   libucrtd:debug_heap.obj
 0001:0001ad60       __CrtSetDbgFlag            1001bd60 f   libucrtd:debug_heap.obj
 0001:0001aed0       __CrtSetDumpClient         1001bed0 f   libucrtd:debug_heap.obj
 0001:0001aef0       ___acrt_get_locale_data_prefix 1001bef0 f i libucrtd:debug_heap.obj
 0001:0001af10       ___acrt_locale_changed     1001bf10 f i libucrtd:debug_heap.obj
 0001:0001af40       ___p__crtBreakAlloc        1001bf40 f   libucrtd:debug_heap.obj
 0001:0001af50       ___p__crtDbgFlag           1001bf50 f   libucrtd:debug_heap.obj
 0001:0001af60       __aligned_free_dbg         1001bf60 f   libucrtd:debug_heap.obj
 0001:0001b010       __aligned_malloc_dbg       1001c010 f   libucrtd:debug_heap.obj
 0001:0001b040       __aligned_msize_dbg        1001c040 f   libucrtd:debug_heap.obj
 0001:0001b170       __aligned_offset_malloc_dbg 1001c170 f   libucrtd:debug_heap.obj
 0001:0001b350       __aligned_offset_realloc_dbg 1001c350 f   libucrtd:debug_heap.obj
 0001:0001b660       __aligned_offset_recalloc_dbg 1001c660 f   libucrtd:debug_heap.obj
 0001:0001b720       __aligned_realloc_dbg      1001c720 f   libucrtd:debug_heap.obj
 0001:0001b750       __aligned_recalloc_dbg     1001c750 f   libucrtd:debug_heap.obj
 0001:0001b780       __calloc_dbg               1001c780 f   libucrtd:debug_heap.obj
 0001:0001b7f0       __chvalidchk_l             1001c7f0 f i libucrtd:debug_heap.obj
 0001:0001b810       __expand_dbg               1001c810 f   libucrtd:debug_heap.obj
 0001:0001b940       __free_dbg                 1001c940 f   libucrtd:debug_heap.obj
 0001:0001b9f0       __invoke_watson_if_oneof   1001c9f0 f i libucrtd:debug_heap.obj
 0001:0001ba30       __ischartype_l             1001ca30 f i libucrtd:debug_heap.obj
 0001:0001ba80       __malloc_dbg               1001ca80 f   libucrtd:debug_heap.obj
 0001:0001baa0       __msize_dbg                1001caa0 f   libucrtd:debug_heap.obj
 0001:0001bc30       __realloc_dbg              1001cc30 f   libucrtd:debug_heap.obj
 0001:0001bcd0       __recalloc_dbg             1001ccd0 f   libucrtd:debug_heap.obj
 0001:0001c090       _strcpy_s                  1001d090 f   libucrtd:strcpy_s.obj
 0001:0001c0b0       _strcmp                    1001d0b0 f   libucrtd:strcmp.obj
 0001:0001c140       _strlen                    1001d140 f   libucrtd:strlen.obj
 0001:0001c1d0       ??$?0ABV?$stream_output_adapter@D@__crt_stdio_output@@AB_KABQBDABQAU__crt_locale_pointers@@ABQAD@?$format_validation_base@DV?$stream_output_adapter@D@__crt_stdio_output@@@__crt_stdio_output@@IAE@ABV?$stream_output_adapter@D@1@AB_KABQBDABQAU__crt_locale_pointers@@ABQAD@Z 1001d1d0 f i libucrtd:output.obj
 0001:0001c200       ??$?0ABV?$stream_output_adapter@D@__crt_stdio_output@@AB_KABQBDABQAU__crt_locale_pointers@@ABQAD@?$positional_parameter_base@DV?$stream_output_adapter@D@__crt_stdio_output@@@__crt_stdio_output@@IAE@ABV?$stream_output_adapter@D@1@AB_KABQBDABQAU__crt_locale_pointers@@ABQAD@Z 1001d200 f i libucrtd:output.obj
 0001:0001c280       ??$?0ABV?$stream_output_adapter@D@__crt_stdio_output@@AB_KABQBDABQAU__crt_locale_pointers@@ABQAD@?$standard_base@DV?$stream_output_adapter@D@__crt_stdio_output@@@__crt_stdio_output@@IAE@ABV?$stream_output_adapter@D@1@AB_KABQBDABQAU__crt_locale_pointers@@ABQAD@Z 1001d280 f i libucrtd:output.obj
 0001:0001c2d0       ??$?0ABV?$stream_output_adapter@_W@__crt_stdio_output@@AB_KABQB_WABQAU__crt_locale_pointers@@ABQAD@?$format_validation_base@_WV?$stream_output_adapter@_W@__crt_stdio_output@@@__crt_stdio_output@@IAE@ABV?$stream_output_adapter@_W@1@AB_KABQB_WABQAU__crt_locale_pointers@@ABQAD@Z 1001d2d0 f i libucrtd:output.obj
 0001:0001c300       ??$?0ABV?$stream_output_adapter@_W@__crt_stdio_output@@AB_KABQB_WABQAU__crt_locale_pointers@@ABQAD@?$positional_parameter_base@_WV?$stream_output_adapter@_W@__crt_stdio_output@@@__crt_stdio_output@@IAE@ABV?$stream_output_adapter@_W@1@AB_KABQB_WABQAU__crt_locale_pointers@@ABQAD@Z 1001d300 f i libucrtd:output.obj
 0001:0001c380       ??$?0ABV?$stream_output_adapter@_W@__crt_stdio_output@@AB_KABQB_WABQAU__crt_locale_pointers@@ABQAD@?$standard_base@_WV?$stream_output_adapter@_W@__crt_stdio_output@@@__crt_stdio_output@@IAE@ABV?$stream_output_adapter@_W@1@AB_KABQB_WABQAU__crt_locale_pointers@@ABQAD@Z 1001d380 f i libucrtd:output.obj
 0001:0001c3d0       ??$?0ABV?$string_output_adapter@D@__crt_stdio_output@@AB_KABQBDABQAU__crt_locale_pointers@@ABQAD@?$format_validation_base@DV?$string_output_adapter@D@__crt_stdio_output@@@__crt_stdio_output@@IAE@ABV?$string_output_adapter@D@1@AB_KABQBDABQAU__crt_locale_pointers@@ABQAD@Z 1001d3d0 f i libucrtd:output.obj
 0001:0001c400       ??$?0ABV?$string_output_adapter@D@__crt_stdio_output@@AB_KABQBDABQAU__crt_locale_pointers@@ABQAD@?$positional_parameter_base@DV?$string_output_adapter@D@__crt_stdio_output@@@__crt_stdio_output@@IAE@ABV?$string_output_adapter@D@1@AB_KABQBDABQAU__crt_locale_pointers@@ABQAD@Z 1001d400 f i libucrtd:output.obj
 0001:0001c480       ??$?0ABV?$string_output_adapter@D@__crt_stdio_output@@AB_KABQBDABQAU__crt_locale_pointers@@ABQAD@?$standard_base@DV?$string_output_adapter@D@__crt_stdio_output@@@__crt_stdio_output@@IAE@ABV?$string_output_adapter@D@1@AB_KABQBDABQAU__crt_locale_pointers@@ABQAD@Z 1001d480 f i libucrtd:output.obj
 0001:0001c4d0       ??$?0ABV?$string_output_adapter@_W@__crt_stdio_output@@AB_KABQB_WABQAU__crt_locale_pointers@@ABQAD@?$format_validation_base@_WV?$string_output_adapter@_W@__crt_stdio_output@@@__crt_stdio_output@@IAE@ABV?$string_output_adapter@_W@1@AB_KABQB_WABQAU__crt_locale_pointers@@ABQAD@Z 1001d4d0 f i libucrtd:output.obj
 0001:0001c500       ??$?0ABV?$string_output_adapter@_W@__crt_stdio_output@@AB_KABQB_WABQAU__crt_locale_pointers@@ABQAD@?$positional_parameter_base@_WV?$string_output_adapter@_W@__crt_stdio_output@@@__crt_stdio_output@@IAE@ABV?$string_output_adapter@_W@1@AB_KABQB_WABQAU__crt_locale_pointers@@ABQAD@Z 1001d500 f i libucrtd:output.obj
 0001:0001c580       ??$?0ABV?$string_output_adapter@_W@__crt_stdio_output@@AB_KABQB_WABQAU__crt_locale_pointers@@ABQAD@?$standard_base@_WV?$string_output_adapter@_W@__crt_stdio_output@@@__crt_stdio_output@@IAE@ABV?$string_output_adapter@_W@1@AB_KABQB_WABQAU__crt_locale_pointers@@ABQAD@Z 1001d580 f i libucrtd:output.obj
 0001:0001f830       ??$count@D@formatting_buffer@__crt_stdio_output@@QBEIXZ 10020830 f i libucrtd:output.obj
 0001:0001f870       ??$count@_W@formatting_buffer@__crt_stdio_output@@QBEIXZ 10020870 f i libucrtd:output.obj
 0001:0001f8b0       ??$data@D@formatting_buffer@__crt_stdio_output@@QAEPADXZ 100208b0 f i libucrtd:output.obj
 0001:0001f8f0       ??$data@_W@formatting_buffer@__crt_stdio_output@@QAEPA_WXZ 100208f0 f i libucrtd:output.obj
 0001:0001f930       ??$ensure_buffer_is_big_enough@D@formatting_buffer@__crt_stdio_output@@QAE_NI@Z 10020930 f i libucrtd:output.obj
 0001:0001fa10       ??$extract_argument_from_va_list@C_J@?$positional_parameter_base@DV?$stream_output_adapter@D@__crt_stdio_output@@@__crt_stdio_output@@IAE_NAA_J@Z 10020a10 f i libucrtd:output.obj
 0001:0001fb50       ??$extract_argument_from_va_list@C_J@?$positional_parameter_base@DV?$string_output_adapter@D@__crt_stdio_output@@@__crt_stdio_output@@IAE_NAA_J@Z 10020b50 f i libucrtd:output.obj
 0001:0001fc90       ??$extract_argument_from_va_list@C_J@?$positional_parameter_base@_WV?$stream_output_adapter@_W@__crt_stdio_output@@@__crt_stdio_output@@IAE_NAA_J@Z 10020c90 f i libucrtd:output.obj
 0001:0001fdd0       ??$extract_argument_from_va_list@C_J@?$positional_parameter_base@_WV?$string_output_adapter@_W@__crt_stdio_output@@@__crt_stdio_output@@IAE_NAA_J@Z 10020dd0 f i libucrtd:output.obj
 0001:0001ff10       ??$extract_argument_from_va_list@C_J@?$standard_base@DV?$stream_output_adapter@D@__crt_stdio_output@@@__crt_stdio_output@@IAE_NAA_J@Z 10020f10 f i libucrtd:output.obj
 0001:0001ff40       ??$extract_argument_from_va_list@C_J@?$standard_base@DV?$string_output_adapter@D@__crt_stdio_output@@@__crt_stdio_output@@IAE_NAA_J@Z 10020f40 f i libucrtd:output.obj
 0001:0001ff70       ??$extract_argument_from_va_list@C_J@?$standard_base@_WV?$stream_output_adapter@_W@__crt_stdio_output@@@__crt_stdio_output@@IAE_NAA_J@Z 10020f70 f i libucrtd:output.obj
 0001:0001ffa0       ??$extract_argument_from_va_list@C_J@?$standard_base@_WV?$string_output_adapter@_W@__crt_stdio_output@@@__crt_stdio_output@@IAE_NAA_J@Z 10020fa0 f i libucrtd:output.obj
 0001:0001ffd0       ??$extract_argument_from_va_list@E_J@?$positional_parameter_base@DV?$stream_output_adapter@D@__crt_stdio_output@@@__crt_stdio_output@@IAE_NAA_J@Z 10020fd0 f i libucrtd:output.obj
 0001:00020110       ??$extract_argument_from_va_list@E_J@?$positional_parameter_base@DV?$string_output_adapter@D@__crt_stdio_output@@@__crt_stdio_output@@IAE_NAA_J@Z 10021110 f i libucrtd:output.obj
 0001:00020250       ??$extract_argument_from_va_list@E_J@?$positional_parameter_base@_WV?$stream_output_adapter@_W@__crt_stdio_output@@@__crt_stdio_output@@IAE_NAA_J@Z 10021250 f i libucrtd:output.obj
 0001:00020390       ??$extract_argument_from_va_list@E_J@?$positional_parameter_base@_WV?$string_output_adapter@_W@__crt_stdio_output@@@__crt_stdio_output@@IAE_NAA_J@Z 10021390 f i libucrtd:output.obj
 0001:000204d0       ??$extract_argument_from_va_list@E_J@?$standard_base@DV?$stream_output_adapter@D@__crt_stdio_output@@@__crt_stdio_output@@IAE_NAA_J@Z 100214d0 f i libucrtd:output.obj
 0001:00020500       ??$extract_argument_from_va_list@E_J@?$standard_base@DV?$string_output_adapter@D@__crt_stdio_output@@@__crt_stdio_output@@IAE_NAA_J@Z 10021500 f i libucrtd:output.obj
 0001:00020530       ??$extract_argument_from_va_list@E_J@?$standard_base@_WV?$stream_output_adapter@_W@__crt_stdio_output@@@__crt_stdio_output@@IAE_NAA_J@Z 10021530 f i libucrtd:output.obj
 0001:00020560       ??$extract_argument_from_va_list@E_J@?$standard_base@_WV?$string_output_adapter@_W@__crt_stdio_output@@@__crt_stdio_output@@IAE_NAA_J@Z 10021560 f i libucrtd:output.obj
 0001:00020590       ??$extract_argument_from_va_list@F_J@?$positional_parameter_base@DV?$stream_output_adapter@D@__crt_stdio_output@@@__crt_stdio_output@@IAE_NAA_J@Z 10021590 f i libucrtd:output.obj
 0001:000206c0       ??$extract_argument_from_va_list@F_J@?$positional_parameter_base@DV?$string_output_adapter@D@__crt_stdio_output@@@__crt_stdio_output@@IAE_NAA_J@Z 100216c0 f i libucrtd:output.obj
 0001:000207f0       ??$extract_argument_from_va_list@F_J@?$positional_parameter_base@_WV?$stream_output_adapter@_W@__crt_stdio_output@@@__crt_stdio_output@@IAE_NAA_J@Z 100217f0 f i libucrtd:output.obj
 0001:00020920       ??$extract_argument_from_va_list@F_J@?$positional_parameter_base@_WV?$string_output_adapter@_W@__crt_stdio_output@@@__crt_stdio_output@@IAE_NAA_J@Z 10021920 f i libucrtd:output.obj
 0001:00020a50       ??$extract_argument_from_va_list@F_J@?$standard_base@DV?$stream_output_adapter@D@__crt_stdio_output@@@__crt_stdio_output@@IAE_NAA_J@Z 10021a50 f i libucrtd:output.obj
 0001:00020a80       ??$extract_argument_from_va_list@F_J@?$standard_base@DV?$string_output_adapter@D@__crt_stdio_output@@@__crt_stdio_output@@IAE_NAA_J@Z 10021a80 f i libucrtd:output.obj
 0001:00020ab0       ??$extract_argument_from_va_list@F_J@?$standard_base@_WV?$stream_output_adapter@_W@__crt_stdio_output@@@__crt_stdio_output@@IAE_NAA_J@Z 10021ab0 f i libucrtd:output.obj
 0001:00020ae0       ??$extract_argument_from_va_list@F_J@?$standard_base@_WV?$string_output_adapter@_W@__crt_stdio_output@@@__crt_stdio_output@@IAE_NAA_J@Z 10021ae0 f i libucrtd:output.obj
 0001:00020b10       ??$extract_argument_from_va_list@GD@?$positional_parameter_base@DV?$stream_output_adapter@D@__crt_stdio_output@@@__crt_stdio_output@@IAE_NAAD@Z 10021b10 f i libucrtd:output.obj
 0001:00020c40       ??$extract_argument_from_va_list@GD@?$positional_parameter_base@DV?$string_output_adapter@D@__crt_stdio_output@@@__crt_stdio_output@@IAE_NAAD@Z 10021c40 f i libucrtd:output.obj
 0001:00020d70       ??$extract_argument_from_va_list@GD@?$standard_base@DV?$stream_output_adapter@D@__crt_stdio_output@@@__crt_stdio_output@@IAE_NAAD@Z 10021d70 f i libucrtd:output.obj
 0001:00020da0       ??$extract_argument_from_va_list@GD@?$standard_base@DV?$string_output_adapter@D@__crt_stdio_output@@@__crt_stdio_output@@IAE_NAAD@Z 10021da0 f i libucrtd:output.obj
 0001:00020dd0       ??$extract_argument_from_va_list@G_J@?$positional_parameter_base@DV?$stream_output_adapter@D@__crt_stdio_output@@@__crt_stdio_output@@IAE_NAA_J@Z 10021dd0 f i libucrtd:output.obj
 0001:00020f10       ??$extract_argument_from_va_list@G_J@?$positional_parameter_base@DV?$string_output_adapter@D@__crt_stdio_output@@@__crt_stdio_output@@IAE_NAA_J@Z 10021f10 f i libucrtd:output.obj
 0001:00021050       ??$extract_argument_from_va_list@G_J@?$positional_parameter_base@_WV?$stream_output_adapter@_W@__crt_stdio_output@@@__crt_stdio_output@@IAE_NAA_J@Z 10022050 f i libucrtd:output.obj
 0001:00021190       ??$extract_argument_from_va_list@G_J@?$positional_parameter_base@_WV?$string_output_adapter@_W@__crt_stdio_output@@@__crt_stdio_output@@IAE_NAA_J@Z 10022190 f i libucrtd:output.obj
 0001:000212d0       ??$extract_argument_from_va_list@G_J@?$standard_base@DV?$stream_output_adapter@D@__crt_stdio_output@@@__crt_stdio_output@@IAE_NAA_J@Z 100222d0 f i libucrtd:output.obj
 0001:00021300       ??$extract_argument_from_va_list@G_J@?$standard_base@DV?$string_output_adapter@D@__crt_stdio_output@@@__crt_stdio_output@@IAE_NAA_J@Z 10022300 f i libucrtd:output.obj
 0001:00021330       ??$extract_argument_from_va_list@G_J@?$standard_base@_WV?$stream_output_adapter@_W@__crt_stdio_output@@@__crt_stdio_output@@IAE_NAA_J@Z 10022330 f i libucrtd:output.obj
 0001:00021360       ??$extract_argument_from_va_list@G_J@?$standard_base@_WV?$string_output_adapter@_W@__crt_stdio_output@@@__crt_stdio_output@@IAE_NAA_J@Z 10022360 f i libucrtd:output.obj
 0001:00021390       ??$extract_argument_from_va_list@H_J@?$positional_parameter_base@DV?$stream_output_adapter@D@__crt_stdio_output@@@__crt_stdio_output@@IAE_NAA_J@Z 10022390 f i libucrtd:output.obj
 0001:000214c0       ??$extract_argument_from_va_list@H_J@?$positional_parameter_base@DV?$string_output_adapter@D@__crt_stdio_output@@@__crt_stdio_output@@IAE_NAA_J@Z 100224c0 f i libucrtd:output.obj
 0001:000215f0       ??$extract_argument_from_va_list@H_J@?$positional_parameter_base@_WV?$stream_output_adapter@_W@__crt_stdio_output@@@__crt_stdio_output@@IAE_NAA_J@Z 100225f0 f i libucrtd:output.obj
 0001:00021720       ??$extract_argument_from_va_list@H_J@?$positional_parameter_base@_WV?$string_output_adapter@_W@__crt_stdio_output@@@__crt_stdio_output@@IAE_NAA_J@Z 10022720 f i libucrtd:output.obj
 0001:00021850       ??$extract_argument_from_va_list@H_J@?$standard_base@DV?$stream_output_adapter@D@__crt_stdio_output@@@__crt_stdio_output@@IAE_NAA_J@Z 10022850 f i libucrtd:output.obj
 0001:00021880       ??$extract_argument_from_va_list@H_J@?$standard_base@DV?$string_output_adapter@D@__crt_stdio_output@@@__crt_stdio_output@@IAE_NAA_J@Z 10022880 f i libucrtd:output.obj
 0001:000218b0       ??$extract_argument_from_va_list@H_J@?$standard_base@_WV?$stream_output_adapter@_W@__crt_stdio_output@@@__crt_stdio_output@@IAE_NAA_J@Z 100228b0 f i libucrtd:output.obj
 0001:000218e0       ??$extract_argument_from_va_list@H_J@?$standard_base@_WV?$string_output_adapter@_W@__crt_stdio_output@@@__crt_stdio_output@@IAE_NAA_J@Z 100228e0 f i libucrtd:output.obj
 0001:00021910       ??$extract_argument_from_va_list@I_J@?$positional_parameter_base@DV?$stream_output_adapter@D@__crt_stdio_output@@@__crt_stdio_output@@IAE_NAA_J@Z 10022910 f i libucrtd:output.obj
 0001:00021a40       ??$extract_argument_from_va_list@I_J@?$positional_parameter_base@DV?$string_output_adapter@D@__crt_stdio_output@@@__crt_stdio_output@@IAE_NAA_J@Z 10022a40 f i libucrtd:output.obj
 0001:00021b70       ??$extract_argument_from_va_list@I_J@?$positional_parameter_base@_WV?$stream_output_adapter@_W@__crt_stdio_output@@@__crt_stdio_output@@IAE_NAA_J@Z 10022b70 f i libucrtd:output.obj
 0001:00021ca0       ??$extract_argument_from_va_list@I_J@?$positional_parameter_base@_WV?$string_output_adapter@_W@__crt_stdio_output@@@__crt_stdio_output@@IAE_NAA_J@Z 10022ca0 f i libucrtd:output.obj
 0001:00021dd0       ??$extract_argument_from_va_list@I_J@?$standard_base@DV?$stream_output_adapter@D@__crt_stdio_output@@@__crt_stdio_output@@IAE_NAA_J@Z 10022dd0 f i libucrtd:output.obj
 0001:00021e00       ??$extract_argument_from_va_list@I_J@?$standard_base@DV?$string_output_adapter@D@__crt_stdio_output@@@__crt_stdio_output@@IAE_NAA_J@Z 10022e00 f i libucrtd:output.obj
 0001:00021e30       ??$extract_argument_from_va_list@I_J@?$standard_base@_WV?$stream_output_adapter@_W@__crt_stdio_output@@@__crt_stdio_output@@IAE_NAA_J@Z 10022e30 f i libucrtd:output.obj
 0001:00021e60       ??$extract_argument_from_va_list@I_J@?$standard_base@_WV?$string_output_adapter@_W@__crt_stdio_output@@@__crt_stdio_output@@IAE_NAA_J@Z 10022e60 f i libucrtd:output.obj
 0001:00021e90       ??$extract_argument_from_va_list@PADPAD@?$positional_parameter_base@DV?$stream_output_adapter@D@__crt_stdio_output@@@__crt_stdio_output@@IAE_NAAPAD@Z 10022e90 f i libucrtd:output.obj
 0001:00021fc0       ??$extract_argument_from_va_list@PADPAD@?$positional_parameter_base@DV?$string_output_adapter@D@__crt_stdio_output@@@__crt_stdio_output@@IAE_NAAPAD@Z 10022fc0 f i libucrtd:output.obj
 0001:000220f0       ??$extract_argument_from_va_list@PADPAD@?$positional_parameter_base@_WV?$stream_output_adapter@_W@__crt_stdio_output@@@__crt_stdio_output@@IAE_NAAPAD@Z 100230f0 f i libucrtd:output.obj
 0001:00022220       ??$extract_argument_from_va_list@PADPAD@?$positional_parameter_base@_WV?$string_output_adapter@_W@__crt_stdio_output@@@__crt_stdio_output@@IAE_NAAPAD@Z 10023220 f i libucrtd:output.obj
 0001:00022350       ??$extract_argument_from_va_list@PADPAD@?$standard_base@DV?$stream_output_adapter@D@__crt_stdio_output@@@__crt_stdio_output@@IAE_NAAPAD@Z 10023350 f i libucrtd:output.obj
 0001:00022380       ??$extract_argument_from_va_list@PADPAD@?$standard_base@DV?$string_output_adapter@D@__crt_stdio_output@@@__crt_stdio_output@@IAE_NAAPAD@Z 10023380 f i libucrtd:output.obj
 0001:000223b0       ??$extract_argument_from_va_list@PADPAD@?$standard_base@_WV?$stream_output_adapter@_W@__crt_stdio_output@@@__crt_stdio_output@@IAE_NAAPAD@Z 100233b0 f i libucrtd:output.obj
 0001:000223e0       ??$extract_argument_from_va_list@PADPAD@?$standard_base@_WV?$string_output_adapter@_W@__crt_stdio_output@@@__crt_stdio_output@@IAE_NAAPAD@Z 100233e0 f i libucrtd:output.obj
 0001:00022b10       ??$extract_argument_from_va_list@PAXPAX@?$positional_parameter_base@DV?$stream_output_adapter@D@__crt_stdio_output@@@__crt_stdio_output@@IAE_NAAPAX@Z 10023b10 f i libucrtd:output.obj
 0001:00022c40       ??$extract_argument_from_va_list@PAXPAX@?$positional_parameter_base@DV?$string_output_adapter@D@__crt_stdio_output@@@__crt_stdio_output@@IAE_NAAPAX@Z 10023c40 f i libucrtd:output.obj
 0001:00022d70       ??$extract_argument_from_va_list@PAXPAX@?$positional_parameter_base@_WV?$stream_output_adapter@_W@__crt_stdio_output@@@__crt_stdio_output@@IAE_NAAPAX@Z 10023d70 f i libucrtd:output.obj
 0001:00022ea0       ??$extract_argument_from_va_list@PAXPAX@?$positional_parameter_base@_WV?$string_output_adapter@_W@__crt_stdio_output@@@__crt_stdio_output@@IAE_NAAPAX@Z 10023ea0 f i libucrtd:output.obj
 0001:00022fd0       ??$extract_argument_from_va_list@PAXPAX@?$standard_base@DV?$stream_output_adapter@D@__crt_stdio_output@@@__crt_stdio_output@@IAE_NAAPAX@Z 10023fd0 f i libucrtd:output.obj
 0001:00023000       ??$extract_argument_from_va_list@PAXPAX@?$standard_base@DV?$string_output_adapter@D@__crt_stdio_output@@@__crt_stdio_output@@IAE_NAAPAX@Z 10024000 f i libucrtd:output.obj
 0001:00023030       ??$extract_argument_from_va_list@PAXPAX@?$standard_base@_WV?$stream_output_adapter@_W@__crt_stdio_output@@@__crt_stdio_output@@IAE_NAAPAX@Z 10024030 f i libucrtd:output.obj
 0001:00023060       ??$extract_argument_from_va_list@PAXPAX@?$standard_base@_WV?$string_output_adapter@_W@__crt_stdio_output@@@__crt_stdio_output@@IAE_NAAPAX@Z 10024060 f i libucrtd:output.obj
 0001:00023090       ??$extract_argument_from_va_list@U_CRT_DOUBLE@@U1@@?$positional_parameter_base@DV?$stream_output_adapter@D@__crt_stdio_output@@@__crt_stdio_output@@IAE_NAAU_CRT_DOUBLE@@@Z 10024090 f i libucrtd:output.obj
 0001:000231f0       ??$extract_argument_from_va_list@U_CRT_DOUBLE@@U1@@?$positional_parameter_base@DV?$string_output_adapter@D@__crt_stdio_output@@@__crt_stdio_output@@IAE_NAAU_CRT_DOUBLE@@@Z 100241f0 f i libucrtd:output.obj
 0001:00023350       ??$extract_argument_from_va_list@U_CRT_DOUBLE@@U1@@?$positional_parameter_base@_WV?$stream_output_adapter@_W@__crt_stdio_output@@@__crt_stdio_output@@IAE_NAAU_CRT_DOUBLE@@@Z 10024350 f i libucrtd:output.obj
 0001:000234b0       ??$extract_argument_from_va_list@U_CRT_DOUBLE@@U1@@?$positional_parameter_base@_WV?$string_output_adapter@_W@__crt_stdio_output@@@__crt_stdio_output@@IAE_NAAU_CRT_DOUBLE@@@Z 100244b0 f i libucrtd:output.obj
 0001:00023610       ??$extract_argument_from_va_list@U_CRT_DOUBLE@@U1@@?$standard_base@DV?$stream_output_adapter@D@__crt_stdio_output@@@__crt_stdio_output@@IAE_NAAU_CRT_DOUBLE@@@Z 10024610 f i libucrtd:output.obj
 0001:00023660       ??$extract_argument_from_va_list@U_CRT_DOUBLE@@U1@@?$standard_base@DV?$string_output_adapter@D@__crt_stdio_output@@@__crt_stdio_output@@IAE_NAAU_CRT_DOUBLE@@@Z 10024660 f i libucrtd:output.obj
 0001:000236b0       ??$extract_argument_from_va_list@U_CRT_DOUBLE@@U1@@?$standard_base@_WV?$stream_output_adapter@_W@__crt_stdio_output@@@__crt_stdio_output@@IAE_NAAU_CRT_DOUBLE@@@Z 100246b0 f i libucrtd:output.obj
 0001:00023700       ??$extract_argument_from_va_list@U_CRT_DOUBLE@@U1@@?$standard_base@_WV?$string_output_adapter@_W@__crt_stdio_output@@@__crt_stdio_output@@IAE_NAAU_CRT_DOUBLE@@@Z 10024700 f i libucrtd:output.obj
 0001:00023750       ??$extract_argument_from_va_list@_J_J@?$positional_parameter_base@DV?$stream_output_adapter@D@__crt_stdio_output@@@__crt_stdio_output@@IAE_NAA_J@Z 10024750 f i libucrtd:output.obj
 0001:00023880       ??$extract_argument_from_va_list@_J_J@?$positional_parameter_base@DV?$string_output_adapter@D@__crt_stdio_output@@@__crt_stdio_output@@IAE_NAA_J@Z 10024880 f i libucrtd:output.obj
 0001:000239b0       ??$extract_argument_from_va_list@_J_J@?$positional_parameter_base@_WV?$stream_output_adapter@_W@__crt_stdio_output@@@__crt_stdio_output@@IAE_NAA_J@Z 100249b0 f i libucrtd:output.obj
 0001:00023ae0       ??$extract_argument_from_va_list@_J_J@?$positional_parameter_base@_WV?$string_output_adapter@_W@__crt_stdio_output@@@__crt_stdio_output@@IAE_NAA_J@Z 10024ae0 f i libucrtd:output.obj
 0001:00023c10       ??$extract_argument_from_va_list@_J_J@?$standard_base@DV?$stream_output_adapter@D@__crt_stdio_output@@@__crt_stdio_output@@IAE_NAA_J@Z 10024c10 f i libucrtd:output.obj
 0001:00023c40       ??$extract_argument_from_va_list@_J_J@?$standard_base@DV?$string_output_adapter@D@__crt_stdio_output@@@__crt_stdio_output@@IAE_NAA_J@Z 10024c40 f i libucrtd:output.obj
 0001:00023c70       ??$extract_argument_from_va_list@_J_J@?$standard_base@_WV?$stream_output_adapter@_W@__crt_stdio_output@@@__crt_stdio_output@@IAE_NAA_J@Z 10024c70 f i libucrtd:output.obj
 0001:00023ca0       ??$extract_argument_from_va_list@_J_J@?$standard_base@_WV?$string_output_adapter@_W@__crt_stdio_output@@@__crt_stdio_output@@IAE_NAA_J@Z 10024ca0 f i libucrtd:output.obj
 0001:00023cd0       ??$extract_argument_from_va_list@_K_J@?$positional_parameter_base@DV?$stream_output_adapter@D@__crt_stdio_output@@@__crt_stdio_output@@IAE_NAA_J@Z 10024cd0 f i libucrtd:output.obj
 0001:00023e00       ??$extract_argument_from_va_list@_K_J@?$positional_parameter_base@DV?$string_output_adapter@D@__crt_stdio_output@@@__crt_stdio_output@@IAE_NAA_J@Z 10024e00 f i libucrtd:output.obj
 0001:00023f30       ??$extract_argument_from_va_list@_K_J@?$positional_parameter_base@_WV?$stream_output_adapter@_W@__crt_stdio_output@@@__crt_stdio_output@@IAE_NAA_J@Z 10024f30 f i libucrtd:output.obj
 0001:00024060       ??$extract_argument_from_va_list@_K_J@?$positional_parameter_base@_WV?$string_output_adapter@_W@__crt_stdio_output@@@__crt_stdio_output@@IAE_NAA_J@Z 10025060 f i libucrtd:output.obj
 0001:00024190       ??$extract_argument_from_va_list@_K_J@?$standard_base@DV?$stream_output_adapter@D@__crt_stdio_output@@@__crt_stdio_output@@IAE_NAA_J@Z 10025190 f i libucrtd:output.obj
 0001:000241c0       ??$extract_argument_from_va_list@_K_J@?$standard_base@DV?$string_output_adapter@D@__crt_stdio_output@@@__crt_stdio_output@@IAE_NAA_J@Z 100251c0 f i libucrtd:output.obj
 0001:000241f0       ??$extract_argument_from_va_list@_K_J@?$standard_base@_WV?$stream_output_adapter@_W@__crt_stdio_output@@@__crt_stdio_output@@IAE_NAA_J@Z 100251f0 f i libucrtd:output.obj
 0001:00024220       ??$extract_argument_from_va_list@_K_J@?$standard_base@_WV?$string_output_adapter@_W@__crt_stdio_output@@@__crt_stdio_output@@IAE_NAA_J@Z 10025220 f i libucrtd:output.obj
 0001:00024250       ??$extract_argument_from_va_list@_W_W@?$positional_parameter_base@DV?$stream_output_adapter@D@__crt_stdio_output@@@__crt_stdio_output@@IAE_NAA_W@Z 10025250 f i libucrtd:output.obj
 0001:00024380       ??$extract_argument_from_va_list@_W_W@?$positional_parameter_base@DV?$string_output_adapter@D@__crt_stdio_output@@@__crt_stdio_output@@IAE_NAA_W@Z 10025380 f i libucrtd:output.obj
 0001:000244b0       ??$extract_argument_from_va_list@_W_W@?$positional_parameter_base@_WV?$stream_output_adapter@_W@__crt_stdio_output@@@__crt_stdio_output@@IAE_NAA_W@Z 100254b0 f i libucrtd:output.obj
 0001:000245e0       ??$extract_argument_from_va_list@_W_W@?$positional_parameter_base@_WV?$string_output_adapter@_W@__crt_stdio_output@@@__crt_stdio_output@@IAE_NAA_W@Z 100255e0 f i libucrtd:output.obj
 0001:00024710       ??$extract_argument_from_va_list@_W_W@?$standard_base@DV?$stream_output_adapter@D@__crt_stdio_output@@@__crt_stdio_output@@IAE_NAA_W@Z 10025710 f i libucrtd:output.obj
 0001:00024740       ??$extract_argument_from_va_list@_W_W@?$standard_base@DV?$string_output_adapter@D@__crt_stdio_output@@@__crt_stdio_output@@IAE_NAA_W@Z 10025740 f i libucrtd:output.obj
 0001:00024770       ??$extract_argument_from_va_list@_W_W@?$standard_base@_WV?$stream_output_adapter@_W@__crt_stdio_output@@@__crt_stdio_output@@IAE_NAA_W@Z 10025770 f i libucrtd:output.obj
 0001:000247a0       ??$extract_argument_from_va_list@_W_W@?$standard_base@_WV?$string_output_adapter@_W@__crt_stdio_output@@@__crt_stdio_output@@IAE_NAA_W@Z 100257a0 f i libucrtd:output.obj
 0001:000247d0       ??$get_parameter_type@D@?$positional_parameter_base@DV?$stream_output_adapter@D@__crt_stdio_output@@@__crt_stdio_output@@CA?AW4parameter_type@01@PAD@Z 100257d0 f i libucrtd:output.obj
 0001:000247e0       ??$get_parameter_type@D@?$positional_parameter_base@DV?$string_output_adapter@D@__crt_stdio_output@@@__crt_stdio_output@@CA?AW4parameter_type@01@PAD@Z 100257e0 f i libucrtd:output.obj
 0001:000247f0       ??$get_parameter_type@D@?$positional_parameter_base@_WV?$stream_output_adapter@_W@__crt_stdio_output@@@__crt_stdio_output@@CA?AW4parameter_type@01@PAD@Z 100257f0 f i libucrtd:output.obj
 0001:00024800       ??$get_parameter_type@D@?$positional_parameter_base@_WV?$string_output_adapter@_W@__crt_stdio_output@@@__crt_stdio_output@@CA?AW4parameter_type@01@PAD@Z 10025800 f i libucrtd:output.obj
[...]
 0002:0001b930       __sehtable$??$?RV<lambda_3a2a6cca1b0f7007a3db339dcecd1562>@@AAV<lambda_e38011a3ba6e07c7dbcef4d549f26102>@@V<lambda_b2332a2b562101f3c3c34baab19e0511>@@@?$__crt_seh_guarded_call@H@@QAEH$$QAV<lambda_3a2a6cca1b0f7007a3db339dcecd1562>@@AAV<lambda_e38011a3ba6e07c7dbcef4d549f26102>@@$$QAV<lambda_b2332a2b562101f3c3c34baab19e0511>@@@Z 10094930     libucrtd:output.obj
 0002:0001b950       __sehtable$??$?RV<lambda_b4329732a1a72698597872ef534ad66d>@@AAV<lambda_96392db5b14a27f72535a2156da24b09>@@V<lambda_0f47277b42e3e84c3311fed419af0b3c>@@@?$__crt_seh_guarded_call@H@@QAEH$$QAV<lambda_b4329732a1a72698597872ef534ad66d>@@AAV<lambda_96392db5b14a27f72535a2156da24b09>@@$$QAV<lambda_0f47277b42e3e84c3311fed419af0b3c>@@@Z 10094950     libucrtd:output.obj
 0002:0001b970       __sehtable$??$?RV<lambda_636fb9b48025d66c2559a49a493587d5>@@AAV<lambda_c8faeb264fdcc4f3901f0705ce773d88>@@V<lambda_dced16f8255fcb5c10431ec2cadde238>@@@?$__crt_seh_guarded_call@H@@QAEH$$QAV<lambda_636fb9b48025d66c2559a49a493587d5>@@AAV<lambda_c8faeb264fdcc4f3901f0705ce773d88>@@$$QAV<lambda_dced16f8255fcb5c10431ec2cadde238>@@@Z 10094970     libucrtd:dbgrpt.obj
 0002:0001b990       __sehtable$??$?RV<lambda_39c757ba59d6ac35fb053df21e15f225>@@AAV<lambda_0e8d296f2015d00575aaed1fd344af09>@@V<lambda_6437917bd4515e197deeccd168d5d84f>@@@?$__crt_seh_guarded_call@H@@QAEH$$QAV<lambda_39c757ba59d6ac35fb053df21e15f225>@@AAV<lambda_0e8d296f2015d00575aaed1fd344af09>@@$$QAV<lambda_6437917bd4515e197deeccd168d5d84f>@@@Z 10094990     libucrtd:dbgrpt.obj
 0002:0001b9b0       __sehtable$??$?RV<lambda_15ade71b0218206bbe3333a0c9b79046>@@AAV<lambda_da44e0f8b0f19ba52fefafb335991732>@@V<lambda_207f2d024fc103971653565357d6cd41>@@@?$__crt_seh_guarded_call@X@@QAEX$$QAV<lambda_15ade71b0218206bbe3333a0c9b79046>@@AAV<lambda_da44e0f8b0f19ba52fefafb335991732>@@$$QAV<lambda_207f2d024fc103971653565357d6cd41>@@@Z 100949b0     libucrtd:per_thread_data.obj
 0002:0001b9d0       __sehtable$??$?RV<lambda_a7e850c220f1c8d1e6efeecdedd162c6>@@AAV<lambda_46720907175c18b6c9d2717bc0d2d362>@@V<lambda_9048902d66e8d99359bc9897bbb930a8>@@@?$__crt_seh_guarded_call@X@@QAEX$$QAV<lambda_a7e850c220f1c8d1e6efeecdedd162c6>@@AAV<lambda_46720907175c18b6c9d2717bc0d2d362>@@$$QAV<lambda_9048902d66e8d99359bc9897bbb930a8>@@@Z 100949d0     libucrtd:per_thread_data.obj
 0002:0001b9f0       __sehtable$??$?RV<lambda_eb0e2b1d104b126d27395a74edba6f03>@@AAV<lambda_d51eb34c9f7d53dbc39f6b791b6a3e42>@@V<lambda_f7564ebddb1f0eaf818ab6f3eade8363>@@@?$__crt_seh_guarded_call@X@@QAEX$$QAV<lambda_eb0e2b1d104b126d27395a74edba6f03>@@AAV<lambda_d51eb34c9f7d53dbc39f6b791b6a3e42>@@$$QAV<lambda_f7564ebddb1f0eaf818ab6f3eade8363>@@@Z 100949f0     libucrtd:per_thread_data.obj
 0002:0001ba10       __sehtable$??$?RV<lambda_6affb1475c98b40b75cdec977db92e3c>@@AAV<lambda_b8d4b9c228a6ecc3f80208dbb4b4a104>@@V<lambda_608742c3c92a14382c1684fc64f96c88>@@@?$__crt_seh_guarded_call@X@@QAEX$$QAV<lambda_6affb1475c98b40b75cdec977db92e3c>@@AAV<lambda_b8d4b9c228a6ecc3f80208dbb4b4a104>@@$$QAV<lambda_608742c3c92a14382c1684fc64f96c88>@@@Z 10094a10     libucrtd:per_thread_data.obj
 0002:0001ba30       __sehtable$?update_thread_multibyte_data_internal@@YAPAU__crt_multibyte_data@@QAU__acrt_ptd@@QAU1@@Z 10094a30     libucrtd:mbctype.obj
 0002:0001ba50       __sehtable$??$?RV<lambda_b5fb591949065c3fa449bad279e8c939>@@AAV<lambda_6c10a39a819b864ce80acc26b314dcd3>@@V<lambda_e567670a9eae49807d365f3e9c117712>@@@?$__crt_seh_guarded_call@X@@QAEX$$QAV<lambda_b5fb591949065c3fa449bad279e8c939>@@AAV<lambda_6c10a39a819b864ce80acc26b314dcd3>@@$$QAV<lambda_e567670a9eae49807d365f3e9c117712>@@@Z 10094a50     libucrtd:mbctype.obj
 0002:0001ba70       __sehtable$??$?RV<lambda_93797fb4802c957ba6a7f08e1250235b>@@AAV<lambda_1f3ce6bd48e0aa2e72a71c02eee379d3>@@V<lambda_56cae30c9364c9b6c15aeaac05d0418e>@@@?$__crt_seh_guarded_call@H@@QAEH$$QAV<lambda_93797fb4802c957ba6a7f08e1250235b>@@AAV<lambda_1f3ce6bd48e0aa2e72a71c02eee379d3>@@$$QAV<lambda_56cae30c9364c9b6c15aeaac05d0418e>@@@Z 10094a70     libucrtd:winapi_thunks.obj
 0002:0001ba90       __sehtable$___acrt_initialize_lowio 10094a90     libucrtd:ioinit.obj
 0002:0001bab0       __sehtable$__query_new_handler 10094ab0     libucrtd:new_handler.obj
 0002:0001bad0       __sehtable$__set_new_handler 10094ad0     libucrtd:new_handler.obj
 0002:0001baf0       __sehtable$_signal         10094af0     libucrtd:signal.obj
 0002:0001bb10       __sehtable$_raise          10094b10     libucrtd:signal.obj
 0002:0001bb30       __sehtable$?ctrlevent_capture@@YGHK@Z 10094b30     libucrtd:signal.obj
 0002:0001bb50       __sehtable$??$?RV<lambda_cbab9ec6f41b0180b23cc171c22676b0>@@AAV<lambda_44731a7d0e6d81c3e6aa82d741081786>@@V<lambda_4b292cb8dd18144e164572427af410ab>@@@?$__crt_seh_guarded_call@P6AXH@Z@@QAEP6AXH@Z$$QAV<lambda_cbab9ec6f41b0180b23cc171c22676b0>@@AAV<lambda_44731a7d0e6d81c3e6aa82d741081786>@@$$QAV<lambda_4b292cb8dd18144e164572427af410ab>@@@Z 10094b50     libucrtd:signal.obj
 0002:0001bb70       __sehtable$__free_locale   10094b70     libucrtd:wsetlocale.obj
 0002:0001bb98       __sehtable$??$?RV<lambda_e5124f882df8998aaf41531e079ba474>@@AAV<lambda_3e16ef9562a7dcce91392c22ab16ea36>@@V<lambda_e25ca0880e6ef98be67edffd8c599615>@@@?$__crt_seh_guarded_call@X@@QAEX$$QAV<lambda_e5124f882df8998aaf41531e079ba474>@@AAV<lambda_3e16ef9562a7dcce91392c22ab16ea36>@@$$QAV<lambda_e25ca0880e6ef98be67edffd8c599615>@@@Z 10094b98     libucrtd:wsetlocale.obj
 0002:0001bbb8       __sehtable$??$?RV<lambda_82aef432098b982f9ede325b418aa67a>@@AAV<lambda_862e9a3f04921db6ca1ce3faa2bf3edf>@@V<lambda_ffabc152e504b53d7492b9889b10c020>@@@?$__crt_seh_guarded_call@X@@QAEX$$QAV<lambda_82aef432098b982f9ede325b418aa67a>@@AAV<lambda_862e9a3f04921db6ca1ce3faa2bf3edf>@@$$QAV<lambda_ffabc152e504b53d7492b9889b10c020>@@@Z 10094bb8     libucrtd:wsetlocale.obj
 0002:0001bbd8       __sehtable$??$?RV<lambda_6673f7c4c09a5d469d0c27ae364621ce>@@AAV<lambda_ebab98244f73a74f49db879bf13fa982>@@V<lambda_be20789b7a146653eab82509ec35b419>@@@?$__crt_seh_guarded_call@X@@QAEX$$QAV<lambda_6673f7c4c09a5d469d0c27ae364621ce>@@AAV<lambda_ebab98244f73a74f49db879bf13fa982>@@$$QAV<lambda_be20789b7a146653eab82509ec35b419>@@@Z 10094bd8     libucrtd:wsetlocale.obj
 0002:0001bbf8       __sehtable$??$?RV<lambda_77dab89fbeac4a713f5109d3a84a64bd>@@AAV<lambda_5aa87bd3d20598fe94a7059d4352bb0a>@@V<lambda_5f774f8e5ad3390f551a2c439a85eac2>@@@?$__crt_seh_guarded_call@X@@QAEX$$QAV<lambda_77dab89fbeac4a713f5109d3a84a64bd>@@AAV<lambda_5aa87bd3d20598fe94a7059d4352bb0a>@@$$QAV<lambda_5f774f8e5ad3390f551a2c439a85eac2>@@@Z 10094bf8     libucrtd:wsetlocale.obj
 0002:0001bc18       __sehtable$??$?RV<lambda_287639389cd93001d524e978add0a966>@@AAV<lambda_ec6e89223f0b55d129b385f28d5ef06c>@@AAV<lambda_8dff2cf36a5417162780cd64fa2883ef>@@@?$__crt_seh_guarded_call@X@@QAEX$$QAV<lambda_287639389cd93001d524e978add0a966>@@AAV<lambda_ec6e89223f0b55d129b385f28d5ef06c>@@AAV<lambda_8dff2cf36a5417162780cd64fa2883ef>@@@Z 10094c18     libucrtd:wsetlocale.obj
 0002:0001bc34       __unwindtable$?fp_format_a@@YAHQBNPADIQADIH_NIQAU__crt_locale_pointers@@@Z 10094c34     libucrtd:cvt.obj
 0002:0001bc3c       __ehfuncinfo$?fp_format_a@@YAHQBNPADIQADIH_NIQAU__crt_locale_pointers@@@Z 10094c3c     libucrtd:cvt.obj
 0002:0001bc60       __sehtable$_fputwc         10094c60     libucrtd:fputwc.obj
 0002:0001bc80       __sehtable$_fputc          10094c80     libucrtd:fputc.obj
 0002:0001bca0       __sehtable$__VCrtDbgReportA 10094ca0     libucrtd:dbgrptt.obj
 0002:0001bcc8       __sehtable$__VCrtDbgReportW 10094cc8     libucrtd:dbgrptt.obj
 0002:0001bcf0       __sehtable$___acrt_update_thread_locale_data 10094cf0     libucrtd:locale_refcounting.obj
 0002:0001bd0c       __unwindtable$?shortsort@@YAXPAD0IP6AHPBX1@Z@Z 10094d0c     libucrtd:qsort.obj
 0002:0001bd14       __ehfuncinfo$?shortsort@@YAXPAD0IP6AHPBX1@Z@Z 10094d14     libucrtd:qsort.obj
 0002:0001bd38       __sehtable$__open_osfhandle 10094d38     libucrtd:osfinfo.obj
 0002:0001bd58       __sehtable$__alloc_osfhnd  10094d58     libucrtd:osfinfo.obj
 0002:0001bd78       __sehtable$___acrt_lowio_ensure_fh_exists 10094d78     libucrtd:osfinfo.obj
 0002:0001bd98       __sehtable$??$?RV<lambda_2866be3712abc81a800a822484c830d8>@@AAV<lambda_39ca0ed439415581b5b15c265174cece>@@V<lambda_2b24c74d71094a6cd0cb82e44167d71b>@@@?$__crt_seh_guarded_call@X@@QAEX$$QAV<lambda_2866be3712abc81a800a822484c830d8>@@AAV<lambda_39ca0ed439415581b5b15c265174cece>@@$$QAV<lambda_2b24c74d71094a6cd0cb82e44167d71b>@@@Z 10094d98     libucrtd:fflush.obj
 0002:0001bdb8       __sehtable$??$?RV<lambda_2cc53f568c5a2bb6f192f930a45d44ea>@@AAV<lambda_ab61a845afdef5b7c387490eaf3616ee>@@V<lambda_c2ffc0b7726aa6be21d5f0026187e748>@@@?$__crt_seh_guarded_call@X@@QAEX$$QAV<lambda_2cc53f568c5a2bb6f192f930a45d44ea>@@AAV<lambda_ab61a845afdef5b7c387490eaf3616ee>@@$$QAV<lambda_c2ffc0b7726aa6be21d5f0026187e748>@@@Z 10094db8     libucrtd:fflush.obj
 0002:0001bdd8       __sehtable$??$?RV<lambda_6d20deecaf4856105ebacbad442d1079>@@AAV<lambda_9a32fed5bf61b6b509b2d3f6003082a1>@@V<lambda_63ea2239ed67c638ddbae41947fdf875>@@@?$__crt_seh_guarded_call@H@@QAEH$$QAV<lambda_6d20deecaf4856105ebacbad442d1079>@@AAV<lambda_9a32fed5bf61b6b509b2d3f6003082a1>@@$$QAV<lambda_63ea2239ed67c638ddbae41947fdf875>@@@Z 10094dd8     libucrtd:fflush.obj
 0002:0001bdf8       __sehtable$__fcloseall     10094df8     libucrtd:closeall.obj
 0002:0001be14       __unwindtable$?_wcstombs_l_helper@@YAIPADPB_WIPAU__crt_locale_pointers@@@Z 10094e14     libucrtd:wcstombs.obj
 0002:0001be1c       __ehfuncinfo$?_wcstombs_l_helper@@YAIPADPB_WIPAU__crt_locale_pointers@@@Z 10094e1c     libucrtd:wcstombs.obj
 0002:0001be40       __sehtable$??$?RV<lambda_73934b50d04267ee15484ada9e51f93a>@@AAV<lambda_5533cddd4bda0037814beee657757329>@@V<lambda_505f522a38cc75b1e009910344c75d09>@@@?$__crt_seh_guarded_call@H@@QAEH$$QAV<lambda_73934b50d04267ee15484ada9e51f93a>@@AAV<lambda_5533cddd4bda0037814beee657757329>@@$$QAV<lambda_505f522a38cc75b1e009910344c75d09>@@@Z 10094e40     libucrtd:commit.obj
 0002:0001be60       __sehtable$__write         10094e60     libucrtd:write.obj
 0002:0001be80       __sehtable$??$common_lseek@J@@YAJHJH@Z 10094e80     libucrtd:lseek.obj
 0002:0001bea0       __sehtable$??$common_lseek@_J@@YA_JH_JH@Z 10094ea0     libucrtd:lseek.obj
 0002:0001bec0       __sehtable$_fclose         10094ec0     libucrtd:fclose.obj
 0002:0001bee0       __sehtable$___set_fpsr_sse2 10094ee0     libucrtd:fpctrl.obj
 0002:0001bf00       __sehtable$??$?RV<lambda_f828341fbe69b7c0d4c527b01f22877f>@@AAV<lambda_9e0b6ab72a5b3ae37ad997d08b519f50>@@V<lambda_f01deac0a8d65d6e0411edf7e0af5775>@@@?$__crt_seh_guarded_call@G@@QAEG$$QAV<lambda_f828341fbe69b7c0d4c527b01f22877f>@@AAV<lambda_9e0b6ab72a5b3ae37ad997d08b519f50>@@$$QAV<lambda_f01deac0a8d65d6e0411edf7e0af5775>@@@Z 10094f00     libucrtd:putwch.obj
 0002:0001bf20       __sehtable$??$?RV<lambda_e683defbe2e5a27c42b5544acbb13393>@@AAV<lambda_4e7105787b7b0e0227fbf2b2d883fa65>@@V<lambda_80a887151cae997482d53eaa74bb832b>@@@?$__crt_seh_guarded_call@H@@QAEH$$QAV<lambda_e683defbe2e5a27c42b5544acbb13393>@@AAV<lambda_4e7105787b7b0e0227fbf2b2d883fa65>@@$$QAV<lambda_80a887151cae997482d53eaa74bb832b>@@@Z 10094f20     libucrtd:close.obj
 0002:0001bf40       __sehtable$?__acrt_stdio_allocate_stream@@YA?AV__crt_stdio_stream@@XZ 10094f40     libucrtd:stream.obj
 0002:0001bf60       __sehtable$__IsNonwritableInCurrentImage 10094f60     LIBCMTD:pesect.obj
 0002:0001bf80       __sehtable$___FrameUnwindToState 10094f80     libvcruntimed:frame.obj
 0002:0001bfa8       __sehtable$?CallCatchBlock@@YAPAXPAUEHExceptionRecord@@PAUEHRegistrationNode@@PAU_CONTEXT@@PBU_s_FuncInfo@@PAXHK@Z 10094fa8     libvcruntimed:frame.obj
 0002:0001bfd0       __sehtable$___BuildCatchObject 10094fd0     libvcruntimed:frame.obj
 0002:0001bff0       __sehtable$___DestructExceptionObject 10094ff0     libvcruntimed:frame.obj
 0002:0001c00c       __catchsym$?CallUnexpected@@YAXPBU_s_ESTypeList@@@Z$2 1009500c     libvcruntimed:frame.obj
 0002:0001c01c       __unwindtable$?CallUnexpected@@YAXPBU_s_ESTypeList@@@Z 1009501c     libvcruntimed:frame.obj
 0002:0001c02c       __tryblocktable$?CallUnexpected@@YAXPBU_s_ESTypeList@@@Z 1009502c     libvcruntimed:frame.obj
 0002:0001c040       __ehfuncinfo$?CallUnexpected@@YAXPBU_s_ESTypeList@@@Z 10095040     libvcruntimed:frame.obj
 0002:0001c068       __sehtable$___BuildCatchObjectHelper 10095068     libvcruntimed:frame.obj
 0002:0001c0e0       .edata                     100950e0     kfighter.exp
 0002:0001c108       rgpv                       10095108     kfighter.exp
 0002:0001c10c       rgszName                   1009510c     kfighter.exp
 0002:0001c110       rgwOrd                     10095110     kfighter.exp
 0002:0001c112       szName                     10095112     kfighter.exp
 0002:0001c11f       $N00001                    1009511f     kfighter.exp
 0002:0001c3e2       .idata$6                   100953e2     kernel32:KERNEL32.dll
 0003:00000020       ?__vcrt_flsindex@@3KA      10096020     libvcruntimed:per_thread_data.obj
 0003:00000040       ?__acrt_current_request_number@@3JA 10096040     libucrtd:debug_heap.obj
 0003:00000060       ?__acrt_flsindex@@3KA      10096060     libucrtd:per_thread_data.obj
 0003:00000064       ?errno_no_memory@@3HA      10096064     libucrtd:errno.obj
 0003:00000068       ?doserrno_no_memory@@3KA   10096068     libucrtd:errno.obj
 0003:00000070       __mbctypes                 10096070     libucrtd:mbctype.obj
 0003:00000178       __mbcasemaps               10096178     libucrtd:mbctype.obj
 0003:00000278       ?__rgctypeflag@@3PADA      10096278     libucrtd:mbctype.obj
 0003:00000280       ?__rgcode_page_info@@3PAUcode_page_info@@A 10096280     libucrtd:mbctype.obj
 0003:0000068c       ?global_msvcrt_heap_handle_cache@?1??__acrt_get_msvcrt_heap_handle@@9@4PAXA 1009668c     libucrtd:free_base.obj
 0003:00000694       __ctype_loc_style          10096694     libucrtd:wsetlocale.obj
 0003:00000698       ?__acrt_debug_fill_threshold@@3IA 10096698     libucrtd:debug_fill_threshold.obj
 0003:000007e0       ?__DAZ_ENABLED@?1??__set_fpsr_sse2@@9@9 100967e0     libucrtd:fpctrl.obj
 0003:000007f0       ?__dcrt_lowio_console_output_handle@@3PAXA 100967f0     libucrtd:initcon.obj
 0003:00000910       ?__proc_attached@@3HA      10096910     LIBCMTD:dll_dllmain.obj
 0003:00000918       _GS_ExceptionRecord        10096918     LIBCMTD:gs_report.obj
 0003:00000968       _GS_ContextRecord          10096968     LIBCMTD:gs_report.obj
 0003:00000c58       ?module_local_atexit_table@@3U_onexit_table_t@@A 10096c58     LIBCMTD:utility.obj
 0003:00000c64       ?module_local_at_quick_exit_table@@3U_onexit_table_t@@A 10096c64     LIBCMTD:utility.obj
 0003:00000c70       ?module_local_atexit_table_initialized@@3_NA 10096c70     LIBCMTD:utility.obj
 0003:00000c71       ?is_initialized_as_dll@@3_NA 10096c71     LIBCMTD:utility.obj
 0003:00000ca8       ?heap@@3V_HeapManager@@A   10096ca8     libvcruntimed:undname.obj
 0003:00000cc0       ?buf@?1??dbGetString@DName@@QBEPADXZ@4PADA 10096cc0     libvcruntimed:undname.obj
 0003:00000d44       ?__vcrt_startup_thread_ptd@@3U__vcrt_ptd@@A 10096d44     libvcruntimed:per_thread_data.obj
 0003:00000d6c       ___vcrt_lock_table         10096d6c     libvcruntimed:locks.obj
 0003:00000d84       ___vcrt_locks_initialized  10096d84     libvcruntimed:locks.obj
 0003:00000d88       ?module_handles@@3PAPAUHINSTANCE__@@A 10096d88     libvcruntimed:winapi_downlevel.obj
 0003:00000d94       ?encoded_function_pointers@@3PAPAXA 10096d94     libvcruntimed:winapi_downlevel.obj
 0003:00000dac       ?c_termination_complete@@3JA 10096dac     libucrtd:exit.obj
 0003:00000db0       ?thread_local_exit_callback_func@@3P6GXPAXK0@ZA 10096db0     libucrtd:exit.obj
 0003:00000db8       ?program_name@?1???$common_configure_argv@D@@YAHW4_crt_argv_mode@@@Z@4PADA 10096db8     libucrtd:argv_parsing.obj
 0003:00000ec0       ?program_name@?1???$common_configure_argv@_W@@YAHW4_crt_argv_mode@@@Z@4PA_WA 10096ec0     libucrtd:argv_parsing.obj
 0003:000010f4       ?__acrt_first_block@@3PAU_CrtMemBlockHeader@@A 100970f4     libucrtd:debug_heap.obj
 0003:000010f8       ?__acrt_last_block@@3PAU_CrtMemBlockHeader@@A 100970f8     libucrtd:debug_heap.obj
 0003:000010fc       ?__acrt_total_allocations@@3IA 100970fc     libucrtd:debug_heap.obj
 0003:00001100       ?__acrt_current_allocations@@3IA 10097100     libucrtd:debug_heap.obj
 0003:00001104       ?__acrt_max_allocations@@3IA 10097104     libucrtd:debug_heap.obj
 0003:00001108       ?__acrt_check_frequency@@3IA 10097108     libucrtd:debug_heap.obj
 0003:0000110c       ?__acrt_check_counter@@3IA 1009710c     libucrtd:debug_heap.obj
 0003:00001114       ?heap_validation_pending@@3_NA 10097114     libucrtd:debug_heap.obj
 0003:00001118       __pmatherr_set             10097118     libucrtd:libm_error.obj
 0003:00001120       ?__acrt_lock_table@@3PAU_RTL_CRITICAL_SECTION@@A 10097120     libucrtd:locks.obj
 0003:00001270       ?__acrt_locks_initialized@@3IA 10097270     libucrtd:locks.obj
 0003:00001274       ?state_cache@?1???$get_cached_win_policy@Ubegin_thread_init_policy_properties@?1??__acrt_get_begin_thread_init_policy@@YA?AW4begin_thread_init_policy@@XZ@@@YA?AW4begin_thread_init_policy@@W4AppPolicyThreadInitializationType@@@Z@4JA 10097274     libucrtd:win_policies.obj
 0003:00001278       ?state_cache@?1???$get_cached_win_policy@Udeveloper_information_policy_properties@?1??__acrt_get_developer_information_policy@@YA?AW4developer_information_policy@@XZ@@@YA?AW4developer_information_policy@@W4AppPolicyShowDeveloperDiagnostic@@@Z@4JA 10097278     libucrtd:win_policies.obj
 0003:0000127c       ?state_cache@?1???$get_cached_win_policy@Uwindowing_model_policy_properties@?1??__acrt_get_windowing_model_policy@@YA?AW4windowing_model_policy@@XZ@@@YA?AW4windowing_model_policy@@W4AppPolicyWindowingModel@@@Z@4JA 1009727c     libucrtd:win_policies.obj
 0003:00001280       ?__acrt_invalid_parameter_handler@@3V?$dual_state_global@P6AXPB_W00II@Z@__crt_state_management@@A 10097280     libucrtd:invalid_parameter.obj
 0003:00001290       ?fSystemSet@@3HA           10097290     libucrtd:mbctype.obj
 0003:00001294       ?initialized@?1??__acrt_initialize_multibyte@@9@4_NA 10097294     libucrtd:mbctype.obj
 0003:000012b8       ?module_handles@@3PAPAUHINSTANCE__@@A 100972b8     libucrtd:winapi_thunks.obj
 0003:00001308       ?encoded_function_pointers@@3PAPAXA 10097308     libucrtd:winapi_thunks.obj
 0003:00001390       ?static_enum_proc@?1??enum_system_locales_ex_nolock@@YAHQ6GHPA_WKJ@Z@Z@4P6GH0KJ@ZA 10097390     libucrtd:winapi_thunks.obj
 0003:0000159c       ?__acrt_new_handler@@3V?$dual_state_global@P6AHI@Z@__crt_state_management@@A 1009759c     libucrtd:new_handler.obj
 0003:000015a0       ?console_ctrl_handler_installed@@3_NA 100975a0     libucrtd:signal.obj
 0003:000015a4       ?ctrlc_action@@3V?$dual_state_global@P6AXH@Z@__crt_state_management@@A 100975a4     libucrtd:signal.obj
 0003:000015a8       ?ctrlbreak_action@@3V?$dual_state_global@P6AXH@Z@__crt_state_management@@A 100975a8     libucrtd:signal.obj
 0003:000015ac       ?abort_action@@3V?$dual_state_global@P6AXH@Z@__crt_state_management@@A 100975ac     libucrtd:signal.obj
 0003:000015b0       ?term_action@@3V?$dual_state_global@P6AXH@Z@__crt_state_management@@A 100975b0     libucrtd:signal.obj
 0003:000015b4       ?user_matherr@@3V?$dual_state_global@P6AHPAU_exception@@@Z@__crt_state_management@@A 100975b4     libucrtd:matherr.obj
 0003:000015c4       ?__acrt_global_new_mode@@3V?$dual_state_global@J@__crt_state_management@@A 100975c4     libucrtd:new_mode.obj
 0003:000015d8       ?enable_percent_n@@3IA     100975d8     libucrtd:printf_count_output.obj
 0003:000015dc       ?__acrt_app_type@@3W4_crt_app_type@@A 100975dc     libucrtd:report_runtime_error.obj
 0003:000015e0       ?outmsg@?9??__acrt_report_runtime_error@@9@4PA_WA 100975e0     libucrtd:report_runtime_error.obj
 0003:00001c20       ___acrt_error_mode         10097c20     libucrtd:set_error_mode.obj
