 win32_kfighter

 Timestamp is 59749997 (Sun Jul 23 13:41:59 2017)

 Preferred load address is 00400000

 Start         Length     Name                   Class
 0001:00000000 00071a00H .text$mn                CODE
 0001:00071a00 000000dbH .text$x                 CODE
 0002:00000000 000001b4H .idata$5                DATA
 0002:000001b4 00000004H .00cfg                  DATA
 0002:000001b8 00000004H .CRT$XCA                DATA
 0002:000001bc 00000004H .CRT$XCAA               DATA
 0002:000001c0 00000004H .CRT$XCZ                DATA
 0002:000001c4 00000004H .CRT$XIA                DATA
 0002:000001c8 00000004H .CRT$XIAA               DATA
 0002:000001cc 00000004H .CRT$XIAC               DATA
 0002:000001d0 0000000cH .CRT$XIC                DATA
 0002:000001dc 00000004H .CRT$XIZ                DATA
 0002:000001e0 00000004H .CRT$XPA                DATA
 0002:000001e4 00000008H .CRT$XPX                DATA
 0002:000001ec 00000004H .CRT$XPXA               DATA
 0002:000001f0 00000004H .CRT$XPZ                DATA
 0002:000001f4 00000004H .CRT$XTA                DATA
 0002:000001f8 00000008H .CRT$XTZ                DATA
 0002:000001fc 00000000H .gfids$y                DATA
 0002:00000200 0001a5c0H .rdata                  DATA
 0002:0001a7c0 000002a0H .rdata$r                DATA
 0002:0001aa60 00000028H .rdata$sxdata           DATA
 0002:0001aa88 0000030cH .rdata$zzzdbg           DATA
 0002:0001ad94 00000004H .rtc$IAA                DATA
 0002:0001ad98 00000004H .rtc$IZZ                DATA
 0002:0001ad9c 00000004H .rtc$TAA                DATA
 0002:0001ada0 00000008H .rtc$TZZ                DATA
 0002:0001ada8 00000b58H .xdata$x                DATA
 0002:0001b900 00000000H .edata                  DATA
 0002:0001b900 00000050H .idata$2                DATA
 0002:0001b950 00000014H .idata$3                DATA
 0002:0001b964 000001b4H .idata$4                DATA
 0002:0001bb18 000007c0H .idata$6                DATA
 0003:00000000 000007e0H .data                   DATA
 0003:000007e0 00000110H .data$r                 DATA
 0003:000008f0 0000137cH .bss                    DATA

  Address         Publics by Value              Rva+Base       Lib:Object

 0000:00000000       ___guard_fids_count        00000000     <absolute>
 0000:00000000       ___dynamic_value_reloc_table 00000000     <absolute>
 0000:00000000       ___guard_iat_count         00000000     <absolute>
 0000:00000000       __except_list              00000000     <absolute>
 0000:00000000       ___guard_fids_table        00000000     <absolute>
 0000:00000000       ___guard_iat_table         00000000     <absolute>
 0000:00000000       ___guard_longjmp_count     00000000     <absolute>
 0000:00000000       ___guard_longjmp_table     00000000     <absolute>
 0000:0000000a       ___safe_se_handler_count   0000000a     <absolute>
 0000:00000100       ___guard_flags             00000100     <absolute>
 0000:00000000       ___ImageBase               00400000     <linker-defined>
 0001:00000000       ?gameUpdateAndRenderStub@@YAXMPAUGameMemory@@PAUGameInput@@PAUGameOffscreenBuffer@@@Z 00401000 f   win32_kfighter.obj
 0001:00000010       _WinMain@16                00401010 f   win32_kfighter.obj
 0001:00000be0       ?xinputGetStateStub@@YGKKPAU_XINPUT_STATE@@@Z 00401be0 f   win32_kfighter.obj
 0001:00000bf0       ?xinputSetStateStub@@YGKKPAU_XINPUT_VIBRATION@@@Z 00401bf0 f   win32_kfighter.obj
 0001:00001230       ?win32MainWindowCallback@@YGJPAUHWND__@@IIJ@Z 00402230 f   win32_kfighter.obj
 0001:00001520       ?win32ProcessPendingMessages@@YAXPAUWin32State@@PAUGameControllerInput@@@Z 00402520 f   win32_kfighter.obj
 0001:00001940       ?win32GetSecondsElapsedSince@@YAM_K@Z 00402940 f i win32_kfighter.obj
 0001:000019b0       ?win32GetTicks@@YA_KXZ     004029b0 f i win32_kfighter.obj
 0001:000019ca       _wsprintfA                 004029ca f   user32:USER32.dll
 0001:000019d0       _TranslateMessage@4        004029d0 f   user32:USER32.dll
 0001:000019d6       _DispatchMessageA@4        004029d6 f   user32:USER32.dll
 0001:000019dc       _PeekMessageA@20           004029dc f   user32:USER32.dll
 0001:000019e2       _DefWindowProcA@16         004029e2 f   user32:USER32.dll
 0001:000019e8       _RegisterClassA@4          004029e8 f   user32:USER32.dll
 0001:000019ee       _CreateWindowExA@48        004029ee f   user32:USER32.dll
 0001:000019f4       _GetDC@4                   004029f4 f   user32:USER32.dll
 0001:000019fa       _BeginPaint@8              004029fa f   user32:USER32.dll
 0001:00001a00       _EndPaint@8                00402a00 f   user32:USER32.dll
 0001:00001a06       _GetClientRect@8           00402a06 f   user32:USER32.dll
 0001:00001a0c       _StretchDIBits@52          00402a0c f   gdi32:GDI32.dll
 0001:00001a12       _timeBeginPeriod@4         00402a12 f   winmm:WINMM.dll
 0001:00001a20       @__security_check_cookie@4 00402a20 f   LIBCMTD:_secchk_.obj
 0001:00001a40       __allmul                   00402a40 f   LIBCMTD:llmul.obj
 0001:00001a80       __aulldiv                  00402a80 f   LIBCMTD:ulldiv.obj
 0001:00001af0       __aullrem                  00402af0 f   LIBCMTD:ullrem.obj
 0001:00001b70       __chkstk                   00402b70 f   LIBCMTD:chkstk.obj
 0001:00001b70       __alloca_probe             00402b70 f   LIBCMTD:chkstk.obj
 0001:00001ba0       __ftoui3                   00402ba0 f   LIBCMTD:_ftol3_.obj
 0001:00001baf       __ftoul3                   00402baf f   LIBCMTD:_ftol3_.obj
 0001:00001bbe       __ftol3                    00402bbe f   LIBCMTD:_ftol3_.obj
 0001:00001bcb       __ftol3_NaN                00402bcb f   LIBCMTD:_ftol3_.obj
 0001:00001be3       __ftol3_work               00402be3 f   LIBCMTD:_ftol3_.obj
 0001:00001c69       __ftol3_common             00402c69 f   LIBCMTD:_ftol3_.obj
 0001:00001d2b       __ftol3_arg_error          00402d2b f   LIBCMTD:_ftol3_.obj
 0001:00001d3d       __ftol3_except             00402d3d f   LIBCMTD:_ftol3_.obj
 0001:00001d81       __dtoui3                   00402d81 f   LIBCMTD:_ftol3_.obj
 0001:00001d90       __dtoul3                   00402d90 f   LIBCMTD:_ftol3_.obj
 0001:00001d9f       __dtol3                    00402d9f f   LIBCMTD:_ftol3_.obj
 0001:00001dac       __dtol3_NaN                00402dac f   LIBCMTD:_ftol3_.obj
 0001:00001dc9       __dtol3_work               00402dc9 f   LIBCMTD:_ftol3_.obj
 0001:00001eb0       __ultod3                   00402eb0 f   LIBCMTD:_ftol3_.obj
 0001:00001ef0       __ltod3                    00402ef0 f   LIBCMTD:_ftol3_.obj
 0001:00002230       ?configure_argv@__scrt_narrow_argv_policy@@SAHXZ 00403230 f i LIBCMTD:exe_winmain.obj
 0001:00002250       ?get_app_type@__scrt_winmain_policy@@SA?AW4_crt_app_type@@XZ 00403250 f i LIBCMTD:exe_winmain.obj
 0001:00002290       _WinMainCRTStartup         00403290 f   LIBCMTD:exe_winmain.obj
 0001:000022a0       ___raise_securityfailure   004032a0 f   LIBCMTD:gs_report.obj
 0001:000022d0       ___report_gsfailure        004032d0 f   LIBCMTD:gs_report.obj
 0001:000023e0       ___report_rangecheckfailure 004033e0 f   LIBCMTD:gs_report.obj
 0001:000023f0       ___report_securityfailure  004033f0 f   LIBCMTD:gs_report.obj
 0001:000024d0       ___report_securityfailureEx 004034d0 f   LIBCMTD:gs_report.obj
 0001:00002600       ??$__crt_fast_decode_pointer@PAP6AXXZ@@YAPAP6AXXZQAP6AXXZ@Z 00403600 f i LIBCMTD:utility.obj
 0001:00002630       ??$__crt_fast_encode_pointer@PAP6AXXZ@@YAPAP6AXXZQAP6AXXZ@Z 00403630 f i LIBCMTD:utility.obj
 0001:00002660       ?__crt_rotate_pointer_value@@YAIIH@Z 00403660 f i LIBCMTD:utility.obj
 0001:00002770       _NtCurrentTeb              00403770 f i LIBCMTD:utility.obj
 0001:00002780       ___scrt_acquire_startup_lock 00403780 f   LIBCMTD:utility.obj
 0001:000027d0       ___scrt_dllmain_after_initialize_c 004037d0 f   LIBCMTD:utility.obj
 0001:00002800       ___scrt_dllmain_before_initialize_c 00403800 f   LIBCMTD:utility.obj
 0001:00002820       ___scrt_dllmain_crt_thread_attach 00403820 f   LIBCMTD:utility.obj
 0001:00002850       ___scrt_dllmain_crt_thread_detach 00403850 f   LIBCMTD:utility.obj
 0001:00002870       ___scrt_dllmain_exception_filter 00403870 f   LIBCMTD:utility.obj
 0001:000028c0       ___scrt_dllmain_uninitialize_c 004038c0 f   LIBCMTD:utility.obj
 0001:000028f0       ___scrt_dllmain_uninitialize_critical 004038f0 f   LIBCMTD:utility.obj
 0001:00002910       ___scrt_initialize_crt     00403910 f   LIBCMTD:utility.obj
 0001:00002960       ___scrt_initialize_onexit_tables 00403960 f   LIBCMTD:utility.obj
 0001:00002a40       ___scrt_is_nonwritable_in_current_image 00403a40 f   LIBCMTD:utility.obj
 0001:00002b70       ___scrt_release_startup_lock 00403b70 f   LIBCMTD:utility.obj
 0001:00002ba0       ___scrt_uninitialize_crt   00403ba0 f   LIBCMTD:utility.obj
 0001:00002be0       __onexit                   00403be0 f   LIBCMTD:utility.obj
 0001:00002c50       _at_quick_exit             00403c50 f   LIBCMTD:utility.obj
 0001:00002ca0       _atexit                    00403ca0 f   LIBCMTD:utility.obj
 0001:00002cd0       ___security_init_cookie    00403cd0 f   LIBCMTD:gs_support.obj
 0001:00002db0       __matherr                  00403db0 f   LIBCMTD:matherr.obj
 0001:00002dc0       __get_startup_argv_mode    00403dc0 f   LIBCMTD:argv_mode.obj
 0001:00002dd0       __get_startup_commit_mode  00403dd0 f   LIBCMTD:commit_mode.obj
 0001:00002de0       __get_startup_file_mode    00403de0 f   LIBCMTD:file_mode.obj
 0001:00002df0       __get_startup_new_mode     00403df0 f   LIBCMTD:new_mode.obj
 0001:00002e00       __get_startup_thread_locale_mode 00403e00 f   LIBCMTD:thread_locale.obj
 0001:00002e10       ?__scrt_initialize_type_info@@YAXXZ 00403e10 f   LIBCMTD:tncleanup.obj
 0001:00002e20       ?__scrt_uninitialize_type_info@@YAXXZ 00403e20 f   LIBCMTD:tncleanup.obj
 0001:00002e40       __should_initialize_environment 00403e40 f   LIBCMTD:env_mode.obj
 0001:00002e50       __initialize_default_precision 00403e50 f   LIBCMTD:default_precision.obj
 0001:00002e80       __initialize_invalid_parameter_handler 00403e80 f   LIBCMTD:invalid_parameter_handler.obj
 0001:00002e90       __initialize_denormal_control 00403e90 f   LIBCMTD:denormal_control.obj
 0001:00002ea0       ___local_stdio_printf_options 00403ea0 f i LIBCMTD:default_local_stdio_options.obj
 0001:00002eb0       ___local_stdio_scanf_options 00403eb0 f i LIBCMTD:default_local_stdio_options.obj
 0001:00002ec0       ___scrt_initialize_default_local_stdio_options 00403ec0 f   LIBCMTD:default_local_stdio_options.obj
 0001:00002f00       ___scrt_is_user_matherr_present 00403f00 f   LIBCMTD:matherr_detection.obj
 0001:00002f30       ___scrt_get_dyn_tls_init_callback 00403f30 f   LIBCMTD:dyn_tls_init.obj
 0001:00002f40       ___scrt_get_dyn_tls_dtor_callback 00403f40 f   LIBCMTD:dyn_tls_dtor.obj
 0001:00002f50       ___scrt_fastfail           00403f50 f   LIBCMTD:utility_desktop.obj
 0001:00003090       ___scrt_get_show_window_mode 00404090 f   LIBCMTD:utility_desktop.obj
 0001:000030d0       ___scrt_initialize_winrt   004040d0 f   LIBCMTD:utility_desktop.obj
 0001:000030e0       ___scrt_is_managed_app     004040e0 f   LIBCMTD:utility_desktop.obj
 0001:00003170       ___scrt_set_unhandled_exception_filter 00404170 f   LIBCMTD:utility_desktop.obj
 0001:00003180       ___scrt_unhandled_exception_filter@4 00404180 f   LIBCMTD:utility_desktop.obj
 0001:000031e0       __crt_debugger_hook        004041e0 f   LIBCMTD:utility_desktop.obj
 0001:000031f0       __RTC_Initialize           004041f0 f   LIBCMTD:_initsect_.obj
 0001:00003220       __RTC_Terminate            00404220 f   LIBCMTD:_initsect_.obj
 0001:00003250       @_guard_check_icall@4      00404250 f i LIBCMTD:checkcfg.obj
 0001:00003270       ___isa_available_init      00404270 f   LIBCMTD:_cpu_disp_.obj
 0001:00003550       ___scrt_is_ucrt_dll_in_use 00404550 f   LIBCMTD:ucrt_detection.obj
 0001:00003580       @_guard_check_icall_nop@4  00404580 f i LIBCMTD:guard_support.obj
 0001:00003590       __guard_icall_checks_enforced 00404590 f i LIBCMTD:guard_support.obj
 0001:000035b8       _GetFileAttributesExA@12   004045b8 f   kernel32:KERNEL32.dll
 0001:000035be       _OutputDebugStringA@4      004045be f   kernel32:KERNEL32.dll
 0001:000035c4       _QueryPerformanceCounter@4 004045c4 f   kernel32:KERNEL32.dll
 0001:000035ca       _QueryPerformanceFrequency@4 004045ca f   kernel32:KERNEL32.dll
 0001:000035d0       _Sleep@4                   004045d0 f   kernel32:KERNEL32.dll
 0001:000035d6       _VirtualAlloc@16           004045d6 f   kernel32:KERNEL32.dll
 0001:000035dc       _VirtualFree@12            004045dc f   kernel32:KERNEL32.dll
 0001:000035e2       _FreeLibrary@4             004045e2 f   kernel32:KERNEL32.dll
 0001:000035e8       _GetModuleFileNameA@12     004045e8 f   kernel32:KERNEL32.dll
 0001:000035ee       _GetProcAddress@8          004045ee f   kernel32:KERNEL32.dll
 0001:000035f4       _LoadLibraryA@4            004045f4 f   kernel32:KERNEL32.dll
 0001:000035fa       _CopyFileA@12              004045fa f   kernel32:KERNEL32.dll
 0001:00003600       _UnhandledExceptionFilter@4 00404600 f   kernel32:KERNEL32.dll
 0001:00003606       _SetUnhandledExceptionFilter@4 00404606 f   kernel32:KERNEL32.dll
 0001:0000360c       _GetCurrentProcess@0       0040460c f   kernel32:KERNEL32.dll
 0001:00003612       _TerminateProcess@8        00404612 f   kernel32:KERNEL32.dll
 0001:00003618       _IsProcessorFeaturePresent@4 00404618 f   kernel32:KERNEL32.dll
 0001:0000361e       _GetCurrentProcessId@0     0040461e f   kernel32:KERNEL32.dll
 0001:00003624       _GetCurrentThreadId@0      00404624 f   kernel32:KERNEL32.dll
 0001:0000362a       _GetSystemTimeAsFileTime@4 0040462a f   kernel32:KERNEL32.dll
 0001:00003630       _InitializeSListHead@4     00404630 f   kernel32:KERNEL32.dll
 0001:00003636       _IsDebuggerPresent@0       00404636 f   kernel32:KERNEL32.dll
 0001:0000363c       _GetStartupInfoW@4         0040463c f   kernel32:KERNEL32.dll
 0001:00003642       _GetModuleHandleW@4        00404642 f   kernel32:KERNEL32.dll
 0001:00003650       _memcpy                    00404650 f   libvcruntimed:memcpy.obj
 0001:00003bd0       _memset                    00404bd0 f   libvcruntimed:memset.obj
 0001:00003d90       __except_handler4          00404d90 f   libvcruntimed:_chandler4_.obj
 0001:00003f60       ___vcrt_initialize         00404f60 f   libvcruntimed:initialization.obj
 0001:00003fa0       ___vcrt_thread_attach      00404fa0 f   libvcruntimed:initialization.obj
 0001:00003fc0       ___vcrt_thread_detach      00404fc0 f   libvcruntimed:initialization.obj
 0001:00003fe0       ___vcrt_uninitialize       00404fe0 f   libvcruntimed:initialization.obj
 0001:00004000       ___vcrt_uninitialize_critical 00405000 f   libvcruntimed:initialization.obj
 0001:00004040       ??$?RD@__crt_internal_free_policy@@QBEXQBD@Z 00405040 f i libvcruntimed:std_type_info.obj
 0001:00004060       ??$?RX@__crt_internal_free_policy@@QBEXQBX@Z 00405060 f i libvcruntimed:std_type_info.obj
 0001:00004080       ??$__crt_interlocked_compare_exchange_pointer@$$CBDPAD$$T@@YAPBDPDSBDQAD$$T@Z 00405080 f i libvcruntimed:std_type_info.obj
 0001:000040a0       ??$__crt_interlocked_read_pointer@$$CBD@@YAPBDPDSBD@Z 004050a0 f i libvcruntimed:std_type_info.obj
 0001:000040c0       ??0?$__crt_unique_heap_ptr@DU__crt_internal_free_policy@@@@QAE@QAD@Z 004050c0 f i libvcruntimed:std_type_info.obj
 0001:000040e0       ??0?$__crt_unique_heap_ptr@XU__crt_internal_free_policy@@@@QAE@QAX@Z 004050e0 f i libvcruntimed:std_type_info.obj
 0001:00004100       ??1?$__crt_unique_heap_ptr@DU__crt_internal_free_policy@@@@QAE@XZ 00405100 f i libvcruntimed:std_type_info.obj
 0001:00004120       ??1?$__crt_unique_heap_ptr@XU__crt_internal_free_policy@@@@QAE@XZ 00405120 f i libvcruntimed:std_type_info.obj
 0001:00004160       ??B?$__crt_unique_heap_ptr@DU__crt_internal_free_policy@@@@QBE_NXZ 00405160 f i libvcruntimed:std_type_info.obj
 0001:00004180       ??B?$__crt_unique_heap_ptr@XU__crt_internal_free_policy@@@@QBE_NXZ 00405180 f i libvcruntimed:std_type_info.obj
 0001:000041f0       ?__crt_interlocked_read_32@@YAHPDH@Z 004051f0 f i libvcruntimed:std_type_info.obj
 0001:00004210       ?detach@?$__crt_unique_heap_ptr@XU__crt_internal_free_policy@@@@QAEPAXXZ 00405210 f i libvcruntimed:std_type_info.obj
 0001:00004240       ?get@?$__crt_unique_heap_ptr@DU__crt_internal_free_policy@@@@QBEPADXZ 00405240 f i libvcruntimed:std_type_info.obj
 0001:00004250       ?get@?$__crt_unique_heap_ptr@XU__crt_internal_free_policy@@@@QBEPAXXZ 00405250 f i libvcruntimed:std_type_info.obj
 0001:00004260       ?is_valid@?$__crt_unique_heap_ptr@DU__crt_internal_free_policy@@@@QBE_NXZ 00405260 f i libvcruntimed:std_type_info.obj
 0001:00004290       ?is_valid@?$__crt_unique_heap_ptr@XU__crt_internal_free_policy@@@@QBE_NXZ 00405290 f i libvcruntimed:std_type_info.obj
 0001:000042c0       ?release@?$__crt_unique_heap_ptr@DU__crt_internal_free_policy@@@@QAEXXZ 004052c0 f i libvcruntimed:std_type_info.obj
 0001:000042f0       ?release@?$__crt_unique_heap_ptr@XU__crt_internal_free_policy@@@@QAEXXZ 004052f0 f i libvcruntimed:std_type_info.obj
 0001:00004320       ___std_type_info_compare   00405320 f   libvcruntimed:std_type_info.obj
 0001:00004350       ___std_type_info_destroy_list 00405350 f   libvcruntimed:std_type_info.obj
 0001:00004390       ___std_type_info_hash      00405390 f   libvcruntimed:std_type_info.obj
 0001:000043f0       ___std_type_info_name      004053f0 f   libvcruntimed:std_type_info.obj
 0001:000045d0       __local_unwind4            004055d0 f   libvcruntimed:_exsup4_.obj
 0001:000046a6       __seh_longjmp_unwind4@4    004056a6 f   libvcruntimed:_exsup4_.obj
 0001:000046ce       @_EH4_CallFilterFunc@8     004056ce f   libvcruntimed:_exsup4_.obj
 0001:000046e5       @_EH4_TransferToHandler@8  004056e5 f   libvcruntimed:_exsup4_.obj
 0001:000046fe       @_EH4_GlobalUnwind2@8      004056fe f   libvcruntimed:_exsup4_.obj
 0001:00004717       @_EH4_LocalUnwind@16       00405717 f   libvcruntimed:_exsup4_.obj
 0001:00004730       _ReadNoFence               00405730 f i libvcruntimed:jbcxrval.obj
 0001:00004750       _ReadPointerNoFence        00405750 f i libvcruntimed:jbcxrval.obj
 0001:00004770       ___except_validate_context_record 00405770 f   libvcruntimed:jbcxrval.obj
 0001:000047c0       ___except_validate_jump_buffer 004057c0 f   libvcruntimed:jbcxrval.obj
 0001:00004810       ??$?RU__vcrt_ptd@@@__crt_internal_free_policy@@QBEXQBU__vcrt_ptd@@@Z 00405810 f i libvcruntimed:per_thread_data.obj
 0001:00004830       ??0?$__crt_unique_heap_ptr@U__vcrt_ptd@@U__crt_internal_free_policy@@@@QAE@QAU__vcrt_ptd@@@Z 00405830 f i libvcruntimed:per_thread_data.obj
 0001:00004870       ??1?$__crt_unique_heap_ptr@U__vcrt_ptd@@U__crt_internal_free_policy@@@@QAE@XZ 00405870 f i libvcruntimed:per_thread_data.obj
 0001:000048b0       ??B?$__crt_unique_heap_ptr@U__vcrt_ptd@@U__crt_internal_free_policy@@@@QBE_NXZ 004058b0 f i libvcruntimed:per_thread_data.obj
 0001:000048d0       ?detach@?$__crt_unique_heap_ptr@U__vcrt_ptd@@U__crt_internal_free_policy@@@@QAEPAU__vcrt_ptd@@XZ 004058d0 f i libvcruntimed:per_thread_data.obj
 0001:00004900       ?get@?$__crt_unique_heap_ptr@U__vcrt_ptd@@U__crt_internal_free_policy@@@@QBEPAU__vcrt_ptd@@XZ 00405900 f i libvcruntimed:per_thread_data.obj
 0001:00004910       ?is_valid@?$__crt_unique_heap_ptr@U__vcrt_ptd@@U__crt_internal_free_policy@@@@QBE_NXZ 00405910 f i libvcruntimed:per_thread_data.obj
 0001:00004940       ?release@?$__crt_unique_heap_ptr@U__vcrt_ptd@@U__crt_internal_free_policy@@@@QAEXXZ 00405940 f i libvcruntimed:per_thread_data.obj
 0001:000049a0       ___vcrt_freefls@4          004059a0 f   libvcruntimed:per_thread_data.obj
 0001:000049d0       ___vcrt_freeptd            004059d0 f   libvcruntimed:per_thread_data.obj
 0001:00004a30       ___vcrt_getptd             00405a30 f   libvcruntimed:per_thread_data.obj
 0001:00004a50       ___vcrt_getptd_noexit      00405a50 f   libvcruntimed:per_thread_data.obj
 0001:00004bb0       ___vcrt_getptd_noinit      00405bb0 f   libvcruntimed:per_thread_data.obj
 0001:00004c10       ___vcrt_initialize_ptd     00405c10 f   libvcruntimed:per_thread_data.obj
 0001:00004c60       ___vcrt_uninitialize_ptd   00405c60 f   libvcruntimed:per_thread_data.obj
 0001:00004c90       ___vcrt_initialize_locks   00405c90 f   libvcruntimed:locks.obj
 0001:00004cf0       ___vcrt_lock               00405cf0 f   libvcruntimed:locks.obj
 0001:00004d10       ___vcrt_uninitialize_locks 00405d10 f   libvcruntimed:locks.obj
 0001:00004d60       ___vcrt_unlock             00405d60 f   libvcruntimed:locks.obj
 0001:00004d80       ??$?BX@__crt_fast_encoded_nullptr_t@@QBEPAXXZ 00405d80 f i libvcruntimed:winapi_downlevel.obj
 0001:00004da0       ??$__crt_fast_decode_pointer@PAX@@YAPAXQAX@Z 00405da0 f i libvcruntimed:winapi_downlevel.obj
 0001:00004dd0       ??$__crt_fast_encode_pointer@PAX@@YAPAXQAX@Z 00405dd0 f i libvcruntimed:winapi_downlevel.obj
 0001:00004e00       ??$__crt_interlocked_exchange_pointer@UHINSTANCE__@@PAU1@@@YAPAUHINSTANCE__@@PDSAU0@QAU0@@Z 00405e00 f i libvcruntimed:winapi_downlevel.obj
 0001:00004e10       ??$__crt_interlocked_exchange_pointer@UHINSTANCE__@@PAX@@YAPAUHINSTANCE__@@PDSAU0@QAX@Z 00405e10 f i libvcruntimed:winapi_downlevel.obj
 0001:00004e20       ??$__crt_interlocked_exchange_pointer@XPAX@@YAPAXPDSAXQAX@Z 00405e20 f i libvcruntimed:winapi_downlevel.obj
 0001:00004e30       ??$__crt_interlocked_read_pointer@UHINSTANCE__@@@@YAPAUHINSTANCE__@@PDSAU0@@Z 00405e30 f i libvcruntimed:winapi_downlevel.obj
 0001:00004e50       ??$__crt_interlocked_read_pointer@X@@YAPAXPDSAX@Z 00405e50 f i libvcruntimed:winapi_downlevel.obj
 0001:00004e70       ?__crt_fast_encode_pointer@@YA?AU__crt_fast_encoded_nullptr_t@@$$T@Z 00405e70 f i libvcruntimed:winapi_downlevel.obj
 0001:00005270       ___vcrt_FlsAlloc           00406270 f   libvcruntimed:winapi_downlevel.obj
 0001:000052b0       ___vcrt_FlsFree            004062b0 f   libvcruntimed:winapi_downlevel.obj
 0001:000052f0       ___vcrt_FlsGetValue        004062f0 f   libvcruntimed:winapi_downlevel.obj
 0001:00005330       ___vcrt_FlsSetValue        00406330 f   libvcruntimed:winapi_downlevel.obj
 0001:00005380       ___vcrt_InitializeCriticalSectionEx 00406380 f   libvcruntimed:winapi_downlevel.obj
 0001:000053d0       ___vcrt_initialize_winapi_thunks 004063d0 f   libvcruntimed:winapi_downlevel.obj
 0001:00005430       ___vcrt_uninitialize_winapi_thunks 00406430 f   libvcruntimed:winapi_downlevel.obj
 0001:000054a0       ??$?B$$A6AXXZ@__crt_fast_encoded_nullptr_t@@QBEP6AXXZXZ 004064a0 f i libvcruntimed:purevirt_data.obj
 0001:000054c0       ??$__crt_fast_encode_pointer@P6AXXZ@@YAP6AXXZQ6AXXZ@Z 004064c0 f i libvcruntimed:purevirt_data.obj
 0001:000054f0       ___vcrt_initialize_pure_virtual_call_handler 004064f0 f   libvcruntimed:purevirt_data.obj
 0001:00005520       ??$__vcrt_va_start_verify_argument_type@QBD@@YAXXZ 00406520 f i libvcruntimed:undname.obj
 0001:00005530       ??0Block@_HeapManager@@QAE@XZ 00406530 f i libvcruntimed:undname.obj
 0001:00005550       ??0DName@@QAE@AAPBDD@Z     00406550 f   libvcruntimed:undname.obj
 0001:00005780       ??0DName@@QAE@ABV0@@Z      00406780 f i libvcruntimed:undname.obj
 0001:000057b0       ??0DName@@QAE@D@Z          004067b0 f   libvcruntimed:undname.obj
 0001:000057f0       ??0DName@@QAE@PAV0@@Z      004067f0 f   libvcruntimed:undname.obj
 0001:000058a0       ??0DName@@QAE@PBD@Z        004068a0 f   libvcruntimed:undname.obj
 0001:000058f0       ??0DName@@QAE@W4DNameStatus@@@Z 004068f0 f   libvcruntimed:undname.obj
 0001:00005990       ??0DName@@QAE@XZ           00406990 f i libvcruntimed:undname.obj
 0001:000059c0       ??0DName@@QAE@_J@Z         004069c0 f   libvcruntimed:undname.obj
 0001:00005ab0       ??0DName@@QAE@_K@Z         00406ab0 f   libvcruntimed:undname.obj
 0001:00005b60       ??0DNameNode@@IAE@XZ       00406b60 f   libvcruntimed:undname.obj
 0001:00005b80       ??0DNameStatusNode@@AAE@W4DNameStatus@@@Z 00406b80 f   libvcruntimed:undname.obj
 0001:00005bd0       ??0Replicator@@QAE@XZ      00406bd0 f i libvcruntimed:undname.obj
 0001:00005bf0       ??0UnDecorator@@QAE@PADPBDHP6APADJ@ZK@Z 00406bf0 f i libvcruntimed:undname.obj
 0001:00005c90       ??0charNode@@QAE@D@Z       00406c90 f   libvcruntimed:undname.obj
 0001:00005cc0       ??0pDNameNode@@QAE@PAVDName@@@Z 00406cc0 f   libvcruntimed:undname.obj
 0001:00005d20       ??0pairNode@@QAE@PAVDNameNode@@0@Z 00406d20 f   libvcruntimed:undname.obj
 0001:00005d60       ??0pcharNode@@QAE@PBDH@Z   00406d60 f   libvcruntimed:undname.obj
 0001:00005e00       ??2@YAPAXIAAV_HeapManager@@H@Z 00406e00 f i libvcruntimed:undname.obj
 0001:00005e20       ??4DName@@QAEAAV0@ABV0@@Z  00406e20 f   libvcruntimed:undname.obj
 0001:00005e50       ??4DName@@QAEAAV0@D@Z      00406e50 f i libvcruntimed:undname.obj
 0001:00005e90       ??4DName@@QAEAAV0@PAV0@@Z  00406e90 f   libvcruntimed:undname.obj
 0001:00005f30       ??4DName@@QAEAAV0@PBD@Z    00406f30 f   libvcruntimed:undname.obj
 0001:00005f70       ??4DName@@QAEAAV0@W4DNameStatus@@@Z 00406f70 f   libvcruntimed:undname.obj
 0001:00005ff0       ??AReplicator@@QBE?AVDName@@H@Z 00406ff0 f   libvcruntimed:undname.obj
 0001:00006060       ??BUnDecorator@@QAEPADXZ   00407060 f i libvcruntimed:undname.obj
 0001:00006310       ??H@YA?AVDName@@DABV0@@Z   00407310 f i libvcruntimed:undname.obj
 0001:00006340       ??H@YA?AVDName@@PBDABV0@@Z 00407340 f i libvcruntimed:undname.obj
 0001:00006370       ??H@YA?AVDName@@W4DNameStatus@@ABV0@@Z 00407370 f i libvcruntimed:undname.obj
 0001:000063a0       ??HDName@@QBE?AV0@ABV0@@Z  004073a0 f   libvcruntimed:undname.obj
 0001:000063e0       ??HDName@@QBE?AV0@D@Z      004073e0 f   libvcruntimed:undname.obj
 0001:00006420       ??HDName@@QBE?AV0@PAV0@@Z  00407420 f   libvcruntimed:undname.obj
 0001:00006460       ??HDName@@QBE?AV0@PBD@Z    00407460 f   libvcruntimed:undname.obj
 0001:000064a0       ??HDName@@QBE?AV0@W4DNameStatus@@@Z 004074a0 f   libvcruntimed:undname.obj
 0001:000064e0       ??YDName@@QAEAAV0@ABV0@@Z  004074e0 f   libvcruntimed:undname.obj
 0001:00006550       ??YDName@@QAEAAV0@D@Z      00407550 f   libvcruntimed:undname.obj
 0001:000065d0       ??YDName@@QAEAAV0@PAV0@@Z  004075d0 f   libvcruntimed:undname.obj
 0001:00006680       ??YDName@@QAEAAV0@PBD@Z    00407680 f   libvcruntimed:undname.obj
 0001:00006720       ??YDName@@QAEAAV0@W4DNameStatus@@@Z 00407720 f   libvcruntimed:undname.obj
 0001:00006780       ??YReplicator@@QAEAAV0@ABVDName@@@Z 00407780 f   libvcruntimed:undname.obj
 0001:00006810       ??_5DName@@QAEAAV0@ABV0@@Z 00407810 f   libvcruntimed:undname.obj
 0001:00006870       ?Constructor@_HeapManager@@QAEXP6APAXI@ZP6AXPAX@Z@Z 00407870 f i libvcruntimed:undname.obj
 0001:000068b0       ?Destructor@_HeapManager@@QAEXXZ 004078b0 f i libvcruntimed:undname.obj
 0001:00006910       ?UScore@UnDecorator@@SAPBDW4Tokens@@@Z 00407910 f   libvcruntimed:undname.obj
 0001:00006940       ?append@DName@@AAEXPAVDNameNode@@@Z 00407940 f   libvcruntimed:undname.obj
 0001:000069d0       ?composeDeclaration@UnDecorator@@CA?AVDName@@ABV2@@Z 004079d0 f i libvcruntimed:undname.obj
 0001:00008660       ?dbGetString@DName@@QBEPADXZ 00409660 f   libvcruntimed:undname.obj
 0001:00008680       ?doAccessSpecifiers@UnDecorator@@SAHXZ 00409680 f i libvcruntimed:undname.obj
 0001:000086b0       ?doAllocationLanguage@UnDecorator@@SAHXZ 004096b0 f i libvcruntimed:undname.obj
 0001:000086e0       ?doAllocationModel@UnDecorator@@SAHXZ 004096e0 f i libvcruntimed:undname.obj
 0001:00008710       ?doEcsu@UnDecorator@@SAHXZ 00409710 f i libvcruntimed:undname.obj
 0001:00008740       ?doEllipsis@UnDecorator@@SAHXZ 00409740 f i libvcruntimed:undname.obj
 0001:00008770       ?doFunctionReturns@UnDecorator@@SAHXZ 00409770 f i libvcruntimed:undname.obj
 0001:000087a0       ?doMSKeywords@UnDecorator@@SAHXZ 004097a0 f i libvcruntimed:undname.obj
 0001:000087d0       ?doMemberTypes@UnDecorator@@SAHXZ 004097d0 f i libvcruntimed:undname.obj
 0001:00008800       ?doNameOnly@UnDecorator@@SAHXZ 00409800 f i libvcruntimed:undname.obj
 0001:00008810       ?doNoIdentCharCheck@UnDecorator@@SAHXZ 00409810 f i libvcruntimed:undname.obj
 0001:00008820       ?doPchar@DName@@AAEXPBDH@Z 00409820 f   libvcruntimed:undname.obj
 0001:00008960       ?doPtr64@UnDecorator@@SAHXZ 00409960 f i libvcruntimed:undname.obj
 0001:00008990       ?doRestrictionSpec@UnDecorator@@SAHXZ 00409990 f i libvcruntimed:undname.obj
 0001:000089c0       ?doThisTypes@UnDecorator@@SAHXZ 004099c0 f i libvcruntimed:undname.obj
 0001:000089f0       ?doThrowTypes@UnDecorator@@SAHXZ 004099f0 f i libvcruntimed:undname.obj
 0001:00008a20       ?doTypeOnly@UnDecorator@@SAHXZ 00409a20 f i libvcruntimed:undname.obj
 0001:00008a30       ?doUnderScore@UnDecorator@@SAHXZ 00409a30 f i libvcruntimed:undname.obj
 0001:00008a60       ?getArgumentList@UnDecorator@@CA?AVDName@@XZ 00409a60 f   libvcruntimed:undname.obj
 0001:00008bb0       ?getArgumentTypes@UnDecorator@@CA?AVDName@@XZ 00409bb0 f   libvcruntimed:undname.obj
 0001:00008d10       ?getArrayType@UnDecorator@@CA?AVDName@@ABV2@@Z 00409d10 f i libvcruntimed:undname.obj
 0001:00008f50       ?getBasedType@UnDecorator@@CA?AVDName@@XZ 00409f50 f   libvcruntimed:undname.obj
 0001:00009010       ?getBasicDataType@UnDecorator@@CA?AVDName@@ABV2@@Z 0040a010 f   libvcruntimed:undname.obj
 0001:00009600       ?getCallIndex@UnDecorator@@CA?AVDName@@XZ 0040a600 f i libvcruntimed:undname.obj
 0001:00009620       ?getCallingConvention@UnDecorator@@CA?AVDName@@XZ 0040a620 f   libvcruntimed:undname.obj
 0001:000097b0       ?getDataIndirectType@UnDecorator@@CA?AVDName@@ABV2@PBD0H@Z 0040a7b0 f   libvcruntimed:undname.obj
 0001:00009f70       ?getDataIndirectType@UnDecorator@@CA?AVDName@@XZ 0040af70 f i libvcruntimed:undname.obj
 0001:00009fb0       ?getDataType@UnDecorator@@CA?AVDName@@PAV2@@Z 0040afb0 f   libvcruntimed:undname.obj
 0001:0000a0d0       ?getDecoratedName@UnDecorator@@CA?AVDName@@XZ 0040b0d0 f   libvcruntimed:undname.obj
 0001:0000a3f0       ?getDimension@UnDecorator@@CA?AVDName@@_N@Z 0040b3f0 f   libvcruntimed:undname.obj
 0001:0000a6a0       ?getDispatchTarget@UnDecorator@@CA?AVDName@@XZ 0040b6a0 f   libvcruntimed:undname.obj
 0001:0000a740       ?getDisplacement@UnDecorator@@CA?AVDName@@XZ 0040b740 f i libvcruntimed:undname.obj
 0001:0000a760       ?getECSUDataType@UnDecorator@@CA?AVDName@@XZ 0040b760 f   libvcruntimed:undname.obj
 0001:0000a930       ?getECSUName@UnDecorator@@CA?AVDName@@XZ 0040b930 f i libvcruntimed:undname.obj
 0001:0000a950       ?getEnumType@UnDecorator@@CA?AVDName@@XZ 0040b950 f i libvcruntimed:undname.obj
 0001:0000aaa0       ?getExtendedDataIndirectType@UnDecorator@@CA?AVDName@@AAPBDAA_NH@Z 0040baa0 f   libvcruntimed:undname.obj
 0001:0000acf0       ?getExternalDataType@UnDecorator@@CA?AVDName@@ABV2@@Z 0040bcf0 f i libvcruntimed:undname.obj
 0001:0000ad80       ?getFunctionIndirectType@UnDecorator@@CA?AVDName@@ABV2@@Z 0040bd80 f   libvcruntimed:undname.obj
 0001:0000b210       ?getGuardNumber@UnDecorator@@CA?AVDName@@XZ 0040c210 f i libvcruntimed:undname.obj
 0001:0000b230       ?getLastChar@DName@@QBEDXZ 0040c230 f i libvcruntimed:undname.obj
 0001:0000b270       ?getLastChar@DNameStatusNode@@UBEDXZ 0040c270 f i libvcruntimed:undname.obj
 0001:0000b2a0       ?getLastChar@charNode@@UBEDXZ 0040c2a0 f i libvcruntimed:undname.obj
 0001:0000b2c0       ?getLastChar@pDNameNode@@UBEDXZ 0040c2c0 f i libvcruntimed:undname.obj
 0001:0000b2f0       ?getLastChar@pairNode@@UBEDXZ 0040c2f0 f i libvcruntimed:undname.obj
 0001:0000b360       ?getLastChar@pcharNode@@UBEDXZ 0040c360 f i libvcruntimed:undname.obj
 0001:0000b3a0       ?getLexicalFrame@UnDecorator@@CA?AVDName@@XZ 0040c3a0 f i libvcruntimed:undname.obj
 0001:0000b3e0       ?getMemory@_HeapManager@@QAEPAXIH@Z 0040c3e0 f   libvcruntimed:undname.obj
 0001:0000b500       ?getNumberOfDimensions@UnDecorator@@CAHXZ 0040c500 f   libvcruntimed:undname.obj
 0001:0000b600       ?getOperatorName@UnDecorator@@CA?AVDName@@_NPA_N@Z 0040c600 f i libvcruntimed:undname.obj
 0001:0000c030       ?getPointerType@UnDecorator@@CA?AVDName@@ABV2@0@Z 0040d030 f i libvcruntimed:undname.obj
 0001:0000c060       ?getPointerTypeArray@UnDecorator@@CA?AVDName@@ABV2@0@Z 0040d060 f i libvcruntimed:undname.obj
 0001:0000c090       ?getPrimaryDataType@UnDecorator@@CA?AVDName@@ABV2@@Z 0040d090 f   libvcruntimed:undname.obj
 0001:0000c490       ?getPtrRefDataType@UnDecorator@@CA?AVDName@@ABV2@H@Z 0040d490 f   libvcruntimed:undname.obj
 0001:0000c6c0       ?getPtrRefType@UnDecorator@@CA?AVDName@@ABV2@0PBD@Z 0040d6c0 f   libvcruntimed:undname.obj
 0001:0000c830       ?getReferenceType@UnDecorator@@CA?AVDName@@ABV2@0PBD@Z 0040d830 f i libvcruntimed:undname.obj
 0001:0000c850       ?getRestrictionSpec@UnDecorator@@CA?AVDName@@XZ 0040d850 f   libvcruntimed:undname.obj
 0001:0000c9a0       ?getReturnType@UnDecorator@@CA?AVDName@@PAV2@@Z 0040d9a0 f   libvcruntimed:undname.obj
 0001:0000c9f0       ?getScope@UnDecorator@@CA?AVDName@@XZ 0040d9f0 f   libvcruntimed:undname.obj
 0001:0000cee0       ?getScopedName@UnDecorator@@CA?AVDName@@XZ 0040dee0 f   libvcruntimed:undname.obj
 0001:0000d000       ?getSignedDimension@UnDecorator@@CA?AVDName@@XZ 0040e000 f   libvcruntimed:undname.obj
 0001:0000d080       ?getStorageConvention@UnDecorator@@CA?AVDName@@XZ 0040e080 f i libvcruntimed:undname.obj
 0001:0000d0a0       ?getString@DName@@QBEPADPAD0@Z 0040e0a0 f i libvcruntimed:undname.obj
 0001:0000d0f0       ?getString@DName@@QBEPADPADH@Z 0040e0f0 f i libvcruntimed:undname.obj
 0001:0000d180       ?getString@DNameStatusNode@@UBEPADPAD0@Z 0040e180 f i libvcruntimed:undname.obj
 0001:0000d1c0       ?getString@charNode@@UBEPADPAD0@Z 0040e1c0 f i libvcruntimed:undname.obj
 0001:0000d1f0       ?getString@pDNameNode@@UBEPADPAD0@Z 0040e1f0 f i libvcruntimed:undname.obj
 0001:0000d230       ?getString@pairNode@@UBEPADPAD0@Z 0040e230 f i libvcruntimed:undname.obj
 0001:0000d2b0       ?getString@pcharNode@@UBEPADPAD0@Z 0040e2b0 f i libvcruntimed:undname.obj
 0001:0000d2e0       ?getStringEncoding@UnDecorator@@CA?AVDName@@PBDH@Z 0040e2e0 f   libvcruntimed:undname.obj
 0001:0000d3f0       ?getStringHelper@@YAPADPADPBD1H@Z 0040e3f0 f i libvcruntimed:undname.obj
 0001:0000d430       ?getSymbolName@UnDecorator@@CA?AVDName@@XZ 0040e430 f i libvcruntimed:undname.obj
 0001:0000d4c0       ?getTemplateArgumentList@UnDecorator@@CA?AVDName@@XZ 0040e4c0 f   libvcruntimed:undname.obj
 0001:0000d8b0       ?getTemplateConstant@UnDecorator@@CA?AVDName@@XZ 0040e8b0 f   libvcruntimed:undname.obj
 0001:0000de60       ?getTemplateName@UnDecorator@@CA?AVDName@@_N@Z 0040ee60 f   libvcruntimed:undname.obj
 0001:0000e030       ?getThisType@UnDecorator@@CA?AVDName@@XZ 0040f030 f i libvcruntimed:undname.obj
 0001:0000e070       ?getThrowTypes@UnDecorator@@CA?AVDName@@XZ 0040f070 f   libvcruntimed:undname.obj
 0001:0000e120       ?getTypeEncoding@UnDecorator@@CAHXZ 0040f120 f i libvcruntimed:undname.obj
 0001:0000eb60       ?getVCallThunkType@UnDecorator@@CA?AVDName@@XZ 0040fb60 f i libvcruntimed:undname.obj
 0001:0000ebc0       ?getVbTableType@UnDecorator@@CA?AVDName@@ABV2@@Z 0040fbc0 f i libvcruntimed:undname.obj
 0001:0000ebe0       ?getVdispMapType@UnDecorator@@CA?AVDName@@ABV2@@Z 0040fbe0 f i libvcruntimed:undname.obj
 0001:0000ec50       ?getVfTableType@UnDecorator@@CA?AVDName@@ABV2@@Z 0040fc50 f i libvcruntimed:undname.obj
 0001:0000ee10       ?getZName@UnDecorator@@CA?AVDName@@_N0@Z 0040fe10 f   libvcruntimed:undname.obj
 0001:0000f0e0       ?haveTemplateParameters@UnDecorator@@SAHXZ 004100e0 f i libvcruntimed:undname.obj
 0001:0000f0f0       ?isArray@DName@@QBEHXZ     004100f0 f i libvcruntimed:undname.obj
 0001:0000f110       ?isComArray@DName@@QBEHXZ  00410110 f i libvcruntimed:undname.obj
 0001:0000f130       ?isEmpty@DName@@QBEHXZ     00410130 f i libvcruntimed:undname.obj
 0001:0000f160       ?isFull@Replicator@@QBEHXZ 00410160 f i libvcruntimed:undname.obj
 0001:0000f190       ?isNoTE@DName@@QBEHXZ      00410190 f i libvcruntimed:undname.obj
 0001:0000f1b0       ?isPinPtr@DName@@QBEHXZ    004101b0 f i libvcruntimed:undname.obj
 0001:0000f1d0       ?isPtrRef@DName@@QBEHXZ    004101d0 f i libvcruntimed:undname.obj
 0001:0000f1f0       ?isUDC@DName@@QBEHXZ       004101f0 f i libvcruntimed:undname.obj
 0001:0000f230       ?isUDTThunk@DName@@QBEHXZ  00410230 f i libvcruntimed:undname.obj
 0001:0000f270       ?isVCallThunk@DName@@QBEHXZ 00410270 f i libvcruntimed:undname.obj
 0001:0000f290       ?isValid@DName@@QBEHXZ     00410290 f i libvcruntimed:undname.obj
 0001:0000f2d0       ?length@DName@@QBEHXZ      004102d0 f i libvcruntimed:undname.obj
 0001:0000f310       ?length@DNameStatusNode@@UBEHXZ 00410310 f i libvcruntimed:undname.obj
 0001:0000f330       ?length@charNode@@UBEHXZ   00410330 f i libvcruntimed:undname.obj
 0001:0000f340       ?length@pDNameNode@@UBEHXZ 00410340 f i libvcruntimed:undname.obj
 0001:0000f370       ?length@pairNode@@UBEHXZ   00410370 f i libvcruntimed:undname.obj
 0001:0000f3e0       ?length@pcharNode@@UBEHXZ  004103e0 f i libvcruntimed:undname.obj
 0001:0000f400       ?make@DNameStatusNode@@SAPAV1@W4DNameStatus@@@Z 00410400 f i libvcruntimed:undname.obj
 0001:0000f480       ?setIsArray@DName@@QAEXXZ  00410480 f i libvcruntimed:undname.obj
 0001:0000f4a0       ?setIsComArray@DName@@QAEXXZ 004104a0 f i libvcruntimed:undname.obj
 0001:0000f4c0       ?setIsNoTE@DName@@QAEXXZ   004104c0 f i libvcruntimed:undname.obj
 0001:0000f4e0       ?setIsPinPtr@DName@@QAEXXZ 004104e0 f i libvcruntimed:undname.obj
 0001:0000f500       ?setIsUDC@DName@@QAEXXZ    00410500 f i libvcruntimed:undname.obj
 0001:0000f530       ?setIsVCallThunk@DName@@QAEXXZ 00410530 f i libvcruntimed:undname.obj
 0001:0000f550       ?setPtrRef@DName@@QAEAAV1@XZ 00410550 f i libvcruntimed:undname.obj
 0001:0000f570       ?status@DName@@QBE?AW4DNameStatus@@XZ 00410570 f i libvcruntimed:undname.obj
 0001:0000f670       ___unDName                 00410670 f   libvcruntimed:undname.obj
 0001:0000f740       ___unDNameEx               00410740 f   libvcruntimed:undname.obj
 0001:0000f810       __vsprintf_s_l             00410810 f i libvcruntimed:undname.obj
 0001:0000f860       _sprintf_s                 00410860 f i libvcruntimed:undname.obj
 0001:0000f8a0       __global_unwind2           004108a0 f   libvcruntimed:_exsup_.obj
 0001:0000f905       __local_unwind2            00410905 f   libvcruntimed:_exsup_.obj
 0001:0000f989       __abnormal_termination     00410989 f   libvcruntimed:_exsup_.obj
 0001:0000f9ac       __NLG_Notify1              004109ac f   libvcruntimed:_exsup_.obj
 0001:0000f9b5       __NLG_Notify               004109b5 f   libvcruntimed:_exsup_.obj
 0001:0000f9cc       __NLG_Dispatch2            004109cc     libvcruntimed:_exsup_.obj
 0001:0000f9cc       __NLG_Dispatch             004109cc     libvcruntimed:_exsup_.obj
 0001:0000f9d4       __NLG_Call                 004109d4 f   libvcruntimed:_exsup_.obj
 0001:0000f9d6       __NLG_Return2              004109d6     libvcruntimed:_exsup_.obj
 0001:0000f9e0       ??$__crt_fast_decode_pointer@P6AXXZ@@YAP6AXXZQ6AXXZ@Z 004109e0 f i libvcruntimed:purevirt.obj
 0001:0000fa10       ??$__crt_interlocked_exchange_pointer@$$A6AXXZP6AXXZ@@YAP6AXXZPDS6AXXZQ6AXXZ@Z 00410a10 f i libvcruntimed:purevirt.obj
 0001:0000fa20       ??$__crt_interlocked_read_pointer@$$A6AXXZ@@YAP6AXXZPDS6AXXZ@Z 00410a20 f i libvcruntimed:purevirt.obj
 0001:0000fa40       __get_purecall_handler     00410a40 f   libvcruntimed:purevirt.obj
 0001:0000fa60       __purecall                 00410a60 f   libvcruntimed:purevirt.obj
 0001:0000fa90       __set_purecall_handler     00410a90 f   libvcruntimed:purevirt.obj
 0001:0000fac0       __errcode                  00410ac0 f   libucrtd:fpexcept.obj
 0001:0000fb30       __except1                  00410b30 f   libucrtd:fpexcept.obj
 0001:0000fc30       __except2                  00410c30 f   libucrtd:fpexcept.obj
 0001:0000fd90       __handle_exc               00410d90 f   libucrtd:fpexcept.obj
 0001:000100b0       __handle_qnan2             004110b0 f   libucrtd:fpexcept.obj
 0001:000100d0       __raise_exc                004110d0 f   libucrtd:fpexcept.obj
 0001:00010100       __raise_exc_ex             00411100 f   libucrtd:fpexcept.obj
 0001:00010680       __raise_excf               00411680 f   libucrtd:fpexcept.obj
 0001:000106b0       __set_errno_from_matherr   004116b0 f   libucrtd:fpexcept.obj
 0001:000106f0       __umatherr                 004116f0 f   libucrtd:fpexcept.obj
 0001:000107e0       __seh_filter_dll           004117e0 f   libucrtd:exception_filter.obj
 0001:00010810       __seh_filter_exe           00411810 f   libucrtd:exception_filter.obj
 0001:00010be0       ___acrt_report_runtime_error 00411be0 f   libucrtd:report_runtime_error.obj
 0001:00010dd0       __invoke_watson_if_error   00411dd0 f i libucrtd:report_runtime_error.obj
 0001:00010e00       __query_app_type           00411e00 f   libucrtd:report_runtime_error.obj
 0001:00010e10       __set_app_type             00411e10 f   libucrtd:report_runtime_error.obj
 0001:00010e20       ??$__crt_fast_decode_pointer@P6AHPAU_exception@@@Z@@YAP6AHPAU_exception@@@ZQ6AH0@Z@Z 00411e20 f i libucrtd:matherr.obj
 0001:00010e50       ??$__crt_fast_encode_pointer@P6AHPAU_exception@@@Z@@YAP6AHPAU_exception@@@ZQ6AH0@Z@Z 00411e50 f i libucrtd:matherr.obj
 0001:00010e80       ?get_current_state_index@__crt_state_management@@YAIXZ 00411e80 f i libucrtd:matherr.obj
 0001:00010e90       ?initialize@?$dual_state_global@P6AHPAU_exception@@@Z@__crt_state_management@@QAEXQ6AHPAU_exception@@@Z@Z 00411e90 f i libucrtd:matherr.obj
 0001:00010ed0       ?value@?$dual_state_global@P6AHPAU_exception@@@Z@__crt_state_management@@QAEAAP6AHPAU_exception@@@ZXZ 00411ed0 f i libucrtd:matherr.obj
 0001:00010ef0       ___acrt_has_user_matherr   00411ef0 f   libucrtd:matherr.obj
 0001:00010f30       ___acrt_initialize_user_matherr 00411f30 f   libucrtd:matherr.obj
 0001:00010f50       ___acrt_invoke_user_matherr 00411f50 f   libucrtd:matherr.obj
 0001:00010fb0       ___setusermatherr          00411fb0 f   libucrtd:matherr.obj
 0001:00010fe0       ??$?RE@__crt_internal_free_policy@@QBEXQBE@Z 00411fe0 f i libucrtd:argv_parsing.obj
 0001:00011000       ??$?RPAD@__crt_internal_free_policy@@QBEXQBQAD@Z 00412000 f i libucrtd:argv_parsing.obj
 0001:00011020       ??$?RPA_W@__crt_internal_free_policy@@QBEXQBQA_W@Z 00412020 f i libucrtd:argv_parsing.obj
 0001:00011580       ??$get_module_file_name@$$TAAY0BAF@DH@?$__crt_char_traits@D@@SAK$$QA$$TAAY0BAF@D$$QAH@Z 00412580 f i libucrtd:argv_parsing.obj
 0001:000115a0       ??$get_module_file_name@$$TAAY0BAF@_WH@?$__crt_char_traits@_W@@SAK$$QA$$TAAY0BAF@_W$$QAH@Z 004125a0 f i libucrtd:argv_parsing.obj
 0001:00011cc0       ??$set_program_name@PAD@?$__crt_char_traits@D@@SAX$$QAPAD@Z 00412cc0 f i libucrtd:argv_parsing.obj
 0001:00011ce0       ??$set_program_name@PA_W@?$__crt_char_traits@_W@@SAX$$QAPA_W@Z 00412ce0 f i libucrtd:argv_parsing.obj
 0001:00011d40       ??0?$__crt_unique_heap_ptr@EU__crt_internal_free_policy@@@@QAE@QAE@Z 00412d40 f i libucrtd:argv_parsing.obj
 0001:00011d60       ??0?$__crt_unique_heap_ptr@PADU__crt_internal_free_policy@@@@QAE@QAPAD@Z 00412d60 f i libucrtd:argv_parsing.obj
 0001:00011d80       ??0?$__crt_unique_heap_ptr@PA_WU__crt_internal_free_policy@@@@QAE@QAPA_W@Z 00412d80 f i libucrtd:argv_parsing.obj
 0001:00011da0       ??1?$__crt_unique_heap_ptr@EU__crt_internal_free_policy@@@@QAE@XZ 00412da0 f i libucrtd:argv_parsing.obj
 0001:00011dc0       ??1?$__crt_unique_heap_ptr@PADU__crt_internal_free_policy@@@@QAE@XZ 00412dc0 f i libucrtd:argv_parsing.obj
 0001:00011de0       ??1?$__crt_unique_heap_ptr@PA_WU__crt_internal_free_policy@@@@QAE@XZ 00412de0 f i libucrtd:argv_parsing.obj
 0001:00011e00       ??B?$__crt_unique_heap_ptr@EU__crt_internal_free_policy@@@@QBE_NXZ 00412e00 f i libucrtd:argv_parsing.obj
 0001:00011ec0       ?detach@?$__crt_unique_heap_ptr@EU__crt_internal_free_policy@@@@QAEPAEXZ 00412ec0 f i libucrtd:argv_parsing.obj
 0001:00011ef0       ?detach@?$__crt_unique_heap_ptr@PADU__crt_internal_free_policy@@@@QAEPAPADXZ 00412ef0 f i libucrtd:argv_parsing.obj
 0001:00011f20       ?detach@?$__crt_unique_heap_ptr@PA_WU__crt_internal_free_policy@@@@QAEPAPA_WXZ 00412f20 f i libucrtd:argv_parsing.obj
 0001:00011fb0       ?get@?$__crt_unique_heap_ptr@EU__crt_internal_free_policy@@@@QBEPAEXZ 00412fb0 f i libucrtd:argv_parsing.obj
 0001:00011fd0       ?get@?$__crt_unique_heap_ptr@PADU__crt_internal_free_policy@@@@QBEPAPADXZ 00412fd0 f i libucrtd:argv_parsing.obj
 0001:00011ff0       ?get@?$__crt_unique_heap_ptr@PA_WU__crt_internal_free_policy@@@@QBEPAPA_WXZ 00412ff0 f i libucrtd:argv_parsing.obj
 0001:00012010       ?get_address_of@?$__crt_unique_heap_ptr@PADU__crt_internal_free_policy@@@@QAEPAPAPADXZ 00413010 f i libucrtd:argv_parsing.obj
 0001:00012020       ?get_address_of@?$__crt_unique_heap_ptr@PA_WU__crt_internal_free_policy@@@@QAEPAPAPA_WXZ 00413020 f i libucrtd:argv_parsing.obj
 0001:00012070       ?is_valid@?$__crt_unique_heap_ptr@EU__crt_internal_free_policy@@@@QBE_NXZ 00413070 f i libucrtd:argv_parsing.obj
 0001:000120a0       ?release@?$__crt_unique_heap_ptr@EU__crt_internal_free_policy@@@@QAEXXZ 004130a0 f i libucrtd:argv_parsing.obj
 0001:000120d0       ?release@?$__crt_unique_heap_ptr@PADU__crt_internal_free_policy@@@@QAEXXZ 004130d0 f i libucrtd:argv_parsing.obj
 0001:00012100       ?release@?$__crt_unique_heap_ptr@PA_WU__crt_internal_free_policy@@@@QAEXXZ 00413100 f i libucrtd:argv_parsing.obj
 0001:00012170       ___acrt_allocate_buffer_for_argv 00413170 f   libucrtd:argv_parsing.obj
 0001:00012230       __configure_narrow_argv    00413230 f   libucrtd:argv_parsing.obj
 0001:00012250       __configure_wide_argv      00413250 f   libucrtd:argv_parsing.obj
 0001:00012270       __set_pgmptr               00413270 f i libucrtd:argv_parsing.obj
 0001:00012280       __set_wpgmptr              00413280 f i libucrtd:argv_parsing.obj
 0001:0001228f       ??$?R_W@__crt_internal_free_policy@@QBEXQB_W@Z 0041328f f i libucrtd:environment_initialization.obj
 0001:000126f0       ??$get_environment_from_os@$$V@?$__crt_char_traits@D@@SAPADXZ 004136f0 f i libucrtd:environment_initialization.obj
 0001:000126f5       ??$get_environment_from_os@$$V@?$__crt_char_traits@_W@@SAPA_WXZ 004136f5 f i libucrtd:environment_initialization.obj
 0001:00012816       ??$set_variable_in_environment_nolock@PADH@?$__crt_char_traits@D@@SAH$$QAPAD$$QAH@Z 00413816 f i libucrtd:environment_initialization.obj
 0001:0001282e       ??$set_variable_in_environment_nolock@PA_WH@?$__crt_char_traits@_W@@SAH$$QAPA_W$$QAH@Z 0041382e f i libucrtd:environment_initialization.obj
 0001:00012846       ??$tcscpy_s@PADABIAAPAD@?$__crt_char_traits@D@@SAH$$QAPADABIAAPAD@Z 00413846 f i libucrtd:environment_initialization.obj
 0001:00012864       ??$tcscpy_s@PA_WABIAAPA_W@?$__crt_char_traits@_W@@SAH$$QAPA_WABIAAPA_W@Z 00413864 f i libucrtd:environment_initialization.obj
 0001:00012882       ??$tcslen@AAPAD@?$__crt_char_traits@D@@SAIAAPAD@Z 00413882 f i libucrtd:environment_initialization.obj
 0001:0001289a       ??$tcslen@AAPA_W@?$__crt_char_traits@_W@@SAIAAPA_W@Z 0041389a f i libucrtd:environment_initialization.obj
 0001:000128b8       ??$uninitialize@A6AXAAPAPAD@Z@?$dual_state_global@PAPAD@__crt_state_management@@QAEXA6AXAAPAPAD@Z@Z 004138b8 f i libucrtd:environment_initialization.obj
 0001:000128f8       ??$uninitialize@A6AXAAPAPA_W@Z@?$dual_state_global@PAPA_W@__crt_state_management@@QAEXA6AXAAPAPA_W@Z@Z 004138f8 f i libucrtd:environment_initialization.obj
 0001:0001296e       ??0?$__crt_unique_heap_ptr@_WU__crt_internal_free_policy@@@@QAE@QA_W@Z 0041396e f i libucrtd:environment_initialization.obj
 0001:0001297e       ??1?$__crt_unique_heap_ptr@_WU__crt_internal_free_policy@@@@QAE@XZ 0041397e f i libucrtd:environment_initialization.obj
 0001:00012993       ??B?$__crt_unique_heap_ptr@PADU__crt_internal_free_policy@@@@QBE_NXZ 00413993 f i libucrtd:environment_initialization.obj
 0001:0001299a       ??B?$__crt_unique_heap_ptr@PA_WU__crt_internal_free_policy@@@@QBE_NXZ 0041399a f i libucrtd:environment_initialization.obj
 0001:000129a1       ??B?$__crt_unique_heap_ptr@_WU__crt_internal_free_policy@@@@QBE_NXZ 004139a1 f i libucrtd:environment_initialization.obj
 0001:000129a8       ?__crt_compute_required_transform_buffer_count@@YAIIQBD@Z 004139a8 f i libucrtd:environment_initialization.obj
 0001:000129c2       ?__crt_compute_required_transform_buffer_count@@YAIIQB_W@Z 004139c2 f i libucrtd:environment_initialization.obj
 0001:000129de       ?__crt_transform_string@@YAIIQBDQA_WI@Z 004139de f i libucrtd:environment_initialization.obj
 0001:000129fb       ?__crt_transform_string@@YAIIQB_WQADI@Z 004139fb f i libucrtd:environment_initialization.obj
 0001:00012a1b       ?detach@?$__crt_unique_heap_ptr@DU__crt_internal_free_policy@@@@QAEPADXZ 00413a1b f i libucrtd:environment_initialization.obj
 0001:00012a21       ?detach@?$__crt_unique_heap_ptr@_WU__crt_internal_free_policy@@@@QAEPA_WXZ 00413a21 f i libucrtd:environment_initialization.obj
 0001:00012a27       ?get@?$__crt_unique_heap_ptr@_WU__crt_internal_free_policy@@@@QBEPA_WXZ 00413a27 f i libucrtd:environment_initialization.obj
 0001:00012a4e       ?initialize@?$dual_state_global@PAPAD@__crt_state_management@@QAEXQAPAD@Z 00413a4e f i libucrtd:environment_initialization.obj
 0001:00012a7f       ?initialize@?$dual_state_global@PAPA_W@__crt_state_management@@QAEXQAPA_W@Z 00413a7f f i libucrtd:environment_initialization.obj
 0001:00012ab0       ?is_valid@?$__crt_unique_heap_ptr@PADU__crt_internal_free_policy@@@@QBE_NXZ 00413ab0 f i libucrtd:environment_initialization.obj
 0001:00012ab7       ?is_valid@?$__crt_unique_heap_ptr@PA_WU__crt_internal_free_policy@@@@QBE_NXZ 00413ab7 f i libucrtd:environment_initialization.obj
 0001:00012abe       ?is_valid@?$__crt_unique_heap_ptr@_WU__crt_internal_free_policy@@@@QBE_NXZ 00413abe f i libucrtd:environment_initialization.obj
 0001:00012acb       ?release@?$__crt_unique_heap_ptr@_WU__crt_internal_free_policy@@@@QAEXXZ 00413acb f i libucrtd:environment_initialization.obj
 0001:00012ae0       ?value@?$dual_state_global@PAPAD@__crt_state_management@@QAEAAPAPADXZ 00413ae0 f i libucrtd:environment_initialization.obj
 0001:00012ae3       ?value@?$dual_state_global@PAPA_W@__crt_state_management@@QAEAAPAPA_WXZ 00413ae3 f i libucrtd:environment_initialization.obj
 0001:00012ae6       ___dcrt_get_or_create_narrow_environment_nolock 00413ae6 f   libucrtd:environment_initialization.obj
 0001:00012aeb       ___dcrt_get_or_create_wide_environment_nolock 00413aeb f   libucrtd:environment_initialization.obj
 0001:00012af0       ___dcrt_uninitialize_environments_nolock 00413af0 f   libucrtd:environment_initialization.obj
 0001:00012b27       ___p__environ              00413b27 f   libucrtd:environment_initialization.obj
 0001:00012b2d       ___p__wenviron             00413b2d f   libucrtd:environment_initialization.obj
 0001:00012b33       __get_initial_narrow_environment 00413b33 f   libucrtd:environment_initialization.obj
 0001:00012b47       __get_initial_wide_environment 00413b47 f   libucrtd:environment_initialization.obj
 0001:00012b5b       __initialize_narrow_environment 00413b5b f   libucrtd:environment_initialization.obj
 0001:00012b60       __initialize_wide_environment 00413b60 f   libucrtd:environment_initialization.obj
 0001:00012db0       __get_narrow_winmain_command_line 00413db0 f   libucrtd:argv_winmain.obj
 0001:00012dc0       __get_wide_winmain_command_line 00413dc0 f   libucrtd:argv_winmain.obj
 0001:00012dd0       __initterm                 00413dd0 f   libucrtd:initterm.obj
 0001:00012e30       __initterm_e               00413e30 f   libucrtd:initterm.obj
 0001:00012ea0       ??$?B$$A6GXPAXK0@Z@__crt_fast_encoded_nullptr_t@@QBEP6GXPAXK0@ZXZ 00413ea0 f i libucrtd:exit.obj
 0001:00012f80       ??$__crt_fast_decode_pointer@P6GXPAXK0@Z@@YAP6GXPAXK0@ZQ6GX0K0@Z@Z 00413f80 f i libucrtd:exit.obj
 0001:00012fb0       ??$__crt_fast_encode_pointer@P6GXPAXK0@Z@@YAP6GXPAXK0@ZQ6GX0K0@Z@Z 00413fb0 f i libucrtd:exit.obj
 0001:00012fe0       ??$__crt_get_proc_address@P6GXI@Z@@YAP6GXI@ZQAUHINSTANCE__@@QBD@Z 00413fe0 f i libucrtd:exit.obj
 0001:00013000       ??$__crt_interlocked_read@J@@YAJPDJ@Z 00414000 f i libucrtd:exit.obj
 0001:00013090       ??0?$__crt_unique_handle_t@U__crt_hmodule_traits@@@@QAE@QAUHINSTANCE__@@@Z 00414090 f i libucrtd:exit.obj
 0001:000130b0       ??1?$__crt_unique_handle_t@U__crt_hmodule_traits@@@@QAE@XZ 004140b0 f i libucrtd:exit.obj
 0001:00013280       ?__acrt_select_exit_lock@@YA?AW4__acrt_lock_id@@XZ 00414280 f i libucrtd:exit.obj
 0001:000132b0       ?close@?$__crt_unique_handle_t@U__crt_hmodule_traits@@@@QAEXXZ 004142b0 f i libucrtd:exit.obj
 0001:000132f0       ?close@__crt_hmodule_traits@@SA_NPAUHINSTANCE__@@@Z 004142f0 f i libucrtd:exit.obj
 0001:000133e0       ?get@?$__crt_unique_handle_t@U__crt_hmodule_traits@@@@QBEPAUHINSTANCE__@@XZ 004143e0 f i libucrtd:exit.obj
 0001:00013400       ?get_address_of@?$__crt_unique_handle_t@U__crt_hmodule_traits@@@@QAEPAPAUHINSTANCE__@@XZ 00414400 f i libucrtd:exit.obj
 0001:00013410       ?get_invalid_value@__crt_hmodule_traits@@SAPAUHINSTANCE__@@XZ 00414410 f i libucrtd:exit.obj
 0001:000135a0       __Exit                     004145a0 f   libucrtd:exit.obj
 0001:000135c0       ___acrt_initialize_thread_local_exit_callback 004145c0 f   libucrtd:exit.obj
 0001:000135d0       __c_exit                   004145d0 f   libucrtd:exit.obj
 0001:000135f0       __cexit                    004145f0 f   libucrtd:exit.obj
 0001:00013610       __exit                     00414610 f   libucrtd:exit.obj
 0001:00013630       __is_c_termination_complete 00414630 f   libucrtd:exit.obj
 0001:00013650       __register_thread_local_exe_atexit_callback 00414650 f   libucrtd:exit.obj
 0001:00013690       _exit                      00414690 f   libucrtd:exit.obj
 0001:000136b0       _quick_exit                004146b0 f   libucrtd:exit.obj
 0001:000136d0       ??$__crt_interlocked_read@H@@YAHPDH@Z 004146d0 f i libucrtd:setmode.obj
 0001:000136f0       ?value@?$dual_state_global@H@__crt_state_management@@QAEAAHXZ 004146f0 f i libucrtd:setmode.obj
 0001:00013710       __get_fmode                00414710 f   libucrtd:setmode.obj
 0001:000137b0       __set_fmode                004147b0 f   libucrtd:setmode.obj
 0001:00013860       __setmode                  00414860 f   libucrtd:setmode.obj
 0001:00013b20       __setmode_nolock           00414b20 f   libucrtd:setmode.obj
 0001:00013d50       ??$?RU__crt_locale_data@@@__crt_internal_free_policy@@QBEXQBU__crt_locale_data@@@Z 00414d50 f i libucrtd:wsetlocale.obj
 0001:00013d70       ??$?RU__crt_locale_pointers@@@__crt_internal_free_policy@@QBEXQBU__crt_locale_pointers@@@Z 00414d70 f i libucrtd:wsetlocale.obj
 0001:00013d90       ??$?RU__crt_multibyte_data@@@__crt_internal_free_policy@@QBEXQBU__crt_multibyte_data@@@Z 00414d90 f i libucrtd:wsetlocale.obj
 0001:00014160       ??$__vcrt_va_start_verify_argument_type@H@@YAXXZ 00415160 f i libucrtd:wsetlocale.obj
 0001:00014390       ??0?$__crt_unique_heap_ptr@U__crt_locale_data@@U__crt_internal_free_policy@@@@QAE@QAU__crt_locale_data@@@Z 00415390 f i libucrtd:wsetlocale.obj
 0001:000143b0       ??0?$__crt_unique_heap_ptr@U__crt_locale_pointers@@U__crt_internal_free_policy@@@@QAE@QAU__crt_locale_pointers@@@Z 004153b0 f i libucrtd:wsetlocale.obj
 0001:000143d0       ??0?$__crt_unique_heap_ptr@U__crt_multibyte_data@@U__crt_internal_free_policy@@@@QAE@QAU__crt_multibyte_data@@@Z 004153d0 f i libucrtd:wsetlocale.obj
 0001:000143f0       ??1?$__crt_unique_heap_ptr@U__crt_locale_data@@U__crt_internal_free_policy@@@@QAE@XZ 004153f0 f i libucrtd:wsetlocale.obj
 0001:00014410       ??1?$__crt_unique_heap_ptr@U__crt_locale_pointers@@U__crt_internal_free_policy@@@@QAE@XZ 00415410 f i libucrtd:wsetlocale.obj
 0001:00014430       ??1?$__crt_unique_heap_ptr@U__crt_multibyte_data@@U__crt_internal_free_policy@@@@QAE@XZ 00415430 f i libucrtd:wsetlocale.obj
 0001:00014450       ??B?$__crt_unique_heap_ptr@U__crt_locale_data@@U__crt_internal_free_policy@@@@QBE_NXZ 00415450 f i libucrtd:wsetlocale.obj
 0001:00014470       ??B?$__crt_unique_heap_ptr@U__crt_locale_pointers@@U__crt_internal_free_policy@@@@QBE_NXZ 00415470 f i libucrtd:wsetlocale.obj
 0001:00014490       ??B?$__crt_unique_heap_ptr@U__crt_multibyte_data@@U__crt_internal_free_policy@@@@QBE_NXZ 00415490 f i libucrtd:wsetlocale.obj
 0001:00014880       ?detach@?$__crt_unique_heap_ptr@U__crt_locale_data@@U__crt_internal_free_policy@@@@QAEPAU__crt_locale_data@@XZ 00415880 f i libucrtd:wsetlocale.obj
 0001:000148b0       ?detach@?$__crt_unique_heap_ptr@U__crt_locale_pointers@@U__crt_internal_free_policy@@@@QAEPAU__crt_locale_pointers@@XZ 004158b0 f i libucrtd:wsetlocale.obj
 0001:000148e0       ?detach@?$__crt_unique_heap_ptr@U__crt_multibyte_data@@U__crt_internal_free_policy@@@@QAEPAU__crt_multibyte_data@@XZ 004158e0 f i libucrtd:wsetlocale.obj
 0001:00014910       ?get@?$__crt_unique_heap_ptr@U__crt_locale_data@@U__crt_internal_free_policy@@@@QBEPAU__crt_locale_data@@XZ 00415910 f i libucrtd:wsetlocale.obj
 0001:00014930       ?get@?$__crt_unique_heap_ptr@U__crt_locale_pointers@@U__crt_internal_free_policy@@@@QBEPAU__crt_locale_pointers@@XZ 00415930 f i libucrtd:wsetlocale.obj
 0001:00014950       ?get@?$__crt_unique_heap_ptr@U__crt_multibyte_data@@U__crt_internal_free_policy@@@@QBEPAU__crt_multibyte_data@@XZ 00415950 f i libucrtd:wsetlocale.obj
 0001:00014970       ?is_valid@?$__crt_unique_heap_ptr@U__crt_locale_data@@U__crt_internal_free_policy@@@@QBE_NXZ 00415970 f i libucrtd:wsetlocale.obj
 0001:000149a0       ?is_valid@?$__crt_unique_heap_ptr@U__crt_locale_pointers@@U__crt_internal_free_policy@@@@QBE_NXZ 004159a0 f i libucrtd:wsetlocale.obj
 0001:000149d0       ?is_valid@?$__crt_unique_heap_ptr@U__crt_multibyte_data@@U__crt_internal_free_policy@@@@QBE_NXZ 004159d0 f i libucrtd:wsetlocale.obj
 0001:00014a00       ?release@?$__crt_unique_heap_ptr@U__crt_locale_data@@U__crt_internal_free_policy@@@@QAEXXZ 00415a00 f i libucrtd:wsetlocale.obj
 0001:00014a30       ?release@?$__crt_unique_heap_ptr@U__crt_locale_pointers@@U__crt_internal_free_policy@@@@QAEXXZ 00415a30 f i libucrtd:wsetlocale.obj
 0001:00014a60       ?release@?$__crt_unique_heap_ptr@U__crt_multibyte_data@@U__crt_internal_free_policy@@@@QAEXXZ 00415a60 f i libucrtd:wsetlocale.obj
 0001:00014a90       ?value@?$dual_state_global@PAU__crt_locale_data@@@__crt_state_management@@QAEAAPAU__crt_locale_data@@XZ 00415a90 f i libucrtd:wsetlocale.obj
 0001:00014ab0       ___acrt_copy_locale_name   00415ab0 f   libucrtd:wsetlocale.obj
 0001:00014b50       ___acrt_set_locale_changed 00415b50 f   libucrtd:wsetlocale.obj
 0001:00014b70       ___acrt_uninitialize_locale 00415b70 f   libucrtd:wsetlocale.obj
 0001:00014b90       ___lc_lctowcs              00415b90 f   libucrtd:wsetlocale.obj
 0001:00014c40       ___lc_wcstolc              00415c40 f   libucrtd:wsetlocale.obj
 0001:00014e60       __configthreadlocale       00415e60 f   libucrtd:wsetlocale.obj
 0001:00014fe0       __create_locale            00415fe0 f   libucrtd:wsetlocale.obj
 0001:00015050       __expandlocale             00416050 f   libucrtd:wsetlocale.obj
 0001:00015520       __free_locale              00416520 f   libucrtd:wsetlocale.obj
 0001:00015650       __get_current_locale       00416650 f   libucrtd:wsetlocale.obj
 0001:00015720       __wcreate_locale           00416720 f   libucrtd:wsetlocale.obj
 0001:00015960       __wcscats                  00416960 f   libucrtd:wsetlocale.obj
 0001:000159e0       __wsetlocale               004169e0 f   libucrtd:wsetlocale.obj
 0001:00016930       ?value@?$dual_state_global@J@__crt_state_management@@QAEAAJXZ 00417930 f i libucrtd:new_mode.obj
 0001:00016950       __query_new_mode           00417950 f   libucrtd:new_mode.obj
 0001:00016970       __set_new_mode             00417970 f   libucrtd:new_mode.obj
 0001:00016a10       ___p__commode              00417a10 f   libucrtd:ncommode.obj
 0001:00016a20       ??$?BP6AXXZ@__crt_fast_encoded_nullptr_t@@QBEPAP6AXXZXZ 00417a20 f i libucrtd:onexit.obj
 0001:00016a40       ??$?RP6AXXZ@__crt_internal_free_policy@@QBEXQBQ6AXXZ@Z 00417a40 f i libucrtd:onexit.obj
 0001:00016c00       ??$__crt_fast_encode_pointer@P6AHXZ@@YAP6AHXZQ6AHXZ@Z 00417c00 f i libucrtd:onexit.obj
 0001:00016d00       ??0?$__crt_unique_heap_ptr@P6AXXZU__crt_internal_free_policy@@@@QAE@QAP6AXXZ@Z 00417d00 f i libucrtd:onexit.obj
 0001:00016d20       ??1?$__crt_unique_heap_ptr@P6AXXZU__crt_internal_free_policy@@@@QAE@XZ 00417d20 f i libucrtd:onexit.obj
 0001:00016d40       ??1scoped_global_state_reset@__crt_state_management@@QAE@XZ 00417d40 f i libucrtd:onexit.obj
 0001:000171c0       ?detach@?$__crt_unique_heap_ptr@P6AXXZU__crt_internal_free_policy@@@@QAEPAP6AXXZXZ 004181c0 f i libucrtd:onexit.obj
 0001:000171f0       ?release@?$__crt_unique_heap_ptr@P6AXXZU__crt_internal_free_policy@@@@QAEXXZ 004181f0 f i libucrtd:onexit.obj
 0001:00017220       __crt_at_quick_exit        00418220 f   libucrtd:onexit.obj
 0001:00017240       __crt_atexit               00418240 f   libucrtd:onexit.obj
 0001:00017260       __execute_onexit_table     00418260 f   libucrtd:onexit.obj
 0001:00017290       __initialize_onexit_table  00418290 f   libucrtd:onexit.obj
 0001:000172f0       __register_onexit_function 004182f0 f   libucrtd:onexit.obj
 0001:000175b0       ?initialize@?$dual_state_global@PAU__crt_locale_data@@@__crt_state_management@@QAEXQAU__crt_locale_data@@@Z 004185b0 f i libucrtd:initialization.obj
 0001:000175f0       ___acrt_initialize         004185f0 f   libucrtd:initialization.obj
 0001:00017610       ___acrt_thread_attach      00418610 f   libucrtd:initialization.obj
 0001:00017630       ___acrt_thread_detach      00418630 f   libucrtd:initialization.obj
 0001:00017640       ___acrt_uninitialize       00418640 f   libucrtd:initialization.obj
 0001:00017660       ___acrt_uninitialize_critical 00418660 f   libucrtd:initialization.obj
 0001:00017680       __controlfp_s              00418680 f   libucrtd:contrlfp.obj
 0001:000177a0       __get_terminate            004187a0 f   libucrtd:terminate.obj
 0001:000177c0       _set_terminate             004187c0 f   libucrtd:terminate.obj
 0001:000177f0       _terminate                 004187f0 f   libucrtd:terminate.obj
 0001:00017890       ??0_LocaleUpdate@@QAE@QAU__crt_locale_pointers@@@Z 00418890 f i libucrtd:debug_heap.obj
 0001:00017970       ??1_LocaleUpdate@@QAE@XZ   00418970 f i libucrtd:debug_heap.obj
 0001:000179b0       ?GetLocaleT@_LocaleUpdate@@QAEPAU__crt_locale_pointers@@XZ 004189b0 f i libucrtd:debug_heap.obj
 0001:00019260       __CrtCheckMemory           0041a260 f   libucrtd:debug_heap.obj
 0001:000193f0       __CrtDoForAllClientObjects 0041a3f0 f   libucrtd:debug_heap.obj
 0001:00019550       __CrtDumpMemoryLeaks       0041a550 f   libucrtd:debug_heap.obj
 0001:000195f0       __CrtGetAllocHook          0041a5f0 f   libucrtd:debug_heap.obj
 0001:00019600       __CrtGetDumpClient         0041a600 f   libucrtd:debug_heap.obj
 0001:00019610       __CrtIsMemoryBlock         0041a610 f   libucrtd:debug_heap.obj
 0001:00019760       __CrtIsValidHeapPointer    0041a760 f   libucrtd:debug_heap.obj
 0001:00019790       __CrtIsValidPointer        0041a790 f   libucrtd:debug_heap.obj
 0001:000197c0       __CrtMemCheckpoint         0041a7c0 f   libucrtd:debug_heap.obj
 0001:000199f0       __CrtMemDifference         0041a9f0 f   libucrtd:debug_heap.obj
 0001:00019c60       __CrtMemDumpAllObjectsSince 0041ac60 f   libucrtd:debug_heap.obj
 0001:00019d00       __CrtMemDumpStatistics     0041ad00 f   libucrtd:debug_heap.obj
 0001:00019e30       __CrtReportBlockType       0041ae30 f   libucrtd:debug_heap.obj
 0001:00019e60       __CrtSetAllocHook          0041ae60 f   libucrtd:debug_heap.obj
 0001:00019e80       __CrtSetBreakAlloc         0041ae80 f   libucrtd:debug_heap.obj
 0001:00019ea0       __CrtSetDbgBlockType       0041aea0 f   libucrtd:debug_heap.obj
 0001:00019f80       __CrtSetDbgFlag            0041af80 f   libucrtd:debug_heap.obj
 0001:0001a0f0       __CrtSetDumpClient         0041b0f0 f   libucrtd:debug_heap.obj
 0001:0001a110       ___acrt_get_locale_data_prefix 0041b110 f i libucrtd:debug_heap.obj
 0001:0001a130       ___acrt_locale_changed     0041b130 f i libucrtd:debug_heap.obj
 0001:0001a160       ___p__crtBreakAlloc        0041b160 f   libucrtd:debug_heap.obj
 0001:0001a170       ___p__crtDbgFlag           0041b170 f   libucrtd:debug_heap.obj
 0001:0001a180       __aligned_free_dbg         0041b180 f   libucrtd:debug_heap.obj
 0001:0001a230       __aligned_malloc_dbg       0041b230 f   libucrtd:debug_heap.obj
 0001:0001a260       __aligned_msize_dbg        0041b260 f   libucrtd:debug_heap.obj
 0001:0001a390       __aligned_offset_malloc_dbg 0041b390 f   libucrtd:debug_heap.obj
 0001:0001a570       __aligned_offset_realloc_dbg 0041b570 f   libucrtd:debug_heap.obj
 0001:0001a880       __aligned_offset_recalloc_dbg 0041b880 f   libucrtd:debug_heap.obj
 0001:0001a940       __aligned_realloc_dbg      0041b940 f   libucrtd:debug_heap.obj
 0001:0001a970       __aligned_recalloc_dbg     0041b970 f   libucrtd:debug_heap.obj
 0001:0001a9a0       __calloc_dbg               0041b9a0 f   libucrtd:debug_heap.obj
 0001:0001aa10       __chvalidchk_l             0041ba10 f i libucrtd:debug_heap.obj
 0001:0001aa30       __expand_dbg               0041ba30 f   libucrtd:debug_heap.obj
 0001:0001ab60       __free_dbg                 0041bb60 f   libucrtd:debug_heap.obj
 0001:0001ac10       __invoke_watson_if_oneof   0041bc10 f i libucrtd:debug_heap.obj
 0001:0001ac50       __ischartype_l             0041bc50 f i libucrtd:debug_heap.obj
 0001:0001aca0       __malloc_dbg               0041bca0 f   libucrtd:debug_heap.obj
 0001:0001acc0       __msize_dbg                0041bcc0 f   libucrtd:debug_heap.obj
 0001:0001ae50       __realloc_dbg              0041be50 f   libucrtd:debug_heap.obj
 0001:0001aef0       __recalloc_dbg             0041bef0 f   libucrtd:debug_heap.obj
 0001:0001b2b0       _strcpy_s                  0041c2b0 f   libucrtd:strcpy_s.obj
 0001:0001b2d0       _strcmp                    0041c2d0 f   libucrtd:strcmp.obj
 0001:0001b360       _strlen                    0041c360 f   libucrtd:strlen.obj
 0001:0001b3f0       __set_abort_behavior       0041c3f0 f   libucrtd:abort.obj
 0001:0001b420       _abort                     0041c420 f   libucrtd:abort.obj
 0001:0001b490       ??$?RU?$__crt_report_hook_node@D@@@__crt_internal_free_policy@@QBEXQBU?$__crt_report_hook_node@D@@@Z 0041c490 f i libucrtd:dbgrpt.obj
 0001:0001b4b0       ??$?RU?$__crt_report_hook_node@_W@@@__crt_internal_free_policy@@QBEXQBU?$__crt_report_hook_node@_W@@@Z 0041c4b0 f i libucrtd:dbgrpt.obj
 0001:0001b670       ??$__vcrt_va_start_verify_argument_type@QB_W@@YAXXZ 0041c670 f i libucrtd:dbgrpt.obj
 0001:0001c2b0       ??$get_module_file_name@AAPAUHINSTANCE__@@AAY0BAF@DK@?$__crt_char_traits@D@@SAKAAPAUHINSTANCE__@@AAY0BAF@D$$QAK@Z 0041d2b0 f i libucrtd:dbgrpt.obj
 0001:0001c2d0       ??$get_module_file_name@AAPAUHINSTANCE__@@AAY0BAF@_WK@?$__crt_char_traits@_W@@SAKAAPAUHINSTANCE__@@AAY0BAF@_W$$QAK@Z 0041d2d0 f i libucrtd:dbgrpt.obj
 0001:0001c2f0       ??$tcscpy_s@AAY0BAF@DIPBD@?$__crt_char_traits@D@@SAHAAY0BAF@D$$QAI$$QAPBD@Z 0041d2f0 f i libucrtd:dbgrpt.obj
 0001:0001c310       ??$tcscpy_s@AAY0BAF@_WIPB_W@?$__crt_char_traits@_W@@SAHAAY0BAF@_W$$QAI$$QAPB_W@Z 0041d310 f i libucrtd:dbgrpt.obj
 0001:0001c330       ??$tcslen@AAY0BAF@D@?$__crt_char_traits@D@@SAIAAY0BAF@D@Z 0041d330 f i libucrtd:dbgrpt.obj
 0001:0001c350       ??$tcslen@AAY0BAF@_W@?$__crt_char_traits@_W@@SAIAAY0BAF@_W@Z 0041d350 f i libucrtd:dbgrpt.obj
 0001:0001c370       ??$tcslen@ABQBD@?$__crt_char_traits@D@@SAIABQBD@Z 0041d370 f i libucrtd:dbgrpt.obj
 0001:0001c390       ??$tcslen@ABQB_W@?$__crt_char_traits@_W@@SAIABQB_W@Z 0041d390 f i libucrtd:dbgrpt.obj
 0001:0001c490       ??0?$__crt_unique_heap_ptr@U?$__crt_report_hook_node@D@@U__crt_internal_free_policy@@@@QAE@QAU?$__crt_report_hook_node@D@@@Z 0041d490 f i libucrtd:dbgrpt.obj
 0001:0001c4b0       ??0?$__crt_unique_heap_ptr@U?$__crt_report_hook_node@_W@@U__crt_internal_free_policy@@@@QAE@QAU?$__crt_report_hook_node@_W@@@Z 0041d4b0 f i libucrtd:dbgrpt.obj
 0001:0001c4d0       ??1?$__crt_unique_heap_ptr@U?$__crt_report_hook_node@D@@U__crt_internal_free_policy@@@@QAE@XZ 0041d4d0 f i libucrtd:dbgrpt.obj
 0001:0001c4f0       ??1?$__crt_unique_heap_ptr@U?$__crt_report_hook_node@_W@@U__crt_internal_free_policy@@@@QAE@XZ 0041d4f0 f i libucrtd:dbgrpt.obj
 0001:0001c510       ??B?$__crt_unique_heap_ptr@U?$__crt_report_hook_node@D@@U__crt_internal_free_policy@@@@QBE_NXZ 0041d510 f i libucrtd:dbgrpt.obj
 0001:0001c530       ??B?$__crt_unique_heap_ptr@U?$__crt_report_hook_node@_W@@U__crt_internal_free_policy@@@@QBE_NXZ 0041d530 f i libucrtd:dbgrpt.obj
 0001:0001ca70       ?detach@?$__crt_unique_heap_ptr@U?$__crt_report_hook_node@D@@U__crt_internal_free_policy@@@@QAEPAU?$__crt_report_hook_node@D@@XZ 0041da70 f i libucrtd:dbgrpt.obj
 0001:0001caa0       ?detach@?$__crt_unique_heap_ptr@U?$__crt_report_hook_node@_W@@U__crt_internal_free_policy@@@@QAEPAU?$__crt_report_hook_node@_W@@XZ 0041daa0 f i libucrtd:dbgrpt.obj
 0001:0001cad0       ?get@?$__crt_unique_heap_ptr@U?$__crt_report_hook_node@D@@U__crt_internal_free_policy@@@@QBEPAU?$__crt_report_hook_node@D@@XZ 0041dad0 f i libucrtd:dbgrpt.obj
 0001:0001caf0       ?get@?$__crt_unique_heap_ptr@U?$__crt_report_hook_node@_W@@U__crt_internal_free_policy@@@@QBEPAU?$__crt_report_hook_node@_W@@XZ 0041daf0 f i libucrtd:dbgrpt.obj
 0001:0001cb70       ?is_valid@?$__crt_unique_heap_ptr@U?$__crt_report_hook_node@D@@U__crt_internal_free_policy@@@@QBE_NXZ 0041db70 f i libucrtd:dbgrpt.obj
 0001:0001cba0       ?is_valid@?$__crt_unique_heap_ptr@U?$__crt_report_hook_node@_W@@U__crt_internal_free_policy@@@@QBE_NXZ 0041dba0 f i libucrtd:dbgrpt.obj
 0001:0001cbd0       ?release@?$__crt_unique_heap_ptr@U?$__crt_report_hook_node@D@@U__crt_internal_free_policy@@@@QAEXXZ 0041dbd0 f i libucrtd:dbgrpt.obj
 0001:0001cc00       ?release@?$__crt_unique_heap_ptr@U?$__crt_report_hook_node@_W@@U__crt_internal_free_policy@@@@QAEXXZ 0041dc00 f i libucrtd:dbgrpt.obj
 0001:0001cc30       __CrtDbgReport             0041dc30 f   libucrtd:dbgrpt.obj
 0001:0001cc80       __CrtDbgReportW            0041dc80 f   libucrtd:dbgrpt.obj
 0001:0001ccd0       __CrtSetReportHook2        0041dcd0 f   libucrtd:dbgrpt.obj
 0001:0001ccf0       __CrtSetReportHookW2       0041dcf0 f   libucrtd:dbgrpt.obj
 0001:0001cd10       ___acrt_MessageWindowA     0041dd10 f   libucrtd:dbgrpt.obj
 0001:0001cd40       ___acrt_MessageWindowW     0041dd40 f   libucrtd:dbgrpt.obj
 0001:0001cd70       __snwprintf_s              0041dd70 f i libucrtd:dbgrpt.obj
 0001:0001cdc0       __vsnwprintf_s_l           0041ddc0 f i libucrtd:dbgrpt.obj
 0001:0001ce20       _wcsncmp                   0041de20 f   libucrtd:wcsncmp.obj
 0001:0001ce80       ??$?0ABV?$stream_output_adapter@D@__crt_stdio_output@@AB_KABQBDABQAU__crt_locale_pointers@@ABQAD@?$format_validation_base@DV?$stream_output_adapter@D@__crt_stdio_output@@@__crt_stdio_output@@IAE@ABV?$stream_output_adapter@D@1@AB_KABQBDABQAU__crt_locale_pointers@@ABQAD@Z 0041de80 f i libucrtd:output.obj
 0001:0001ceb0       ??$?0ABV?$stream_output_adapter@D@__crt_stdio_output@@AB_KABQBDABQAU__crt_locale_pointers@@ABQAD@?$positional_parameter_base@DV?$stream_output_adapter@D@__crt_stdio_output@@@__crt_stdio_output@@IAE@ABV?$stream_output_adapter@D@1@AB_KABQBDABQAU__crt_locale_pointers@@ABQAD@Z 0041deb0 f i libucrtd:output.obj
 0001:0001cf30       ??$?0ABV?$stream_output_adapter@D@__crt_stdio_output@@AB_KABQBDABQAU__crt_locale_pointers@@ABQAD@?$standard_base@DV?$stream_output_adapter@D@__crt_stdio_output@@@__crt_stdio_output@@IAE@ABV?$stream_output_adapter@D@1@AB_KABQBDABQAU__crt_locale_pointers@@ABQAD@Z 0041df30 f i libucrtd:output.obj
 0001:0001cf80       ??$?0ABV?$stream_output_adapter@_W@__crt_stdio_output@@AB_KABQB_WABQAU__crt_locale_pointers@@ABQAD@?$format_validation_base@_WV?$stream_output_adapter@_W@__crt_stdio_output@@@__crt_stdio_output@@IAE@ABV?$stream_output_adapter@_W@1@AB_KABQB_WABQAU__crt_locale_pointers@@ABQAD@Z 0041df80 f i libucrtd:output.obj
 0001:0001cfb0       ??$?0ABV?$stream_output_adapter@_W@__crt_stdio_output@@AB_KABQB_WABQAU__crt_locale_pointers@@ABQAD@?$positional_parameter_base@_WV?$stream_output_adapter@_W@__crt_stdio_output@@@__crt_stdio_output@@IAE@ABV?$stream_output_adapter@_W@1@AB_KABQB_WABQAU__crt_locale_pointers@@ABQAD@Z 0041dfb0 f i libucrtd:output.obj
 0001:0001d030       ??$?0ABV?$stream_output_adapter@_W@__crt_stdio_output@@AB_KABQB_WABQAU__crt_locale_pointers@@ABQAD@?$standard_base@_WV?$stream_output_adapter@_W@__crt_stdio_output@@@__crt_stdio_output@@IAE@ABV?$stream_output_adapter@_W@1@AB_KABQB_WABQAU__crt_locale_pointers@@ABQAD@Z 0041e030 f i libucrtd:output.obj
 0001:0001d080       ??$?0ABV?$string_output_adapter@D@__crt_stdio_output@@AB_KABQBDABQAU__crt_locale_pointers@@ABQAD@?$format_validation_base@DV?$string_output_adapter@D@__crt_stdio_output@@@__crt_stdio_output@@IAE@ABV?$string_output_adapter@D@1@AB_KABQBDABQAU__crt_locale_pointers@@ABQAD@Z 0041e080 f i libucrtd:output.obj
 0001:0001d0b0       ??$?0ABV?$string_output_adapter@D@__crt_stdio_output@@AB_KABQBDABQAU__crt_locale_pointers@@ABQAD@?$positional_parameter_base@DV?$string_output_adapter@D@__crt_stdio_output@@@__crt_stdio_output@@IAE@ABV?$string_output_adapter@D@1@AB_KABQBDABQAU__crt_locale_pointers@@ABQAD@Z 0041e0b0 f i libucrtd:output.obj
 0001:0001d130       ??$?0ABV?$string_output_adapter@D@__crt_stdio_output@@AB_KABQBDABQAU__crt_locale_pointers@@ABQAD@?$standard_base@DV?$string_output_adapter@D@__crt_stdio_output@@@__crt_stdio_output@@IAE@ABV?$string_output_adapter@D@1@AB_KABQBDABQAU__crt_locale_pointers@@ABQAD@Z 0041e130 f i libucrtd:output.obj
 0001:0001d180       ??$?0ABV?$string_output_adapter@_W@__crt_stdio_output@@AB_KABQB_WABQAU__crt_locale_pointers@@ABQAD@?$format_validation_base@_WV?$string_output_adapter@_W@__crt_stdio_output@@@__crt_stdio_output@@IAE@ABV?$string_output_adapter@_W@1@AB_KABQB_WABQAU__crt_locale_pointers@@ABQAD@Z 0041e180 f i libucrtd:output.obj
 0001:0001d1b0       ??$?0ABV?$string_output_adapter@_W@__crt_stdio_output@@AB_KABQB_WABQAU__crt_locale_pointers@@ABQAD@?$positional_parameter_base@_WV?$string_output_adapter@_W@__crt_stdio_output@@@__crt_stdio_output@@IAE@ABV?$string_output_adapter@_W@1@AB_KABQB_WABQAU__crt_locale_pointers@@ABQAD@Z 0041e1b0 f i libucrtd:output.obj
 0001:0001d230       ??$?0ABV?$string_output_adapter@_W@__crt_stdio_output@@AB_KABQB_WABQAU__crt_locale_pointers@@ABQAD@?$standard_base@_WV?$string_output_adapter@_W@__crt_stdio_output@@@__crt_stdio_output@@IAE@ABV?$string_output_adapter@_W@1@AB_KABQB_WABQAU__crt_locale_pointers@@ABQAD@Z 0041e230 f i libucrtd:output.obj
 0001:000204e0       ??$count@D@formatting_buffer@__crt_stdio_output@@QBEIXZ 004214e0 f i libucrtd:output.obj
 0001:00020520       ??$count@_W@formatting_buffer@__crt_stdio_output@@QBEIXZ 00421520 f i libucrtd:output.obj
 0001:00020560       ??$data@D@formatting_buffer@__crt_stdio_output@@QAEPADXZ 00421560 f i libucrtd:output.obj
 0001:000205a0       ??$data@_W@formatting_buffer@__crt_stdio_output@@QAEPA_WXZ 004215a0 f i libucrtd:output.obj
 0001:000205e0       ??$ensure_buffer_is_big_enough@D@formatting_buffer@__crt_stdio_output@@QAE_NI@Z 004215e0 f i libucrtd:output.obj
 0001:000206c0       ??$extract_argument_from_va_list@C_J@?$positional_parameter_base@DV?$stream_output_adapter@D@__crt_stdio_output@@@__crt_stdio_output@@IAE_NAA_J@Z 004216c0 f i libucrtd:output.obj
 0001:00020800       ??$extract_argument_from_va_list@C_J@?$positional_parameter_base@DV?$string_output_adapter@D@__crt_stdio_output@@@__crt_stdio_output@@IAE_NAA_J@Z 00421800 f i libucrtd:output.obj
 0001:00020940       ??$extract_argument_from_va_list@C_J@?$positional_parameter_base@_WV?$stream_output_adapter@_W@__crt_stdio_output@@@__crt_stdio_output@@IAE_NAA_J@Z 00421940 f i libucrtd:output.obj
 0001:00020a80       ??$extract_argument_from_va_list@C_J@?$positional_parameter_base@_WV?$string_output_adapter@_W@__crt_stdio_output@@@__crt_stdio_output@@IAE_NAA_J@Z 00421a80 f i libucrtd:output.obj
 0001:00020bc0       ??$extract_argument_from_va_list@C_J@?$standard_base@DV?$stream_output_adapter@D@__crt_stdio_output@@@__crt_stdio_output@@IAE_NAA_J@Z 00421bc0 f i libucrtd:output.obj
 0001:00020bf0       ??$extract_argument_from_va_list@C_J@?$standard_base@DV?$string_output_adapter@D@__crt_stdio_output@@@__crt_stdio_output@@IAE_NAA_J@Z 00421bf0 f i libucrtd:output.obj
 0001:00020c20       ??$extract_argument_from_va_list@C_J@?$standard_base@_WV?$stream_output_adapter@_W@__crt_stdio_output@@@__crt_stdio_output@@IAE_NAA_J@Z 00421c20 f i libucrtd:output.obj
 0001:00020c50       ??$extract_argument_from_va_list@C_J@?$standard_base@_WV?$string_output_adapter@_W@__crt_stdio_output@@@__crt_stdio_output@@IAE_NAA_J@Z 00421c50 f i libucrtd:output.obj
 0001:00020c80       ??$extract_argument_from_va_list@E_J@?$positional_parameter_base@DV?$stream_output_adapter@D@__crt_stdio_output@@@__crt_stdio_output@@IAE_NAA_J@Z 00421c80 f i libucrtd:output.obj
 0001:00020dc0       ??$extract_argument_from_va_list@E_J@?$positional_parameter_base@DV?$string_output_adapter@D@__crt_stdio_output@@@__crt_stdio_output@@IAE_NAA_J@Z 00421dc0 f i libucrtd:output.obj
 0001:00020f00       ??$extract_argument_from_va_list@E_J@?$positional_parameter_base@_WV?$stream_output_adapter@_W@__crt_stdio_output@@@__crt_stdio_output@@IAE_NAA_J@Z 00421f00 f i libucrtd:output.obj
 0001:00021040       ??$extract_argument_from_va_list@E_J@?$positional_parameter_base@_WV?$string_output_adapter@_W@__crt_stdio_output@@@__crt_stdio_output@@IAE_NAA_J@Z 00422040 f i libucrtd:output.obj
 0001:00021180       ??$extract_argument_from_va_list@E_J@?$standard_base@DV?$stream_output_adapter@D@__crt_stdio_output@@@__crt_stdio_output@@IAE_NAA_J@Z 00422180 f i libucrtd:output.obj
 0001:000211b0       ??$extract_argument_from_va_list@E_J@?$standard_base@DV?$string_output_adapter@D@__crt_stdio_output@@@__crt_stdio_output@@IAE_NAA_J@Z 004221b0 f i libucrtd:output.obj
 0001:000211e0       ??$extract_argument_from_va_list@E_J@?$standard_base@_WV?$stream_output_adapter@_W@__crt_stdio_output@@@__crt_stdio_output@@IAE_NAA_J@Z 004221e0 f i libucrtd:output.obj
 0001:00021210       ??$extract_argument_from_va_list@E_J@?$standard_base@_WV?$string_output_adapter@_W@__crt_stdio_output@@@__crt_stdio_output@@IAE_NAA_J@Z 00422210 f i libucrtd:output.obj
 0001:00021240       ??$extract_argument_from_va_list@F_J@?$positional_parameter_base@DV?$stream_output_adapter@D@__crt_stdio_output@@@__crt_stdio_output@@IAE_NAA_J@Z 00422240 f i libucrtd:output.obj
 0001:00021370       ??$extract_argument_from_va_list@F_J@?$positional_parameter_base@DV?$string_output_adapter@D@__crt_stdio_output@@@__crt_stdio_output@@IAE_NAA_J@Z 00422370 f i libucrtd:output.obj
 0001:000214a0       ??$extract_argument_from_va_list@F_J@?$positional_parameter_base@_WV?$stream_output_adapter@_W@__crt_stdio_output@@@__crt_stdio_output@@IAE_NAA_J@Z 004224a0 f i libucrtd:output.obj
 0001:000215d0       ??$extract_argument_from_va_list@F_J@?$positional_parameter_base@_WV?$string_output_adapter@_W@__crt_stdio_output@@@__crt_stdio_output@@IAE_NAA_J@Z 004225d0 f i libucrtd:output.obj
 0001:00021700       ??$extract_argument_from_va_list@F_J@?$standard_base@DV?$stream_output_adapter@D@__crt_stdio_output@@@__crt_stdio_output@@IAE_NAA_J@Z 00422700 f i libucrtd:output.obj
 0001:00021730       ??$extract_argument_from_va_list@F_J@?$standard_base@DV?$string_output_adapter@D@__crt_stdio_output@@@__crt_stdio_output@@IAE_NAA_J@Z 00422730 f i libucrtd:output.obj
[...]
 0002:0001b1b8       __sehtable$??$?RV<lambda_39c757ba59d6ac35fb053df21e15f225>@@AAV<lambda_0e8d296f2015d00575aaed1fd344af09>@@V<lambda_6437917bd4515e197deeccd168d5d84f>@@@?$__crt_seh_guarded_call@H@@QAEH$$QAV<lambda_39c757ba59d6ac35fb053df21e15f225>@@AAV<lambda_0e8d296f2015d00575aaed1fd344af09>@@$$QAV<lambda_6437917bd4515e197deeccd168d5d84f>@@@Z 0048e1b8     libucrtd:dbgrpt.obj
 0002:0001b1d8       __sehtable$??$?RV<lambda_80d7abc6eae2375db70be92ccaaf9b57>@@AAV<lambda_df52180bf14694d51fdefd82613e8f07>@@V<lambda_4fa1155033dff2042363dba4e2dc3802>@@@?$__crt_seh_guarded_call@H@@QAEH$$QAV<lambda_80d7abc6eae2375db70be92ccaaf9b57>@@AAV<lambda_df52180bf14694d51fdefd82613e8f07>@@$$QAV<lambda_4fa1155033dff2042363dba4e2dc3802>@@@Z 0048e1d8     libucrtd:output.obj
 0002:0001b1f8       __sehtable$??$?RV<lambda_75d23329f2fb3d02b2e1cf5509bb1caf>@@AAV<lambda_c4f131f91cb4ec00a5b0a26aa161b8b4>@@V<lambda_114dc79c86b00c313cb0b6b3b001aaf8>@@@?$__crt_seh_guarded_call@H@@QAEH$$QAV<lambda_75d23329f2fb3d02b2e1cf5509bb1caf>@@AAV<lambda_c4f131f91cb4ec00a5b0a26aa161b8b4>@@$$QAV<lambda_114dc79c86b00c313cb0b6b3b001aaf8>@@@Z 0048e1f8     libucrtd:output.obj
 0002:0001b218       __sehtable$??$?RV<lambda_cc35d49d909def412005bd38ddc96b77>@@AAV<lambda_d6a382b8dd98a6801a8abd6c28bdff2d>@@V<lambda_148068cfb9786d9714740654406e93d5>@@@?$__crt_seh_guarded_call@H@@QAEH$$QAV<lambda_cc35d49d909def412005bd38ddc96b77>@@AAV<lambda_d6a382b8dd98a6801a8abd6c28bdff2d>@@$$QAV<lambda_148068cfb9786d9714740654406e93d5>@@@Z 0048e218     libucrtd:output.obj
 0002:0001b238       __sehtable$??$?RV<lambda_b7f50223258ab9fcc98080d45d02b1a4>@@AAV<lambda_42506531d319a600ce771deb5a236a10>@@V<lambda_31f843250ba6188c6e1f35d2bec6db0e>@@@?$__crt_seh_guarded_call@H@@QAEH$$QAV<lambda_b7f50223258ab9fcc98080d45d02b1a4>@@AAV<lambda_42506531d319a600ce771deb5a236a10>@@$$QAV<lambda_31f843250ba6188c6e1f35d2bec6db0e>@@@Z 0048e238     libucrtd:output.obj
 0002:0001b258       __sehtable$??$?RV<lambda_3a2a6cca1b0f7007a3db339dcecd1562>@@AAV<lambda_e38011a3ba6e07c7dbcef4d549f26102>@@V<lambda_b2332a2b562101f3c3c34baab19e0511>@@@?$__crt_seh_guarded_call@H@@QAEH$$QAV<lambda_3a2a6cca1b0f7007a3db339dcecd1562>@@AAV<lambda_e38011a3ba6e07c7dbcef4d549f26102>@@$$QAV<lambda_b2332a2b562101f3c3c34baab19e0511>@@@Z 0048e258     libucrtd:output.obj
 0002:0001b278       __sehtable$??$?RV<lambda_b4329732a1a72698597872ef534ad66d>@@AAV<lambda_96392db5b14a27f72535a2156da24b09>@@V<lambda_0f47277b42e3e84c3311fed419af0b3c>@@@?$__crt_seh_guarded_call@H@@QAEH$$QAV<lambda_b4329732a1a72698597872ef534ad66d>@@AAV<lambda_96392db5b14a27f72535a2156da24b09>@@$$QAV<lambda_0f47277b42e3e84c3311fed419af0b3c>@@@Z 0048e278     libucrtd:output.obj
 0002:0001b298       __sehtable$___set_fpsr_sse2 0048e298     libucrtd:fpctrl.obj
 0002:0001b2b8       __sehtable$??$?RV<lambda_15ade71b0218206bbe3333a0c9b79046>@@AAV<lambda_da44e0f8b0f19ba52fefafb335991732>@@V<lambda_207f2d024fc103971653565357d6cd41>@@@?$__crt_seh_guarded_call@X@@QAEX$$QAV<lambda_15ade71b0218206bbe3333a0c9b79046>@@AAV<lambda_da44e0f8b0f19ba52fefafb335991732>@@$$QAV<lambda_207f2d024fc103971653565357d6cd41>@@@Z 0048e2b8     libucrtd:per_thread_data.obj
 0002:0001b2d8       __sehtable$??$?RV<lambda_a7e850c220f1c8d1e6efeecdedd162c6>@@AAV<lambda_46720907175c18b6c9d2717bc0d2d362>@@V<lambda_9048902d66e8d99359bc9897bbb930a8>@@@?$__crt_seh_guarded_call@X@@QAEX$$QAV<lambda_a7e850c220f1c8d1e6efeecdedd162c6>@@AAV<lambda_46720907175c18b6c9d2717bc0d2d362>@@$$QAV<lambda_9048902d66e8d99359bc9897bbb930a8>@@@Z 0048e2d8     libucrtd:per_thread_data.obj
 0002:0001b2f8       __sehtable$??$?RV<lambda_eb0e2b1d104b126d27395a74edba6f03>@@AAV<lambda_d51eb34c9f7d53dbc39f6b791b6a3e42>@@V<lambda_f7564ebddb1f0eaf818ab6f3eade8363>@@@?$__crt_seh_guarded_call@X@@QAEX$$QAV<lambda_eb0e2b1d104b126d27395a74edba6f03>@@AAV<lambda_d51eb34c9f7d53dbc39f6b791b6a3e42>@@$$QAV<lambda_f7564ebddb1f0eaf818ab6f3eade8363>@@@Z 0048e2f8     libucrtd:per_thread_data.obj
 0002:0001b318       __sehtable$??$?RV<lambda_6affb1475c98b40b75cdec977db92e3c>@@AAV<lambda_b8d4b9c228a6ecc3f80208dbb4b4a104>@@V<lambda_608742c3c92a14382c1684fc64f96c88>@@@?$__crt_seh_guarded_call@X@@QAEX$$QAV<lambda_6affb1475c98b40b75cdec977db92e3c>@@AAV<lambda_b8d4b9c228a6ecc3f80208dbb4b4a104>@@$$QAV<lambda_608742c3c92a14382c1684fc64f96c88>@@@Z 0048e318     libucrtd:per_thread_data.obj
 0002:0001b338       __sehtable$?update_thread_multibyte_data_internal@@YAPAU__crt_multibyte_data@@QAU__acrt_ptd@@QAU1@@Z 0048e338     libucrtd:mbctype.obj
 0002:0001b358       __sehtable$??$?RV<lambda_b5fb591949065c3fa449bad279e8c939>@@AAV<lambda_6c10a39a819b864ce80acc26b314dcd3>@@V<lambda_e567670a9eae49807d365f3e9c117712>@@@?$__crt_seh_guarded_call@X@@QAEX$$QAV<lambda_b5fb591949065c3fa449bad279e8c939>@@AAV<lambda_6c10a39a819b864ce80acc26b314dcd3>@@$$QAV<lambda_e567670a9eae49807d365f3e9c117712>@@@Z 0048e358     libucrtd:mbctype.obj
 0002:0001b378       __sehtable$__open_osfhandle 0048e378     libucrtd:osfinfo.obj
 0002:0001b398       __sehtable$__alloc_osfhnd  0048e398     libucrtd:osfinfo.obj
 0002:0001b3b8       __sehtable$___acrt_lowio_ensure_fh_exists 0048e3b8     libucrtd:osfinfo.obj
 0002:0001b3d8       __sehtable$___acrt_initialize_lowio 0048e3d8     libucrtd:ioinit.obj
 0002:0001b3f8       __sehtable$___acrt_update_thread_locale_data 0048e3f8     libucrtd:locale_refcounting.obj
 0002:0001b418       __sehtable$??$?RV<lambda_93797fb4802c957ba6a7f08e1250235b>@@AAV<lambda_1f3ce6bd48e0aa2e72a71c02eee379d3>@@V<lambda_56cae30c9364c9b6c15aeaac05d0418e>@@@?$__crt_seh_guarded_call@H@@QAEH$$QAV<lambda_93797fb4802c957ba6a7f08e1250235b>@@AAV<lambda_1f3ce6bd48e0aa2e72a71c02eee379d3>@@$$QAV<lambda_56cae30c9364c9b6c15aeaac05d0418e>@@@Z 0048e418     libucrtd:winapi_thunks.obj
 0002:0001b438       __sehtable$__query_new_handler 0048e438     libucrtd:new_handler.obj
 0002:0001b458       __sehtable$__set_new_handler 0048e458     libucrtd:new_handler.obj
 0002:0001b478       __sehtable$_signal         0048e478     libucrtd:signal.obj
 0002:0001b498       __sehtable$_raise          0048e498     libucrtd:signal.obj
 0002:0001b4b8       __sehtable$?ctrlevent_capture@@YGHK@Z 0048e4b8     libucrtd:signal.obj
 0002:0001b4d8       __sehtable$??$?RV<lambda_cbab9ec6f41b0180b23cc171c22676b0>@@AAV<lambda_44731a7d0e6d81c3e6aa82d741081786>@@V<lambda_4b292cb8dd18144e164572427af410ab>@@@?$__crt_seh_guarded_call@P6AXH@Z@@QAEP6AXH@Z$$QAV<lambda_cbab9ec6f41b0180b23cc171c22676b0>@@AAV<lambda_44731a7d0e6d81c3e6aa82d741081786>@@$$QAV<lambda_4b292cb8dd18144e164572427af410ab>@@@Z 0048e4d8     libucrtd:signal.obj
 0002:0001b4f8       __sehtable$__VCrtDbgReportA 0048e4f8     libucrtd:dbgrptt.obj
 0002:0001b520       __sehtable$__VCrtDbgReportW 0048e520     libucrtd:dbgrptt.obj
 0002:0001b548       __unwindtable$?fp_format_a@@YAHQBNPADIQADIH_NIQAU__crt_locale_pointers@@@Z 0048e548     libucrtd:cvt.obj
 0002:0001b550       __ehfuncinfo$?fp_format_a@@YAHQBNPADIQADIH_NIQAU__crt_locale_pointers@@@Z 0048e550     libucrtd:cvt.obj
 0002:0001b578       __sehtable$_fputwc         0048e578     libucrtd:fputwc.obj
 0002:0001b598       __sehtable$_fputc          0048e598     libucrtd:fputc.obj
 0002:0001b5b4       __unwindtable$?shortsort@@YAXPAD0IP6AHPBX1@Z@Z 0048e5b4     libucrtd:qsort.obj
 0002:0001b5bc       __ehfuncinfo$?shortsort@@YAXPAD0IP6AHPBX1@Z@Z 0048e5bc     libucrtd:qsort.obj
 0002:0001b5e0       __sehtable$??$?RV<lambda_2866be3712abc81a800a822484c830d8>@@AAV<lambda_39ca0ed439415581b5b15c265174cece>@@V<lambda_2b24c74d71094a6cd0cb82e44167d71b>@@@?$__crt_seh_guarded_call@X@@QAEX$$QAV<lambda_2866be3712abc81a800a822484c830d8>@@AAV<lambda_39ca0ed439415581b5b15c265174cece>@@$$QAV<lambda_2b24c74d71094a6cd0cb82e44167d71b>@@@Z 0048e5e0     libucrtd:fflush.obj
 0002:0001b600       __sehtable$??$?RV<lambda_2cc53f568c5a2bb6f192f930a45d44ea>@@AAV<lambda_ab61a845afdef5b7c387490eaf3616ee>@@V<lambda_c2ffc0b7726aa6be21d5f0026187e748>@@@?$__crt_seh_guarded_call@X@@QAEX$$QAV<lambda_2cc53f568c5a2bb6f192f930a45d44ea>@@AAV<lambda_ab61a845afdef5b7c387490eaf3616ee>@@$$QAV<lambda_c2ffc0b7726aa6be21d5f0026187e748>@@@Z 0048e600     libucrtd:fflush.obj
 0002:0001b620       __sehtable$??$?RV<lambda_6d20deecaf4856105ebacbad442d1079>@@AAV<lambda_9a32fed5bf61b6b509b2d3f6003082a1>@@V<lambda_63ea2239ed67c638ddbae41947fdf875>@@@?$__crt_seh_guarded_call@H@@QAEH$$QAV<lambda_6d20deecaf4856105ebacbad442d1079>@@AAV<lambda_9a32fed5bf61b6b509b2d3f6003082a1>@@$$QAV<lambda_63ea2239ed67c638ddbae41947fdf875>@@@Z 0048e620     libucrtd:fflush.obj
 0002:0001b63c       __unwindtable$?_wcstombs_l_helper@@YAIPADPB_WIPAU__crt_locale_pointers@@@Z 0048e63c     libucrtd:wcstombs.obj
 0002:0001b644       __ehfuncinfo$?_wcstombs_l_helper@@YAIPADPB_WIPAU__crt_locale_pointers@@@Z 0048e644     libucrtd:wcstombs.obj
 0002:0001b668       __sehtable$__fcloseall     0048e668     libucrtd:closeall.obj
 0002:0001b688       __sehtable$??$?RV<lambda_73934b50d04267ee15484ada9e51f93a>@@AAV<lambda_5533cddd4bda0037814beee657757329>@@V<lambda_505f522a38cc75b1e009910344c75d09>@@@?$__crt_seh_guarded_call@H@@QAEH$$QAV<lambda_73934b50d04267ee15484ada9e51f93a>@@AAV<lambda_5533cddd4bda0037814beee657757329>@@$$QAV<lambda_505f522a38cc75b1e009910344c75d09>@@@Z 0048e688     libucrtd:commit.obj
 0002:0001b6a8       __sehtable$__write         0048e6a8     libucrtd:write.obj
 0002:0001b6c8       __sehtable$??$common_lseek@J@@YAJHJH@Z 0048e6c8     libucrtd:lseek.obj
 0002:0001b6e8       __sehtable$??$common_lseek@_J@@YA_JH_JH@Z 0048e6e8     libucrtd:lseek.obj
 0002:0001b708       __sehtable$_fclose         0048e708     libucrtd:fclose.obj
 0002:0001b728       __sehtable$??$?RV<lambda_f828341fbe69b7c0d4c527b01f22877f>@@AAV<lambda_9e0b6ab72a5b3ae37ad997d08b519f50>@@V<lambda_f01deac0a8d65d6e0411edf7e0af5775>@@@?$__crt_seh_guarded_call@G@@QAEG$$QAV<lambda_f828341fbe69b7c0d4c527b01f22877f>@@AAV<lambda_9e0b6ab72a5b3ae37ad997d08b519f50>@@$$QAV<lambda_f01deac0a8d65d6e0411edf7e0af5775>@@@Z 0048e728     libucrtd:putwch.obj
 0002:0001b748       __sehtable$??$?RV<lambda_e683defbe2e5a27c42b5544acbb13393>@@AAV<lambda_4e7105787b7b0e0227fbf2b2d883fa65>@@V<lambda_80a887151cae997482d53eaa74bb832b>@@@?$__crt_seh_guarded_call@H@@QAEH$$QAV<lambda_e683defbe2e5a27c42b5544acbb13393>@@AAV<lambda_4e7105787b7b0e0227fbf2b2d883fa65>@@$$QAV<lambda_80a887151cae997482d53eaa74bb832b>@@@Z 0048e748     libucrtd:close.obj
 0002:0001b768       __sehtable$?__acrt_stdio_allocate_stream@@YA?AV__crt_stdio_stream@@XZ 0048e768     libucrtd:stream.obj
 0002:0001b788       __sehtable$__IsNonwritableInCurrentImage 0048e788     LIBCMTD:pesect.obj
 0002:0001b7a8       __sehtable$___FrameUnwindToState 0048e7a8     libvcruntimed:frame.obj
 0002:0001b7d0       __sehtable$?CallCatchBlock@@YAPAXPAUEHExceptionRecord@@PAUEHRegistrationNode@@PAU_CONTEXT@@PBU_s_FuncInfo@@PAXHK@Z 0048e7d0     libvcruntimed:frame.obj
 0002:0001b7f8       __sehtable$___BuildCatchObject 0048e7f8     libvcruntimed:frame.obj
 0002:0001b818       __sehtable$___DestructExceptionObject 0048e818     libvcruntimed:frame.obj
 0002:0001b834       __catchsym$?CallUnexpected@@YAXPBU_s_ESTypeList@@@Z$2 0048e834     libvcruntimed:frame.obj
 0002:0001b844       __unwindtable$?CallUnexpected@@YAXPBU_s_ESTypeList@@@Z 0048e844     libvcruntimed:frame.obj
 0002:0001b854       __tryblocktable$?CallUnexpected@@YAXPBU_s_ESTypeList@@@Z 0048e854     libvcruntimed:frame.obj
 0002:0001b868       __ehfuncinfo$?CallUnexpected@@YAXPBU_s_ESTypeList@@@Z 0048e868     libvcruntimed:frame.obj
 0002:0001b890       __sehtable$___BuildCatchObjectHelper 0048e890     libvcruntimed:frame.obj
 0002:0001bbc4       .idata$6                   0048ebc4     user32:USER32.dll
 0002:0001bbe0       .idata$6                   0048ebe0     gdi32:GDI32.dll
 0002:0001bbfc       .idata$6                   0048ebfc     winmm:WINMM.dll
 0002:0001bdf6       .idata$6                   0048edf6     kernel32:KERNEL32.dll
 0003:00000000       ?XInputGetState_@@3P6GKKPAU_XINPUT_STATE@@@ZA 00490000     win32_kfighter.obj
 0003:00000004       ?XInputSetState_@@3P6GKKPAU_XINPUT_VIBRATION@@@ZA 00490004     win32_kfighter.obj
 0003:00000030       ?__vcrt_flsindex@@3KA      00490030     libvcruntimed:per_thread_data.obj
 0003:00000050       __ctype_loc_style          00490050     libucrtd:wsetlocale.obj
 0003:00000054       ?__acrt_current_request_number@@3JA 00490054     libucrtd:debug_heap.obj
 0003:00000064       ?errno_no_memory@@3HA      00490064     libucrtd:errno.obj
 0003:00000068       ?doserrno_no_memory@@3KA   00490068     libucrtd:errno.obj
 0003:0000006c       ?__DAZ_ENABLED@?1??__set_fpsr_sse2@@9@9 0049006c     libucrtd:fpctrl.obj
 0003:00000070       ?__acrt_flsindex@@3KA      00490070     libucrtd:per_thread_data.obj
 0003:00000078       __mbctypes                 00490078     libucrtd:mbctype.obj
 0003:00000180       __mbcasemaps               00490180     libucrtd:mbctype.obj
 0003:00000280       ?__rgctypeflag@@3PADA      00490280     libucrtd:mbctype.obj
 0003:00000288       ?__rgcode_page_info@@3PAUcode_page_info@@A 00490288     libucrtd:mbctype.obj
 0003:00000700       ?global_msvcrt_heap_handle_cache@?1??__acrt_get_msvcrt_heap_handle@@9@4PAXA 00490700     libucrtd:free_base.obj
 0003:00000708       ?__acrt_debug_fill_threshold@@3IA 00490708     libucrtd:debug_fill_threshold.obj
 0003:000007d0       ?__dcrt_lowio_console_output_handle@@3PAXA 004907d0     libucrtd:initcon.obj
 0003:000008f0       ?xinputLoaded@@3_NA        004908f0     win32_kfighter.obj
 0003:000008f1       ?globalRunning@@3_NA       004908f1     win32_kfighter.obj
 0003:000008f2       ?globalPause@@3_NA         004908f2     win32_kfighter.obj
 0003:000008f8       ?performanceFrequency@@3_KA 004908f8     win32_kfighter.obj
 0003:00000900       ?globalBackBuffer@@3Uwin32OffscreenBuffer@@A 00490900     win32_kfighter.obj
 0003:00000940       _GS_ExceptionRecord        00490940     LIBCMTD:gs_report.obj
 0003:00000990       _GS_ContextRecord          00490990     LIBCMTD:gs_report.obj
 0003:00000c64       ?module_local_atexit_table@@3U_onexit_table_t@@A 00490c64     LIBCMTD:utility.obj
 0003:00000c70       ?module_local_at_quick_exit_table@@3U_onexit_table_t@@A 00490c70     LIBCMTD:utility.obj
 0003:00000c7c       ?module_local_atexit_table_initialized@@3_NA 00490c7c     LIBCMTD:utility.obj
 0003:00000c7d       ?is_initialized_as_dll@@3_NA 00490c7d     LIBCMTD:utility.obj
 0003:00000ca4       ?__vcrt_startup_thread_ptd@@3U__vcrt_ptd@@A 00490ca4     libvcruntimed:per_thread_data.obj
 0003:00000ccc       ___vcrt_lock_table         00490ccc     libvcruntimed:locks.obj
 0003:00000ce4       ___vcrt_locks_initialized  00490ce4     libvcruntimed:locks.obj
 0003:00000ce8       ?module_handles@@3PAPAUHINSTANCE__@@A 00490ce8     libvcruntimed:winapi_downlevel.obj
 0003:00000cf4       ?encoded_function_pointers@@3PAPAXA 00490cf4     libvcruntimed:winapi_downlevel.obj
 0003:00000d34       ?heap@@3V_HeapManager@@A   00490d34     libvcruntimed:undname.obj
 0003:00000d48       ?buf@?1??dbGetString@DName@@QBEPADXZ@4PADA 00490d48     libvcruntimed:undname.obj
 0003:00000dcc       ?__acrt_app_type@@3W4_crt_app_type@@A 00490dcc     libucrtd:report_runtime_error.obj
 0003:00000dd0       ?outmsg@?9??__acrt_report_runtime_error@@9@4PA_WA 00490dd0     libucrtd:report_runtime_error.obj
 0003:000013f8       ?user_matherr@@3V?$dual_state_global@P6AHPAU_exception@@@Z@__crt_state_management@@A 004913f8     libucrtd:matherr.obj
 0003:00001400       ?program_name@?1???$common_configure_argv@D@@YAHW4_crt_argv_mode@@@Z@4PADA 00491400     libucrtd:argv_parsing.obj
 0003:00001508       ?program_name@?1???$common_configure_argv@_W@@YAHW4_crt_argv_mode@@@Z@4PA_WA 00491508     libucrtd:argv_parsing.obj
 0003:00001724       ?empty_string@?1???$common_wincmdln@E@@YAPAEXZ@4PAEA 00491724     libucrtd:argv_winmain.obj
 0003:00001728       ?empty_string@?1???$common_wincmdln@_W@@YAPA_WXZ@4PA_WA 00491728     libucrtd:argv_winmain.obj
 0003:0000172c       ?c_termination_complete@@3JA 0049172c     libucrtd:exit.obj
 0003:00001730       ?thread_local_exit_callback_func@@3P6GXPAXK0@ZA 00491730     libucrtd:exit.obj
 0003:0000173c       ?__acrt_global_new_mode@@3V?$dual_state_global@J@__crt_state_management@@A 0049173c     libucrtd:new_mode.obj
 0003:0000175c       ?__acrt_first_block@@3PAU_CrtMemBlockHeader@@A 0049175c     libucrtd:debug_heap.obj
 0003:00001760       ?__acrt_last_block@@3PAU_CrtMemBlockHeader@@A 00491760     libucrtd:debug_heap.obj
 0003:00001764       ?__acrt_total_allocations@@3IA 00491764     libucrtd:debug_heap.obj
 0003:00001768       ?__acrt_current_allocations@@3IA 00491768     libucrtd:debug_heap.obj
 0003:0000176c       ?__acrt_max_allocations@@3IA 0049176c     libucrtd:debug_heap.obj
 0003:00001770       ?__acrt_check_frequency@@3IA 00491770     libucrtd:debug_heap.obj
 0003:00001774       ?__acrt_check_counter@@3IA 00491774     libucrtd:debug_heap.obj
 0003:0000177c       ?heap_validation_pending@@3_NA 0049177c     libucrtd:debug_heap.obj
 0003:00001780       ?__acrt_invalid_parameter_handler@@3V?$dual_state_global@P6AXPB_W00II@Z@__crt_state_management@@A 00491780     libucrtd:invalid_parameter.obj
 0003:00001784       ___acrt_error_mode         00491784     libucrtd:set_error_mode.obj
 0003:00001794       ?fSystemSet@@3HA           00491794     libucrtd:mbctype.obj
 0003:00001798       ?initialized@?1??__acrt_initialize_multibyte@@9@4_NA 00491798     libucrtd:mbctype.obj
 0003:000017b8       ?__acrt_lock_table@@3PAU_RTL_CRITICAL_SECTION@@A 004917b8     libucrtd:locks.obj
 0003:00001908       ?__acrt_locks_initialized@@3IA 00491908     libucrtd:locks.obj
 0003:0000190c       ?state_cache@?1???$get_cached_win_policy@Ubegin_thread_init_policy_properties@?1??__acrt_get_begin_thread_init_policy@@YA?AW4begin_thread_init_policy@@XZ@@@YA?AW4begin_thread_init_policy@@W4AppPolicyThreadInitializationType@@@Z@4JA 0049190c     libucrtd:win_policies.obj
 0003:00001910       ?state_cache@?1???$get_cached_win_policy@Udeveloper_information_policy_properties@?1??__acrt_get_developer_information_policy@@YA?AW4developer_information_policy@@XZ@@@YA?AW4developer_information_policy@@W4AppPolicyShowDeveloperDiagnostic@@@Z@4JA 00491910     libucrtd:win_policies.obj
 0003:00001914       ?state_cache@?1???$get_cached_win_policy@Uwindowing_model_policy_properties@?1??__acrt_get_windowing_model_policy@@YA?AW4windowing_model_policy@@XZ@@@YA?AW4windowing_model_policy@@W4AppPolicyWindowingModel@@@Z@4JA 00491914     libucrtd:win_policies.obj
 0003:00001b28       ?module_handles@@3PAPAUHINSTANCE__@@A 00491b28     libucrtd:winapi_thunks.obj
 0003:00001b78       ?encoded_function_pointers@@3PAPAXA 00491b78     libucrtd:winapi_thunks.obj
 0003:00001c00       ?static_enum_proc@?1??enum_system_locales_ex_nolock@@YAHQ6GHPA_WKJ@Z@Z@4P6GH0KJ@ZA 00491c00     libucrtd:winapi_thunks.obj
 0003:00001c10       ?__acrt_new_handler@@3V?$dual_state_global@P6AHI@Z@__crt_state_management@@A 00491c10     libucrtd:new_handler.obj
 0003:00001c14       ?console_ctrl_handler_installed@@3_NA 00491c14     libucrtd:signal.obj
 0003:00001c18       ?ctrlc_action@@3V?$dual_state_global@P6AXH@Z@__crt_state_management@@A 00491c18     libucrtd:signal.obj
 0003:00001c1c       ?ctrlbreak_action@@3V?$dual_state_global@P6AXH@Z@__crt_state_management@@A 00491c1c     libucrtd:signal.obj
 0003:00001c20       ?abort_action@@3V?$dual_state_global@P6AXH@Z@__crt_state_management@@A 00491c20     libucrtd:signal.obj
 0003:00001c24       ?term_action@@3V?$dual_state_global@P6AXH@Z@__crt_state_management@@A 00491c24     libucrtd:signal.obj
 0003:00001c48       ?enable_percent_n@@3IA     00491c48     libucrtd:printf_count_output.obj
 0003:00001c50       __pmatherr_set             00491c50     libucrtd:libm_error.obj
